Archive member included to satisfy reference by file (symbol)

c:/intelfpga_lite/18.1/nios2eds/bin/gnu/h-x86_64-mingw32/bin/../lib/gcc/nios2-elf/5.3.0/mno-hw-mul\libgcc.a(lib2-mul.o)
                              obj/default/hello_world_small.o (__mulsi3)
c:/intelfpga_lite/18.1/nios2eds/bin/gnu/h-x86_64-mingw32/bin/../lib/gcc/nios2-elf/5.3.0/../../../../../H-x86_64-mingw32/nios2-elf/lib/mno-hw-mul\libsmallc.a(lib_a-puts.o)
                              obj/default/hello_world_small.o (puts)
c:/intelfpga_lite/18.1/nios2eds/bin/gnu/h-x86_64-mingw32/bin/../lib/gcc/nios2-elf/5.3.0/../../../../../H-x86_64-mingw32/nios2-elf/lib/mno-hw-mul\libsmallc.a(lib_a-strlen.o)
                              c:/intelfpga_lite/18.1/nios2eds/bin/gnu/h-x86_64-mingw32/bin/../lib/gcc/nios2-elf/5.3.0/../../../../../H-x86_64-mingw32/nios2-elf/lib/mno-hw-mul\libsmallc.a(lib_a-puts.o) (strlen)
c:/intelfpga_lite/18.1/nios2eds/bin/gnu/h-x86_64-mingw32/bin/../lib/gcc/nios2-elf/5.3.0/../../../../../H-x86_64-mingw32/nios2-elf/lib/mno-hw-mul\libsmallc.a(lib_a-fvwrite_small_dev.o)
                              c:/intelfpga_lite/18.1/nios2eds/bin/gnu/h-x86_64-mingw32/bin/../lib/gcc/nios2-elf/5.3.0/../../../../../H-x86_64-mingw32/nios2-elf/lib/mno-hw-mul\libsmallc.a(lib_a-puts.o) (__sfvwrite_small_dev)
c:/intelfpga_lite/18.1/nios2eds/bin/gnu/h-x86_64-mingw32/bin/../lib/gcc/nios2-elf/5.3.0/../../../../../H-x86_64-mingw32/nios2-elf/lib/mno-hw-mul\libsmallc.a(lib_a-impure.o)
                              c:/intelfpga_lite/18.1/nios2eds/bin/gnu/h-x86_64-mingw32/bin/../lib/gcc/nios2-elf/5.3.0/../../../../../H-x86_64-mingw32/nios2-elf/lib/mno-hw-mul\libsmallc.a(lib_a-puts.o) (_impure_ptr)
c:/intelfpga_lite/18.1/nios2eds/bin/gnu/h-x86_64-mingw32/bin/../lib/gcc/nios2-elf/5.3.0/../../../../../H-x86_64-mingw32/nios2-elf/lib/mno-hw-mul\libsmallc.a(lib_a-writer.o)
                              c:/intelfpga_lite/18.1/nios2eds/bin/gnu/h-x86_64-mingw32/bin/../lib/gcc/nios2-elf/5.3.0/../../../../../H-x86_64-mingw32/nios2-elf/lib/mno-hw-mul\libsmallc.a(lib_a-fvwrite_small_dev.o) (_write_r)
c:/intelfpga_lite/18.1/nios2eds/bin/gnu/h-x86_64-mingw32/bin/../lib/gcc/nios2-elf/5.3.0/../../../../../H-x86_64-mingw32/nios2-elf/lib/mno-hw-mul\libsmallc.a(lib_a-int_errno.o)
                              c:/intelfpga_lite/18.1/nios2eds/bin/gnu/h-x86_64-mingw32/bin/../lib/gcc/nios2-elf/5.3.0/../../../../../H-x86_64-mingw32/nios2-elf/lib/mno-hw-mul\libsmallc.a(lib_a-writer.o) (errno)
../lab4_test_bsp/\libhal_bsp.a(alt_irq_register.o)
                              obj/default/hello_world_small.o (alt_irq_register)
../lab4_test_bsp/\libhal_bsp.a(alt_irq_vars.o)
                              ../lab4_test_bsp/\libhal_bsp.a(alt_irq_register.o) (alt_irq_active)
../lab4_test_bsp/\libhal_bsp.a(alt_load.o)
                              ../lab4_test_bsp//obj/HAL/src/crt0.o (alt_load)
../lab4_test_bsp/\libhal_bsp.a(alt_main.o)
                              ../lab4_test_bsp//obj/HAL/src/crt0.o (alt_main)
../lab4_test_bsp/\libhal_bsp.a(alt_printf.o)
                              obj/default/hello_world_small.o (alt_printf)
../lab4_test_bsp/\libhal_bsp.a(alt_putchar.o)
                              ../lab4_test_bsp/\libhal_bsp.a(alt_printf.o) (alt_putchar)
../lab4_test_bsp/\libhal_bsp.a(alt_write.o)
                              c:/intelfpga_lite/18.1/nios2eds/bin/gnu/h-x86_64-mingw32/bin/../lib/gcc/nios2-elf/5.3.0/../../../../../H-x86_64-mingw32/nios2-elf/lib/mno-hw-mul\libsmallc.a(lib_a-writer.o) (write)
../lab4_test_bsp/\libhal_bsp.a(alt_sys_init.o)
                              ../lab4_test_bsp/\libhal_bsp.a(alt_main.o) (alt_irq_init)
../lab4_test_bsp/\libhal_bsp.a(altera_avalon_jtag_uart_write.o)
                              ../lab4_test_bsp/\libhal_bsp.a(alt_putchar.o) (altera_avalon_jtag_uart_write)
../lab4_test_bsp/\libhal_bsp.a(altera_up_avalon_accelerometer_spi.o)
                              obj/default/hello_world_small.o (alt_up_accelerometer_spi_open_dev)
../lab4_test_bsp/\libhal_bsp.a(alt_dcache_flush_all.o)
                              ../lab4_test_bsp/\libhal_bsp.a(alt_load.o) (alt_dcache_flush_all)
../lab4_test_bsp/\libhal_bsp.a(alt_dev.o)
                              ../lab4_test_bsp/\libhal_bsp.a(alt_sys_init.o) (alt_dev_list)
../lab4_test_bsp/\libhal_bsp.a(alt_dev_llist_insert.o)
                              ../lab4_test_bsp/\libhal_bsp.a(alt_sys_init.o) (alt_dev_llist_insert)
../lab4_test_bsp/\libhal_bsp.a(alt_errno.o)
                              ../lab4_test_bsp/\libhal_bsp.a(alt_write.o) (alt_errno)
../lab4_test_bsp/\libhal_bsp.a(alt_find_dev.o)
                              ../lab4_test_bsp/\libhal_bsp.a(altera_up_avalon_accelerometer_spi.o) (alt_find_dev)
../lab4_test_bsp/\libhal_bsp.a(alt_icache_flush_all.o)
                              ../lab4_test_bsp/\libhal_bsp.a(alt_load.o) (alt_icache_flush_all)
../lab4_test_bsp/\libhal_bsp.a(alt_irq_entry.o)
                              ../lab4_test_bsp/\libhal_bsp.a(alt_irq_register.o) (alt_irq_entry)
../lab4_test_bsp/\libhal_bsp.a(alt_irq_handler.o)
                              ../lab4_test_bsp/\libhal_bsp.a(alt_irq_register.o) (alt_irq_handler)
../lab4_test_bsp/\libhal_bsp.a(altera_nios2_gen2_irq.o)
                              ../lab4_test_bsp/\libhal_bsp.a(alt_sys_init.o) (altera_nios2_gen2_irq_init)
../lab4_test_bsp/\libhal_bsp.a(alt_exception_entry.o)
                              ../lab4_test_bsp/\libhal_bsp.a(alt_irq_entry.o) (alt_exception)
../lab4_test_bsp/\libhal_bsp.a(alt_instruction_exception_entry.o)
                              ../lab4_test_bsp/\libhal_bsp.a(alt_exception_entry.o) (alt_instruction_exception_entry)
c:/intelfpga_lite/18.1/nios2eds/bin/gnu/h-x86_64-mingw32/bin/../lib/gcc/nios2-elf/5.3.0/../../../../../H-x86_64-mingw32/nios2-elf/lib/mno-hw-mul\libsmallc.a(lib_a-memcmp.o)
                              ../lab4_test_bsp/\libhal_bsp.a(alt_find_dev.o) (memcmp)

Allocating common symbols
Common symbol       size              file

alt_irq             0x100             ../lab4_test_bsp/\libhal_bsp.a(alt_irq_handler.o)
errno               0x4               c:/intelfpga_lite/18.1/nios2eds/bin/gnu/h-x86_64-mingw32/bin/../lib/gcc/nios2-elf/5.3.0/../../../../../H-x86_64-mingw32/nios2-elf/lib/mno-hw-mul\libsmallc.a(lib_a-int_errno.o)
led                 0x1               obj/default/hello_world_small.o
level               0x4               obj/default/hello_world_small.o

Memory Configuration

Name             Origin             Length             Attributes
reset            0x0000000000010000 0x0000000000000020
onchip_memory    0x0000000000010020 0x000000000000ffe0
*default*        0x0000000000000000 0xffffffffffffffff

Linker script and memory map

LOAD ../lab4_test_bsp//obj/HAL/src/crt0.o
LOAD obj/default/hello_world_small.o
LOAD c:/intelfpga_lite/18.1/nios2eds/bin/gnu/h-x86_64-mingw32/bin/../lib/gcc/nios2-elf/5.3.0/../../../../../H-x86_64-mingw32/nios2-elf/lib/mno-hw-mul\libstdc++.a
LOAD c:/intelfpga_lite/18.1/nios2eds/bin/gnu/h-x86_64-mingw32/bin/../lib/gcc/nios2-elf/5.3.0/../../../../../H-x86_64-mingw32/nios2-elf/lib/mno-hw-mul\libm.a
LOAD c:/intelfpga_lite/18.1/nios2eds/bin/gnu/h-x86_64-mingw32/bin/../lib/gcc/nios2-elf/5.3.0/mno-hw-mul\libgcc.a
START GROUP
LOAD c:/intelfpga_lite/18.1/nios2eds/bin/gnu/h-x86_64-mingw32/bin/../lib/gcc/nios2-elf/5.3.0/../../../../../H-x86_64-mingw32/nios2-elf/lib/mno-hw-mul\libsmallc.a
LOAD c:/intelfpga_lite/18.1/nios2eds/bin/gnu/h-x86_64-mingw32/bin/../lib/gcc/nios2-elf/5.3.0/mno-hw-mul\libgcc.a
LOAD ../lab4_test_bsp/\libhal_bsp.a
LOAD c:/intelfpga_lite/18.1/nios2eds/bin/gnu/h-x86_64-mingw32/bin/../lib/gcc/nios2-elf/5.3.0/../../../../../H-x86_64-mingw32/nios2-elf/lib/mno-hw-mul\libm.a
END GROUP
LOAD c:/intelfpga_lite/18.1/nios2eds/bin/gnu/h-x86_64-mingw32/bin/../lib/gcc/nios2-elf/5.3.0/mno-hw-mul\libgcc.a
                0x0000000000010000                __alt_mem_onchip_memory = 0x10000

.entry          0x0000000000010000       0x20
 *(.entry)
 .entry         0x0000000000010000       0x20 ../lab4_test_bsp//obj/HAL/src/crt0.o
                0x0000000000010000                __reset
                0x000000000001000c                _exit

.exceptions     0x0000000000010020      0x160
                0x0000000000010020                PROVIDE (__ram_exceptions_start, ABSOLUTE (.))
                0x0000000000010020                . = ALIGN (0x20)
 *(.irq)
 *(.exceptions.entry.label)
 .exceptions.entry.label
                0x0000000000010020        0x0 ../lab4_test_bsp/\libhal_bsp.a(alt_irq_entry.o)
                0x0000000000010020                alt_irq_entry
 .exceptions.entry.label
                0x0000000000010020        0x0 ../lab4_test_bsp/\libhal_bsp.a(alt_exception_entry.o)
                0x0000000000010020                alt_exception
 *(.exceptions.entry.user)
 *(.exceptions.entry.ecc_fatal)
 *(.exceptions.entry)
 .exceptions.entry
                0x0000000000010020       0x54 ../lab4_test_bsp/\libhal_bsp.a(alt_exception_entry.o)
 *(.exceptions.irqtest.user)
 *(.exceptions.irqtest)
 .exceptions.irqtest
                0x0000000000010074       0x10 ../lab4_test_bsp/\libhal_bsp.a(alt_irq_entry.o)
 *(.exceptions.irqhandler.user)
 *(.exceptions.irqhandler)
 .exceptions.irqhandler
                0x0000000000010084        0x4 ../lab4_test_bsp/\libhal_bsp.a(alt_irq_entry.o)
 *(.exceptions.irqreturn.user)
 *(.exceptions.irqreturn)
 .exceptions.irqreturn
                0x0000000000010088        0x4 ../lab4_test_bsp/\libhal_bsp.a(alt_irq_entry.o)
 *(.exceptions.notirq.label)
 .exceptions.notirq.label
                0x000000000001008c        0x0 ../lab4_test_bsp/\libhal_bsp.a(alt_irq_entry.o)
 *(.exceptions.notirq.user)
 *(.exceptions.notirq)
 .exceptions.notirq
                0x000000000001008c        0x8 ../lab4_test_bsp/\libhal_bsp.a(alt_exception_entry.o)
 *(.exceptions.soft.user)
 *(.exceptions.soft)
 *(.exceptions.unknown.user)
 *(.exceptions.unknown)
 .exceptions.unknown
                0x0000000000010094       0x14 ../lab4_test_bsp/\libhal_bsp.a(alt_exception_entry.o)
 *(.exceptions.exit.label)
 .exceptions.exit.label
                0x00000000000100a8        0x0 ../lab4_test_bsp/\libhal_bsp.a(alt_irq_entry.o)
 .exceptions.exit.label
                0x00000000000100a8        0x0 ../lab4_test_bsp/\libhal_bsp.a(alt_exception_entry.o)
 *(.exceptions.exit.user)
 *(.exceptions.exit)
 .exceptions.exit
                0x00000000000100a8       0x54 ../lab4_test_bsp/\libhal_bsp.a(alt_exception_entry.o)
 *(.exceptions)
 .exceptions    0x00000000000100fc       0x60 ../lab4_test_bsp/\libhal_bsp.a(alt_irq_handler.o)
                0x00000000000100fc                alt_irq_handler
 .exceptions    0x000000000001015c       0x24 ../lab4_test_bsp/\libhal_bsp.a(alt_instruction_exception_entry.o)
                0x000000000001015c                alt_instruction_exception_entry
                0x0000000000010180                PROVIDE (__ram_exceptions_end, ABSOLUTE (.))
                0x0000000000010020                PROVIDE (__flash_exceptions_start, LOADADDR (.exceptions))

.text           0x0000000000010180      0xcf4
                [!provide]                        PROVIDE (stext, ABSOLUTE (.))
 *(.interp)
 *(.hash)
 *(.dynsym)
 *(.dynstr)
 *(.gnu.version)
 *(.gnu.version_d)
 *(.gnu.version_r)
 *(.rel.init)
 *(.rela.init)
 *(.rel.text .rel.text.* .rel.gnu.linkonce.t.*)
 *(.rela.text .rela.text.* .rela.gnu.linkonce.t.*)
 *(.rel.fini)
 *(.rela.fini)
 *(.rel.rodata .rel.rodata.* .rel.gnu.linkonce.r.*)
 *(.rela.rodata .rela.rodata.* .rela.gnu.linkonce.r.*)
 *(.rel.data .rel.data.* .rel.gnu.linkonce.d.*)
 *(.rela.data .rela.data.* .rela.gnu.linkonce.d.*)
 *(.rel.tdata .rel.tdata.* .rel.gnu.linkonce.td.*)
 *(.rela.tdata .rela.tdata.* .rela.gnu.linkonce.td.*)
 *(.rel.tbss .rel.tbss.* .rel.gnu.linkonce.tb.*)
 *(.rela.tbss .rela.tbss.* .rela.gnu.linkonce.tb.*)
 *(.rel.ctors)
 *(.rela.ctors)
 *(.rel.dtors)
 *(.rela.dtors)
 *(.rel.got)
 *(.rela.got)
 *(.rel.sdata .rel.sdata.* .rel.gnu.linkonce.s.*)
 *(.rela.sdata .rela.sdata.* .rela.gnu.linkonce.s.*)
 *(.rel.sbss .rel.sbss.* .rel.gnu.linkonce.sb.*)
 *(.rela.sbss .rela.sbss.* .rela.gnu.linkonce.sb.*)
 *(.rel.sdata2 .rel.sdata2.* .rel.gnu.linkonce.s2.*)
 *(.rela.sdata2 .rela.sdata2.* .rela.gnu.linkonce.s2.*)
 *(.rel.sbss2 .rel.sbss2.* .rel.gnu.linkonce.sb2.*)
 *(.rela.sbss2 .rela.sbss2.* .rela.gnu.linkonce.sb2.*)
 *(.rel.bss .rel.bss.* .rel.gnu.linkonce.b.*)
 *(.rela.bss .rela.bss.* .rela.gnu.linkonce.b.*)
 *(.rel.plt)
 *(.rela.plt)
 *(.rel.dyn)
 *(.init)
 *(.plt)
 *(.text .stub .text.* .gnu.linkonce.t.*)
 .text          0x0000000000010180       0x3c ../lab4_test_bsp//obj/HAL/src/crt0.o
                0x0000000000010180                _start
 .text          0x00000000000101bc      0x1d8 obj/default/hello_world_small.o
                0x00000000000101bc                sys_timer_isr
                0x000000000001023c                led_write
                0x0000000000010250                convert_read
                0x0000000000010280                timer_init
                0x00000000000102f0                applyFilter
 .text.startup  0x0000000000010394      0x1e0 obj/default/hello_world_small.o
                0x0000000000010394                main
 .text          0x0000000000010574       0x28 c:/intelfpga_lite/18.1/nios2eds/bin/gnu/h-x86_64-mingw32/bin/../lib/gcc/nios2-elf/5.3.0/mno-hw-mul\libgcc.a(lib2-mul.o)
                0x0000000000010574                __mulsi3
 .text          0x000000000001059c        0x0 c:/intelfpga_lite/18.1/nios2eds/bin/gnu/h-x86_64-mingw32/bin/../lib/gcc/nios2-elf/5.3.0/../../../../../H-x86_64-mingw32/nios2-elf/lib/mno-hw-mul\libsmallc.a(lib_a-puts.o)
 .text._puts_r  0x000000000001059c       0x80 c:/intelfpga_lite/18.1/nios2eds/bin/gnu/h-x86_64-mingw32/bin/../lib/gcc/nios2-elf/5.3.0/../../../../../H-x86_64-mingw32/nios2-elf/lib/mno-hw-mul\libsmallc.a(lib_a-puts.o)
                0x000000000001059c                _puts_r
 .text.puts     0x000000000001061c       0x14 c:/intelfpga_lite/18.1/nios2eds/bin/gnu/h-x86_64-mingw32/bin/../lib/gcc/nios2-elf/5.3.0/../../../../../H-x86_64-mingw32/nios2-elf/lib/mno-hw-mul\libsmallc.a(lib_a-puts.o)
                0x000000000001061c                puts
 .text          0x0000000000010630        0x0 c:/intelfpga_lite/18.1/nios2eds/bin/gnu/h-x86_64-mingw32/bin/../lib/gcc/nios2-elf/5.3.0/../../../../../H-x86_64-mingw32/nios2-elf/lib/mno-hw-mul\libsmallc.a(lib_a-strlen.o)
 .text.strlen   0x0000000000010630       0x1c c:/intelfpga_lite/18.1/nios2eds/bin/gnu/h-x86_64-mingw32/bin/../lib/gcc/nios2-elf/5.3.0/../../../../../H-x86_64-mingw32/nios2-elf/lib/mno-hw-mul\libsmallc.a(lib_a-strlen.o)
                0x0000000000010630                strlen
 .text          0x000000000001064c        0x0 c:/intelfpga_lite/18.1/nios2eds/bin/gnu/h-x86_64-mingw32/bin/../lib/gcc/nios2-elf/5.3.0/../../../../../H-x86_64-mingw32/nios2-elf/lib/mno-hw-mul\libsmallc.a(lib_a-fvwrite_small_dev.o)
 .text.__sfvwrite_small_dev
                0x000000000001064c       0xb8 c:/intelfpga_lite/18.1/nios2eds/bin/gnu/h-x86_64-mingw32/bin/../lib/gcc/nios2-elf/5.3.0/../../../../../H-x86_64-mingw32/nios2-elf/lib/mno-hw-mul\libsmallc.a(lib_a-fvwrite_small_dev.o)
                0x000000000001064c                __sfvwrite_small_dev
 .text          0x0000000000010704        0x0 c:/intelfpga_lite/18.1/nios2eds/bin/gnu/h-x86_64-mingw32/bin/../lib/gcc/nios2-elf/5.3.0/../../../../../H-x86_64-mingw32/nios2-elf/lib/mno-hw-mul\libsmallc.a(lib_a-impure.o)
 .text          0x0000000000010704        0x0 c:/intelfpga_lite/18.1/nios2eds/bin/gnu/h-x86_64-mingw32/bin/../lib/gcc/nios2-elf/5.3.0/../../../../../H-x86_64-mingw32/nios2-elf/lib/mno-hw-mul\libsmallc.a(lib_a-writer.o)
 .text._write_r
                0x0000000000010704       0x58 c:/intelfpga_lite/18.1/nios2eds/bin/gnu/h-x86_64-mingw32/bin/../lib/gcc/nios2-elf/5.3.0/../../../../../H-x86_64-mingw32/nios2-elf/lib/mno-hw-mul\libsmallc.a(lib_a-writer.o)
                0x0000000000010704                _write_r
 .text          0x000000000001075c        0x0 c:/intelfpga_lite/18.1/nios2eds/bin/gnu/h-x86_64-mingw32/bin/../lib/gcc/nios2-elf/5.3.0/../../../../../H-x86_64-mingw32/nios2-elf/lib/mno-hw-mul\libsmallc.a(lib_a-int_errno.o)
 .text          0x000000000001075c       0x94 ../lab4_test_bsp/\libhal_bsp.a(alt_irq_register.o)
                0x000000000001075c                alt_irq_register
 .text          0x00000000000107f0        0x0 ../lab4_test_bsp/\libhal_bsp.a(alt_irq_vars.o)
 .text          0x00000000000107f0       0xe0 ../lab4_test_bsp/\libhal_bsp.a(alt_load.o)
                0x00000000000107f0                alt_load
 .text          0x00000000000108d0       0x2c ../lab4_test_bsp/\libhal_bsp.a(alt_main.o)
                0x00000000000108d0                alt_main
 .text          0x00000000000108fc      0x170 ../lab4_test_bsp/\libhal_bsp.a(alt_printf.o)
                0x00000000000108fc                alt_printf
 .text          0x0000000000010a6c       0x48 ../lab4_test_bsp/\libhal_bsp.a(alt_putchar.o)
                0x0000000000010a6c                alt_putchar
 .text          0x0000000000010ab4       0x60 ../lab4_test_bsp/\libhal_bsp.a(alt_write.o)
                0x0000000000010ab4                write
 .text          0x0000000000010b14       0x30 ../lab4_test_bsp/\libhal_bsp.a(alt_sys_init.o)
                0x0000000000010b14                alt_irq_init
                0x0000000000010b34                alt_sys_init
 .text          0x0000000000010b44       0x34 ../lab4_test_bsp/\libhal_bsp.a(altera_avalon_jtag_uart_write.o)
                0x0000000000010b44                altera_avalon_jtag_uart_write
 .text          0x0000000000010b78      0x160 ../lab4_test_bsp/\libhal_bsp.a(altera_up_avalon_accelerometer_spi.o)
                0x0000000000010b78                alt_up_accelerometer_spi_open_dev
                0x0000000000010b80                alt_up_accelerometer_spi_read_address_register
                0x0000000000010b94                alt_up_accelerometer_spi_read
                0x0000000000010bb4                alt_up_accelerometer_spi_write
                0x0000000000010bd0                alt_up_accelerometer_spi_read_x_axis
                0x0000000000010c28                alt_up_accelerometer_spi_read_y_axis
                0x0000000000010c80                alt_up_accelerometer_spi_read_z_axis
 .text          0x0000000000010cd8        0x4 ../lab4_test_bsp/\libhal_bsp.a(alt_dcache_flush_all.o)
                0x0000000000010cd8                alt_dcache_flush_all
 .text          0x0000000000010cdc        0x8 ../lab4_test_bsp/\libhal_bsp.a(alt_dev.o)
 .text          0x0000000000010ce4       0x6c ../lab4_test_bsp/\libhal_bsp.a(alt_dev_llist_insert.o)
                0x0000000000010ce4                alt_dev_llist_insert
 .text          0x0000000000010d50        0x0 ../lab4_test_bsp/\libhal_bsp.a(alt_errno.o)
 .text          0x0000000000010d50       0x74 ../lab4_test_bsp/\libhal_bsp.a(alt_find_dev.o)
                0x0000000000010d50                alt_find_dev
 .text          0x0000000000010dc4        0x4 ../lab4_test_bsp/\libhal_bsp.a(alt_icache_flush_all.o)
                0x0000000000010dc4                alt_icache_flush_all
 .text          0x0000000000010dc8        0x0 ../lab4_test_bsp/\libhal_bsp.a(alt_irq_entry.o)
 .text          0x0000000000010dc8        0x0 ../lab4_test_bsp/\libhal_bsp.a(alt_irq_handler.o)
 .text          0x0000000000010dc8        0x8 ../lab4_test_bsp/\libhal_bsp.a(altera_nios2_gen2_irq.o)
                0x0000000000010dc8                altera_nios2_gen2_irq_init
 .text          0x0000000000010dd0        0x0 ../lab4_test_bsp/\libhal_bsp.a(alt_exception_entry.o)
 .text          0x0000000000010dd0       0x74 ../lab4_test_bsp/\libhal_bsp.a(alt_instruction_exception_entry.o)
                0x0000000000010dd0                alt_exception_cause_generated_bad_addr
 .text          0x0000000000010e44        0x0 c:/intelfpga_lite/18.1/nios2eds/bin/gnu/h-x86_64-mingw32/bin/../lib/gcc/nios2-elf/5.3.0/../../../../../H-x86_64-mingw32/nios2-elf/lib/mno-hw-mul\libsmallc.a(lib_a-memcmp.o)
 .text.memcmp   0x0000000000010e44       0x30 c:/intelfpga_lite/18.1/nios2eds/bin/gnu/h-x86_64-mingw32/bin/../lib/gcc/nios2-elf/5.3.0/../../../../../H-x86_64-mingw32/nios2-elf/lib/mno-hw-mul\libsmallc.a(lib_a-memcmp.o)
                0x0000000000010e44                memcmp
 *(.gnu.warning.*)
 *(.fini)
                [!provide]                        PROVIDE (__etext, ABSOLUTE (.))
                [!provide]                        PROVIDE (_etext, ABSOLUTE (.))
                [!provide]                        PROVIDE (etext, ABSOLUTE (.))
 *(.eh_frame_hdr)
                0x0000000000010e74                . = ALIGN (0x4)
                [!provide]                        PROVIDE (__preinit_array_start, ABSOLUTE (.))
 *(.preinit_array)
                [!provide]                        PROVIDE (__preinit_array_end, ABSOLUTE (.))
                [!provide]                        PROVIDE (__init_array_start, ABSOLUTE (.))
 *(.init_array)
                [!provide]                        PROVIDE (__init_array_end, ABSOLUTE (.))
                [!provide]                        PROVIDE (__fini_array_start, ABSOLUTE (.))
 *(.fini_array)
                [!provide]                        PROVIDE (__fini_array_end, ABSOLUTE (.))
 *(.eh_frame)
 *(.gcc_except_table .gcc_except_table.*)
 *(.dynamic)
                [!provide]                        PROVIDE (__CTOR_LIST__, ABSOLUTE (.))
 *(.ctors)
 *(SORT(.ctors.*))
                [!provide]                        PROVIDE (__CTOR_END__, ABSOLUTE (.))
                [!provide]                        PROVIDE (__DTOR_LIST__, ABSOLUTE (.))
 *(.dtors)
 *(SORT(.dtors.*))
                [!provide]                        PROVIDE (__DTOR_END__, ABSOLUTE (.))
 *(.jcr)
                0x0000000000010e74                . = ALIGN (0x4)

.rodata         0x0000000000010e74       0x8c
                0x0000000000010e74                PROVIDE (__ram_rodata_start, ABSOLUTE (.))
                0x0000000000010e74                . = ALIGN (0x4)
 *(.rodata .rodata.* .gnu.linkonce.r.*)
 .rodata.str1.4
                0x0000000000010e74       0x80 obj/default/hello_world_small.o
 .rodata.str1.4
                0x0000000000010ef4        0x2 c:/intelfpga_lite/18.1/nios2eds/bin/gnu/h-x86_64-mingw32/bin/../lib/gcc/nios2-elf/5.3.0/../../../../../H-x86_64-mingw32/nios2-elf/lib/mno-hw-mul\libsmallc.a(lib_a-puts.o)
 .rodata.str1.4
                0x0000000000010ef4       0x17 ../lab4_test_bsp/\libhal_bsp.a(alt_sys_init.o)
 .rodata.str1.4
                0x0000000000010ef4        0xc ../lab4_test_bsp/\libhal_bsp.a(alt_dev.o)
                                          0xa (size before relaxing)
 *(.rodata1)
                0x0000000000010f0c                . = ALIGN (0x4)
                0x0000000000010f0c                PROVIDE (__ram_rodata_end, ABSOLUTE (.))
                0x0000000000010e74                PROVIDE (__flash_rodata_start, LOADADDR (.rodata))

.rwdata         0x0000000000010f00      0x190 load address 0x0000000000011090
                0x0000000000010f00                PROVIDE (__ram_rwdata_start, ABSOLUTE (.))
                0x0000000000010f00                . = ALIGN (0x4)
 *(.got.plt)
 *(.got)
 *(.data1)
 *(.data .data.* .gnu.linkonce.d.*)
 .data          0x0000000000010f00        0x0 ../lab4_test_bsp//obj/HAL/src/crt0.o
 .data          0x0000000000010f00        0x0 obj/default/hello_world_small.o
 .data          0x0000000000010f00        0x0 c:/intelfpga_lite/18.1/nios2eds/bin/gnu/h-x86_64-mingw32/bin/../lib/gcc/nios2-elf/5.3.0/mno-hw-mul\libgcc.a(lib2-mul.o)
 .data          0x0000000000010f00        0x0 c:/intelfpga_lite/18.1/nios2eds/bin/gnu/h-x86_64-mingw32/bin/../lib/gcc/nios2-elf/5.3.0/../../../../../H-x86_64-mingw32/nios2-elf/lib/mno-hw-mul\libsmallc.a(lib_a-puts.o)
 .data          0x0000000000010f00        0x0 c:/intelfpga_lite/18.1/nios2eds/bin/gnu/h-x86_64-mingw32/bin/../lib/gcc/nios2-elf/5.3.0/../../../../../H-x86_64-mingw32/nios2-elf/lib/mno-hw-mul\libsmallc.a(lib_a-strlen.o)
 .data          0x0000000000010f00        0x0 c:/intelfpga_lite/18.1/nios2eds/bin/gnu/h-x86_64-mingw32/bin/../lib/gcc/nios2-elf/5.3.0/../../../../../H-x86_64-mingw32/nios2-elf/lib/mno-hw-mul\libsmallc.a(lib_a-fvwrite_small_dev.o)
 .data          0x0000000000010f00        0x0 c:/intelfpga_lite/18.1/nios2eds/bin/gnu/h-x86_64-mingw32/bin/../lib/gcc/nios2-elf/5.3.0/../../../../../H-x86_64-mingw32/nios2-elf/lib/mno-hw-mul\libsmallc.a(lib_a-impure.o)
 .data.impure_data
                0x0000000000010f00       0xe0 c:/intelfpga_lite/18.1/nios2eds/bin/gnu/h-x86_64-mingw32/bin/../lib/gcc/nios2-elf/5.3.0/../../../../../H-x86_64-mingw32/nios2-elf/lib/mno-hw-mul\libsmallc.a(lib_a-impure.o)
 .data          0x0000000000010fe0        0x0 c:/intelfpga_lite/18.1/nios2eds/bin/gnu/h-x86_64-mingw32/bin/../lib/gcc/nios2-elf/5.3.0/../../../../../H-x86_64-mingw32/nios2-elf/lib/mno-hw-mul\libsmallc.a(lib_a-writer.o)
 .data          0x0000000000010fe0        0x0 c:/intelfpga_lite/18.1/nios2eds/bin/gnu/h-x86_64-mingw32/bin/../lib/gcc/nios2-elf/5.3.0/../../../../../H-x86_64-mingw32/nios2-elf/lib/mno-hw-mul\libsmallc.a(lib_a-int_errno.o)
 .data          0x0000000000010fe0        0x0 ../lab4_test_bsp/\libhal_bsp.a(alt_irq_register.o)
 .data          0x0000000000010fe0        0x0 ../lab4_test_bsp/\libhal_bsp.a(alt_irq_vars.o)
 .data          0x0000000000010fe0        0x0 ../lab4_test_bsp/\libhal_bsp.a(alt_load.o)
 .data          0x0000000000010fe0        0x0 ../lab4_test_bsp/\libhal_bsp.a(alt_main.o)
 .data          0x0000000000010fe0        0x0 ../lab4_test_bsp/\libhal_bsp.a(alt_printf.o)
 .data          0x0000000000010fe0        0x0 ../lab4_test_bsp/\libhal_bsp.a(alt_putchar.o)
 .data          0x0000000000010fe0        0x0 ../lab4_test_bsp/\libhal_bsp.a(alt_write.o)
 .data          0x0000000000010fe0       0x2c ../lab4_test_bsp/\libhal_bsp.a(alt_sys_init.o)
 .data          0x000000000001100c        0x0 ../lab4_test_bsp/\libhal_bsp.a(altera_avalon_jtag_uart_write.o)
 .data          0x000000000001100c        0x0 ../lab4_test_bsp/\libhal_bsp.a(altera_up_avalon_accelerometer_spi.o)
 .data          0x000000000001100c        0x0 ../lab4_test_bsp/\libhal_bsp.a(alt_dcache_flush_all.o)
 .data          0x000000000001100c       0x58 ../lab4_test_bsp/\libhal_bsp.a(alt_dev.o)
                0x000000000001100c                alt_fd_list
                0x000000000001103c                alt_dev_null
 .data          0x0000000000011064        0x0 ../lab4_test_bsp/\libhal_bsp.a(alt_dev_llist_insert.o)
 .data          0x0000000000011064        0x0 ../lab4_test_bsp/\libhal_bsp.a(alt_errno.o)
 .data          0x0000000000011064        0x0 ../lab4_test_bsp/\libhal_bsp.a(alt_find_dev.o)
 .data          0x0000000000011064        0x0 ../lab4_test_bsp/\libhal_bsp.a(alt_icache_flush_all.o)
 .data          0x0000000000011064        0x0 ../lab4_test_bsp/\libhal_bsp.a(alt_irq_entry.o)
 .data          0x0000000000011064        0x0 ../lab4_test_bsp/\libhal_bsp.a(alt_irq_handler.o)
 .data          0x0000000000011064        0x0 ../lab4_test_bsp/\libhal_bsp.a(altera_nios2_gen2_irq.o)
 .data          0x0000000000011064        0x0 ../lab4_test_bsp/\libhal_bsp.a(alt_exception_entry.o)
 .data          0x0000000000011064        0x0 ../lab4_test_bsp/\libhal_bsp.a(alt_instruction_exception_entry.o)
 .data          0x0000000000011064        0x0 c:/intelfpga_lite/18.1/nios2eds/bin/gnu/h-x86_64-mingw32/bin/../lib/gcc/nios2-elf/5.3.0/../../../../../H-x86_64-mingw32/nios2-elf/lib/mno-hw-mul\libsmallc.a(lib_a-memcmp.o)
                0x0000000000019064                _gp = ABSOLUTE ((. + 0x8000))
                [!provide]                        PROVIDE (gp, _gp)
 *(.rwdata .rwdata.*)
 *(.sdata .sdata.* .gnu.linkonce.s.*)
 .sdata         0x0000000000011064        0x4 obj/default/hello_world_small.o
                0x0000000000011064                TAPS
 .sdata._global_impure_ptr
                0x0000000000011068        0x4 c:/intelfpga_lite/18.1/nios2eds/bin/gnu/h-x86_64-mingw32/bin/../lib/gcc/nios2-elf/5.3.0/../../../../../H-x86_64-mingw32/nios2-elf/lib/mno-hw-mul\libsmallc.a(lib_a-impure.o)
                0x0000000000011068                _global_impure_ptr
 .sdata._impure_ptr
                0x000000000001106c        0x4 c:/intelfpga_lite/18.1/nios2eds/bin/gnu/h-x86_64-mingw32/bin/../lib/gcc/nios2-elf/5.3.0/../../../../../H-x86_64-mingw32/nios2-elf/lib/mno-hw-mul\libsmallc.a(lib_a-impure.o)
                0x000000000001106c                _impure_ptr
 .sdata         0x0000000000011070        0x4 ../lab4_test_bsp/\libhal_bsp.a(alt_irq_vars.o)
                0x0000000000011070                alt_priority_mask
 .sdata         0x0000000000011074        0x4 ../lab4_test_bsp/\libhal_bsp.a(alt_sys_init.o)
                0x0000000000011074                jtag_uart
 .sdata         0x0000000000011078       0x14 ../lab4_test_bsp/\libhal_bsp.a(alt_dev.o)
                0x0000000000011078                alt_max_fd
                0x000000000001107c                alt_dev_list
                0x0000000000011084                alt_fs_list
 .sdata         0x000000000001108c        0x4 ../lab4_test_bsp/\libhal_bsp.a(alt_errno.o)
                0x000000000001108c                alt_errno
 *(.sdata2 .sdata2.* .gnu.linkonce.s2.*)
                0x0000000000011090                . = ALIGN (0x4)
                0x0000000000011090                _edata = ABSOLUTE (.)
                [!provide]                        PROVIDE (edata, ABSOLUTE (.))
                0x0000000000011090                PROVIDE (__ram_rwdata_end, ABSOLUTE (.))
                0x0000000000011090                PROVIDE (__flash_rwdata_start, LOADADDR (.rwdata))

.bss            0x0000000000011220      0x124
                0x0000000000011220                __bss_start = ABSOLUTE (.)
                [!provide]                        PROVIDE (__sbss_start, ABSOLUTE (.))
                [!provide]                        PROVIDE (___sbss_start, ABSOLUTE (.))
 *(.dynsbss)
 *(.sbss .sbss.* .gnu.linkonce.sb.*)
 .sbss          0x0000000000011220        0x1 obj/default/hello_world_small.o
                0x0000000000011220                pwm
 *fill*         0x0000000000011221        0x3 
 .sbss          0x0000000000011224        0x8 obj/default/hello_world_small.o
                0x0000000000011224                led
                0x0000000000011228                level
 .sbss          0x000000000001122c        0x4 c:/intelfpga_lite/18.1/nios2eds/bin/gnu/h-x86_64-mingw32/bin/../lib/gcc/nios2-elf/5.3.0/../../../../../H-x86_64-mingw32/nios2-elf/lib/mno-hw-mul\libsmallc.a(lib_a-int_errno.o)
                0x000000000001122c                errno
 .sbss          0x0000000000011230        0x4 ../lab4_test_bsp/\libhal_bsp.a(alt_irq_vars.o)
                0x0000000000011230                alt_irq_active
 .sbss          0x0000000000011234        0xc ../lab4_test_bsp/\libhal_bsp.a(alt_main.o)
                0x0000000000011234                alt_envp
                0x0000000000011238                alt_argv
                0x000000000001123c                alt_argc
 .sbss          0x0000000000011240        0x4 ../lab4_test_bsp/\libhal_bsp.a(alt_instruction_exception_entry.o)
                0x0000000000011240                alt_instruction_exception_handler
 *(.sbss2 .sbss2.* .gnu.linkonce.sb2.*)
 *(.scommon)
                [!provide]                        PROVIDE (__sbss_end, ABSOLUTE (.))
                [!provide]                        PROVIDE (___sbss_end, ABSOLUTE (.))
 *(.dynbss)
 *(.bss .bss.* .gnu.linkonce.b.*)
 .bss           0x0000000000011244        0x0 ../lab4_test_bsp//obj/HAL/src/crt0.o
 .bss           0x0000000000011244        0x0 obj/default/hello_world_small.o
 .bss           0x0000000000011244        0x0 c:/intelfpga_lite/18.1/nios2eds/bin/gnu/h-x86_64-mingw32/bin/../lib/gcc/nios2-elf/5.3.0/mno-hw-mul\libgcc.a(lib2-mul.o)
 .bss           0x0000000000011244        0x0 c:/intelfpga_lite/18.1/nios2eds/bin/gnu/h-x86_64-mingw32/bin/../lib/gcc/nios2-elf/5.3.0/../../../../../H-x86_64-mingw32/nios2-elf/lib/mno-hw-mul\libsmallc.a(lib_a-puts.o)
 .bss           0x0000000000011244        0x0 c:/intelfpga_lite/18.1/nios2eds/bin/gnu/h-x86_64-mingw32/bin/../lib/gcc/nios2-elf/5.3.0/../../../../../H-x86_64-mingw32/nios2-elf/lib/mno-hw-mul\libsmallc.a(lib_a-strlen.o)
 .bss           0x0000000000011244        0x0 c:/intelfpga_lite/18.1/nios2eds/bin/gnu/h-x86_64-mingw32/bin/../lib/gcc/nios2-elf/5.3.0/../../../../../H-x86_64-mingw32/nios2-elf/lib/mno-hw-mul\libsmallc.a(lib_a-fvwrite_small_dev.o)
 .bss           0x0000000000011244        0x0 c:/intelfpga_lite/18.1/nios2eds/bin/gnu/h-x86_64-mingw32/bin/../lib/gcc/nios2-elf/5.3.0/../../../../../H-x86_64-mingw32/nios2-elf/lib/mno-hw-mul\libsmallc.a(lib_a-impure.o)
 .bss           0x0000000000011244        0x0 c:/intelfpga_lite/18.1/nios2eds/bin/gnu/h-x86_64-mingw32/bin/../lib/gcc/nios2-elf/5.3.0/../../../../../H-x86_64-mingw32/nios2-elf/lib/mno-hw-mul\libsmallc.a(lib_a-writer.o)
 .bss           0x0000000000011244        0x0 c:/intelfpga_lite/18.1/nios2eds/bin/gnu/h-x86_64-mingw32/bin/../lib/gcc/nios2-elf/5.3.0/../../../../../H-x86_64-mingw32/nios2-elf/lib/mno-hw-mul\libsmallc.a(lib_a-int_errno.o)
 .bss           0x0000000000011244        0x0 ../lab4_test_bsp/\libhal_bsp.a(alt_irq_register.o)
 .bss           0x0000000000011244        0x0 ../lab4_test_bsp/\libhal_bsp.a(alt_irq_vars.o)
 .bss           0x0000000000011244        0x0 ../lab4_test_bsp/\libhal_bsp.a(alt_load.o)
 .bss           0x0000000000011244        0x0 ../lab4_test_bsp/\libhal_bsp.a(alt_main.o)
 .bss           0x0000000000011244        0x0 ../lab4_test_bsp/\libhal_bsp.a(alt_printf.o)
 .bss           0x0000000000011244        0x0 ../lab4_test_bsp/\libhal_bsp.a(alt_putchar.o)
 .bss           0x0000000000011244        0x0 ../lab4_test_bsp/\libhal_bsp.a(alt_write.o)
 .bss           0x0000000000011244        0x0 ../lab4_test_bsp/\libhal_bsp.a(alt_sys_init.o)
 .bss           0x0000000000011244        0x0 ../lab4_test_bsp/\libhal_bsp.a(altera_avalon_jtag_uart_write.o)
 .bss           0x0000000000011244        0x0 ../lab4_test_bsp/\libhal_bsp.a(altera_up_avalon_accelerometer_spi.o)
 .bss           0x0000000000011244        0x0 ../lab4_test_bsp/\libhal_bsp.a(alt_dcache_flush_all.o)
 .bss           0x0000000000011244        0x0 ../lab4_test_bsp/\libhal_bsp.a(alt_dev.o)
 .bss           0x0000000000011244        0x0 ../lab4_test_bsp/\libhal_bsp.a(alt_dev_llist_insert.o)
 .bss           0x0000000000011244        0x0 ../lab4_test_bsp/\libhal_bsp.a(alt_errno.o)
 .bss           0x0000000000011244        0x0 ../lab4_test_bsp/\libhal_bsp.a(alt_find_dev.o)
 .bss           0x0000000000011244        0x0 ../lab4_test_bsp/\libhal_bsp.a(alt_icache_flush_all.o)
 .bss           0x0000000000011244        0x0 ../lab4_test_bsp/\libhal_bsp.a(alt_irq_entry.o)
 .bss           0x0000000000011244        0x0 ../lab4_test_bsp/\libhal_bsp.a(alt_irq_handler.o)
 .bss           0x0000000000011244        0x0 ../lab4_test_bsp/\libhal_bsp.a(altera_nios2_gen2_irq.o)
 .bss           0x0000000000011244        0x0 ../lab4_test_bsp/\libhal_bsp.a(alt_exception_entry.o)
 .bss           0x0000000000011244        0x0 ../lab4_test_bsp/\libhal_bsp.a(alt_instruction_exception_entry.o)
 .bss           0x0000000000011244        0x0 c:/intelfpga_lite/18.1/nios2eds/bin/gnu/h-x86_64-mingw32/bin/../lib/gcc/nios2-elf/5.3.0/../../../../../H-x86_64-mingw32/nios2-elf/lib/mno-hw-mul\libsmallc.a(lib_a-memcmp.o)
 *(COMMON)
 COMMON         0x0000000000011244      0x100 ../lab4_test_bsp/\libhal_bsp.a(alt_irq_handler.o)
                0x0000000000011244                alt_irq
                0x0000000000011344                . = ALIGN (0x4)
                0x0000000000011344                __bss_end = ABSOLUTE (.)

.onchip_memory  0x0000000000011344        0x0
                [!provide]                        PROVIDE (_alt_partition_onchip_memory_start, ABSOLUTE (.))
 *(.onchip_memory .onchip_memory. onchip_memory.*)
                0x0000000000011344                . = ALIGN (0x4)
                [!provide]                        PROVIDE (_alt_partition_onchip_memory_end, ABSOLUTE (.))
                0x0000000000011344                _end = ABSOLUTE (.)
                0x0000000000011344                end = ABSOLUTE (.)
                0x0000000000011344                __alt_stack_base = ABSOLUTE (.)
                [!provide]                        PROVIDE (_alt_partition_onchip_memory_load_addr, LOADADDR (.onchip_memory))

.stab
 *(.stab)

.stabstr
 *(.stabstr)

.stab.excl
 *(.stab.excl)

.stab.exclstr
 *(.stab.exclstr)

.stab.index
 *(.stab.index)

.stab.indexstr
 *(.stab.indexstr)

.comment        0x0000000000000000       0x23
 *(.comment)
 .comment       0x0000000000000000       0x23 obj/default/hello_world_small.o
                                         0x24 (size before relaxing)
 .comment       0x0000000000000023       0x24 c:/intelfpga_lite/18.1/nios2eds/bin/gnu/h-x86_64-mingw32/bin/../lib/gcc/nios2-elf/5.3.0/mno-hw-mul\libgcc.a(lib2-mul.o)
 .comment       0x0000000000000023       0x24 c:/intelfpga_lite/18.1/nios2eds/bin/gnu/h-x86_64-mingw32/bin/../lib/gcc/nios2-elf/5.3.0/../../../../../H-x86_64-mingw32/nios2-elf/lib/mno-hw-mul\libsmallc.a(lib_a-puts.o)
 .comment       0x0000000000000023       0x24 c:/intelfpga_lite/18.1/nios2eds/bin/gnu/h-x86_64-mingw32/bin/../lib/gcc/nios2-elf/5.3.0/../../../../../H-x86_64-mingw32/nios2-elf/lib/mno-hw-mul\libsmallc.a(lib_a-strlen.o)
 .comment       0x0000000000000023       0x24 c:/intelfpga_lite/18.1/nios2eds/bin/gnu/h-x86_64-mingw32/bin/../lib/gcc/nios2-elf/5.3.0/../../../../../H-x86_64-mingw32/nios2-elf/lib/mno-hw-mul\libsmallc.a(lib_a-fvwrite_small_dev.o)
 .comment       0x0000000000000023       0x24 c:/intelfpga_lite/18.1/nios2eds/bin/gnu/h-x86_64-mingw32/bin/../lib/gcc/nios2-elf/5.3.0/../../../../../H-x86_64-mingw32/nios2-elf/lib/mno-hw-mul\libsmallc.a(lib_a-impure.o)
 .comment       0x0000000000000023       0x24 c:/intelfpga_lite/18.1/nios2eds/bin/gnu/h-x86_64-mingw32/bin/../lib/gcc/nios2-elf/5.3.0/../../../../../H-x86_64-mingw32/nios2-elf/lib/mno-hw-mul\libsmallc.a(lib_a-writer.o)
 .comment       0x0000000000000023       0x24 c:/intelfpga_lite/18.1/nios2eds/bin/gnu/h-x86_64-mingw32/bin/../lib/gcc/nios2-elf/5.3.0/../../../../../H-x86_64-mingw32/nios2-elf/lib/mno-hw-mul\libsmallc.a(lib_a-int_errno.o)
 .comment       0x0000000000000023       0x24 ../lab4_test_bsp/\libhal_bsp.a(alt_irq_register.o)
 .comment       0x0000000000000023       0x24 ../lab4_test_bsp/\libhal_bsp.a(alt_irq_vars.o)
 .comment       0x0000000000000023       0x24 ../lab4_test_bsp/\libhal_bsp.a(alt_load.o)
 .comment       0x0000000000000023       0x24 ../lab4_test_bsp/\libhal_bsp.a(alt_main.o)
 .comment       0x0000000000000023       0x24 ../lab4_test_bsp/\libhal_bsp.a(alt_printf.o)
 .comment       0x0000000000000023       0x24 ../lab4_test_bsp/\libhal_bsp.a(alt_putchar.o)
 .comment       0x0000000000000023       0x24 ../lab4_test_bsp/\libhal_bsp.a(alt_write.o)
 .comment       0x0000000000000023       0x24 ../lab4_test_bsp/\libhal_bsp.a(alt_sys_init.o)
 .comment       0x0000000000000023       0x24 ../lab4_test_bsp/\libhal_bsp.a(altera_avalon_jtag_uart_write.o)
 .comment       0x0000000000000023       0x24 ../lab4_test_bsp/\libhal_bsp.a(altera_up_avalon_accelerometer_spi.o)
 .comment       0x0000000000000023       0x24 ../lab4_test_bsp/\libhal_bsp.a(alt_dcache_flush_all.o)
 .comment       0x0000000000000023       0x24 ../lab4_test_bsp/\libhal_bsp.a(alt_dev.o)
 .comment       0x0000000000000023       0x24 ../lab4_test_bsp/\libhal_bsp.a(alt_dev_llist_insert.o)
 .comment       0x0000000000000023       0x24 ../lab4_test_bsp/\libhal_bsp.a(alt_errno.o)
 .comment       0x0000000000000023       0x24 ../lab4_test_bsp/\libhal_bsp.a(alt_find_dev.o)
 .comment       0x0000000000000023       0x24 ../lab4_test_bsp/\libhal_bsp.a(alt_icache_flush_all.o)
 .comment       0x0000000000000023       0x24 ../lab4_test_bsp/\libhal_bsp.a(alt_irq_handler.o)
 .comment       0x0000000000000023       0x24 ../lab4_test_bsp/\libhal_bsp.a(altera_nios2_gen2_irq.o)
 .comment       0x0000000000000023       0x24 ../lab4_test_bsp/\libhal_bsp.a(alt_instruction_exception_entry.o)
 .comment       0x0000000000000023       0x24 c:/intelfpga_lite/18.1/nios2eds/bin/gnu/h-x86_64-mingw32/bin/../lib/gcc/nios2-elf/5.3.0/../../../../../H-x86_64-mingw32/nios2-elf/lib/mno-hw-mul\libsmallc.a(lib_a-memcmp.o)

.debug
 *(.debug)

.line
 *(.line)

.debug_srcinfo
 *(.debug_srcinfo)

.debug_sfnames
 *(.debug_sfnames)

.debug_aranges  0x0000000000000000      0x408
 *(.debug_aranges)
 .debug_aranges
                0x0000000000000000       0x28 ../lab4_test_bsp//obj/HAL/src/crt0.o
 .debug_aranges
                0x0000000000000028       0x28 obj/default/hello_world_small.o
 .debug_aranges
                0x0000000000000050       0x20 c:/intelfpga_lite/18.1/nios2eds/bin/gnu/h-x86_64-mingw32/bin/../lib/gcc/nios2-elf/5.3.0/mno-hw-mul\libgcc.a(lib2-mul.o)
 .debug_aranges
                0x0000000000000070       0x28 c:/intelfpga_lite/18.1/nios2eds/bin/gnu/h-x86_64-mingw32/bin/../lib/gcc/nios2-elf/5.3.0/../../../../../H-x86_64-mingw32/nios2-elf/lib/mno-hw-mul\libsmallc.a(lib_a-puts.o)
 .debug_aranges
                0x0000000000000098       0x20 c:/intelfpga_lite/18.1/nios2eds/bin/gnu/h-x86_64-mingw32/bin/../lib/gcc/nios2-elf/5.3.0/../../../../../H-x86_64-mingw32/nios2-elf/lib/mno-hw-mul\libsmallc.a(lib_a-strlen.o)
 .debug_aranges
                0x00000000000000b8       0x20 c:/intelfpga_lite/18.1/nios2eds/bin/gnu/h-x86_64-mingw32/bin/../lib/gcc/nios2-elf/5.3.0/../../../../../H-x86_64-mingw32/nios2-elf/lib/mno-hw-mul\libsmallc.a(lib_a-fvwrite_small_dev.o)
 .debug_aranges
                0x00000000000000d8       0x18 c:/intelfpga_lite/18.1/nios2eds/bin/gnu/h-x86_64-mingw32/bin/../lib/gcc/nios2-elf/5.3.0/../../../../../H-x86_64-mingw32/nios2-elf/lib/mno-hw-mul\libsmallc.a(lib_a-impure.o)
 .debug_aranges
                0x00000000000000f0       0x20 c:/intelfpga_lite/18.1/nios2eds/bin/gnu/h-x86_64-mingw32/bin/../lib/gcc/nios2-elf/5.3.0/../../../../../H-x86_64-mingw32/nios2-elf/lib/mno-hw-mul\libsmallc.a(lib_a-writer.o)
 .debug_aranges
                0x0000000000000110       0x18 c:/intelfpga_lite/18.1/nios2eds/bin/gnu/h-x86_64-mingw32/bin/../lib/gcc/nios2-elf/5.3.0/../../../../../H-x86_64-mingw32/nios2-elf/lib/mno-hw-mul\libsmallc.a(lib_a-int_errno.o)
 .debug_aranges
                0x0000000000000128       0x20 ../lab4_test_bsp/\libhal_bsp.a(alt_irq_register.o)
 .debug_aranges
                0x0000000000000148       0x18 ../lab4_test_bsp/\libhal_bsp.a(alt_irq_vars.o)
 .debug_aranges
                0x0000000000000160       0x20 ../lab4_test_bsp/\libhal_bsp.a(alt_load.o)
 .debug_aranges
                0x0000000000000180       0x20 ../lab4_test_bsp/\libhal_bsp.a(alt_main.o)
 .debug_aranges
                0x00000000000001a0       0x20 ../lab4_test_bsp/\libhal_bsp.a(alt_printf.o)
 .debug_aranges
                0x00000000000001c0       0x20 ../lab4_test_bsp/\libhal_bsp.a(alt_putchar.o)
 .debug_aranges
                0x00000000000001e0       0x20 ../lab4_test_bsp/\libhal_bsp.a(alt_write.o)
 .debug_aranges
                0x0000000000000200       0x20 ../lab4_test_bsp/\libhal_bsp.a(alt_sys_init.o)
 .debug_aranges
                0x0000000000000220       0x20 ../lab4_test_bsp/\libhal_bsp.a(altera_avalon_jtag_uart_write.o)
 .debug_aranges
                0x0000000000000240       0x20 ../lab4_test_bsp/\libhal_bsp.a(altera_up_avalon_accelerometer_spi.o)
 .debug_aranges
                0x0000000000000260       0x20 ../lab4_test_bsp/\libhal_bsp.a(alt_dcache_flush_all.o)
 .debug_aranges
                0x0000000000000280       0x20 ../lab4_test_bsp/\libhal_bsp.a(alt_dev.o)
 .debug_aranges
                0x00000000000002a0       0x20 ../lab4_test_bsp/\libhal_bsp.a(alt_dev_llist_insert.o)
 .debug_aranges
                0x00000000000002c0       0x18 ../lab4_test_bsp/\libhal_bsp.a(alt_errno.o)
 .debug_aranges
                0x00000000000002d8       0x20 ../lab4_test_bsp/\libhal_bsp.a(alt_find_dev.o)
 .debug_aranges
                0x00000000000002f8       0x20 ../lab4_test_bsp/\libhal_bsp.a(alt_icache_flush_all.o)
 .debug_aranges
                0x0000000000000318       0x30 ../lab4_test_bsp/\libhal_bsp.a(alt_irq_entry.o)
 .debug_aranges
                0x0000000000000348       0x20 ../lab4_test_bsp/\libhal_bsp.a(alt_irq_handler.o)
 .debug_aranges
                0x0000000000000368       0x20 ../lab4_test_bsp/\libhal_bsp.a(altera_nios2_gen2_irq.o)
 .debug_aranges
                0x0000000000000388       0x38 ../lab4_test_bsp/\libhal_bsp.a(alt_exception_entry.o)
 .debug_aranges
                0x00000000000003c0       0x28 ../lab4_test_bsp/\libhal_bsp.a(alt_instruction_exception_entry.o)
 .debug_aranges
                0x00000000000003e8       0x20 c:/intelfpga_lite/18.1/nios2eds/bin/gnu/h-x86_64-mingw32/bin/../lib/gcc/nios2-elf/5.3.0/../../../../../H-x86_64-mingw32/nios2-elf/lib/mno-hw-mul\libsmallc.a(lib_a-memcmp.o)

.debug_pubnames
 *(.debug_pubnames)

.debug_info     0x0000000000000000     0x4aa4
 *(.debug_info .gnu.linkonce.wi.*)
 .debug_info    0x0000000000000000       0x87 ../lab4_test_bsp//obj/HAL/src/crt0.o
 .debug_info    0x0000000000000087      0x845 obj/default/hello_world_small.o
 .debug_info    0x00000000000008cc       0xb4 c:/intelfpga_lite/18.1/nios2eds/bin/gnu/h-x86_64-mingw32/bin/../lib/gcc/nios2-elf/5.3.0/mno-hw-mul\libgcc.a(lib2-mul.o)
 .debug_info    0x0000000000000980      0x66d c:/intelfpga_lite/18.1/nios2eds/bin/gnu/h-x86_64-mingw32/bin/../lib/gcc/nios2-elf/5.3.0/../../../../../H-x86_64-mingw32/nios2-elf/lib/mno-hw-mul\libsmallc.a(lib_a-puts.o)
 .debug_info    0x0000000000000fed       0xc9 c:/intelfpga_lite/18.1/nios2eds/bin/gnu/h-x86_64-mingw32/bin/../lib/gcc/nios2-elf/5.3.0/../../../../../H-x86_64-mingw32/nios2-elf/lib/mno-hw-mul\libsmallc.a(lib_a-strlen.o)
 .debug_info    0x00000000000010b6      0x62b c:/intelfpga_lite/18.1/nios2eds/bin/gnu/h-x86_64-mingw32/bin/../lib/gcc/nios2-elf/5.3.0/../../../../../H-x86_64-mingw32/nios2-elf/lib/mno-hw-mul\libsmallc.a(lib_a-fvwrite_small_dev.o)
 .debug_info    0x00000000000016e1      0x5a9 c:/intelfpga_lite/18.1/nios2eds/bin/gnu/h-x86_64-mingw32/bin/../lib/gcc/nios2-elf/5.3.0/../../../../../H-x86_64-mingw32/nios2-elf/lib/mno-hw-mul\libsmallc.a(lib_a-impure.o)
 .debug_info    0x0000000000001c8a      0x630 c:/intelfpga_lite/18.1/nios2eds/bin/gnu/h-x86_64-mingw32/bin/../lib/gcc/nios2-elf/5.3.0/../../../../../H-x86_64-mingw32/nios2-elf/lib/mno-hw-mul\libsmallc.a(lib_a-writer.o)
 .debug_info    0x00000000000022ba       0x8a c:/intelfpga_lite/18.1/nios2eds/bin/gnu/h-x86_64-mingw32/bin/../lib/gcc/nios2-elf/5.3.0/../../../../../H-x86_64-mingw32/nios2-elf/lib/mno-hw-mul\libsmallc.a(lib_a-int_errno.o)
 .debug_info    0x0000000000002344      0x30d ../lab4_test_bsp/\libhal_bsp.a(alt_irq_register.o)
 .debug_info    0x0000000000002651       0x88 ../lab4_test_bsp/\libhal_bsp.a(alt_irq_vars.o)
 .debug_info    0x00000000000026d9      0x1c9 ../lab4_test_bsp/\libhal_bsp.a(alt_load.o)
 .debug_info    0x00000000000028a2      0x18f ../lab4_test_bsp/\libhal_bsp.a(alt_main.o)
 .debug_info    0x0000000000002a31      0x14d ../lab4_test_bsp/\libhal_bsp.a(alt_printf.o)
 .debug_info    0x0000000000002b7e      0x12a ../lab4_test_bsp/\libhal_bsp.a(alt_putchar.o)
 .debug_info    0x0000000000002ca8      0x1c7 ../lab4_test_bsp/\libhal_bsp.a(alt_write.o)
 .debug_info    0x0000000000002e6f      0x459 ../lab4_test_bsp/\libhal_bsp.a(alt_sys_init.o)
 .debug_info    0x00000000000032c8      0x1ad ../lab4_test_bsp/\libhal_bsp.a(altera_avalon_jtag_uart_write.o)
 .debug_info    0x0000000000003475      0x479 ../lab4_test_bsp/\libhal_bsp.a(altera_up_avalon_accelerometer_spi.o)
 .debug_info    0x00000000000038ee       0x92 ../lab4_test_bsp/\libhal_bsp.a(alt_dcache_flush_all.o)
 .debug_info    0x0000000000003980      0x499 ../lab4_test_bsp/\libhal_bsp.a(alt_dev.o)
 .debug_info    0x0000000000003e19      0x1b3 ../lab4_test_bsp/\libhal_bsp.a(alt_dev_llist_insert.o)
 .debug_info    0x0000000000003fcc       0xa6 ../lab4_test_bsp/\libhal_bsp.a(alt_errno.o)
 .debug_info    0x0000000000004072      0x32d ../lab4_test_bsp/\libhal_bsp.a(alt_find_dev.o)
 .debug_info    0x000000000000439f       0x92 ../lab4_test_bsp/\libhal_bsp.a(alt_icache_flush_all.o)
 .debug_info    0x0000000000004431       0x90 ../lab4_test_bsp/\libhal_bsp.a(alt_irq_entry.o)
 .debug_info    0x00000000000044c1      0x1a4 ../lab4_test_bsp/\libhal_bsp.a(alt_irq_handler.o)
 .debug_info    0x0000000000004665       0xb8 ../lab4_test_bsp/\libhal_bsp.a(altera_nios2_gen2_irq.o)
 .debug_info    0x000000000000471d       0x96 ../lab4_test_bsp/\libhal_bsp.a(alt_exception_entry.o)
 .debug_info    0x00000000000047b3      0x1fd ../lab4_test_bsp/\libhal_bsp.a(alt_instruction_exception_entry.o)
 .debug_info    0x00000000000049b0       0xf4 c:/intelfpga_lite/18.1/nios2eds/bin/gnu/h-x86_64-mingw32/bin/../lib/gcc/nios2-elf/5.3.0/../../../../../H-x86_64-mingw32/nios2-elf/lib/mno-hw-mul\libsmallc.a(lib_a-memcmp.o)

.debug_abbrev   0x0000000000000000     0x1bad
 *(.debug_abbrev)
 .debug_abbrev  0x0000000000000000       0x12 ../lab4_test_bsp//obj/HAL/src/crt0.o
 .debug_abbrev  0x0000000000000012      0x2b9 obj/default/hello_world_small.o
 .debug_abbrev  0x00000000000002cb       0x6f c:/intelfpga_lite/18.1/nios2eds/bin/gnu/h-x86_64-mingw32/bin/../lib/gcc/nios2-elf/5.3.0/mno-hw-mul\libgcc.a(lib2-mul.o)
 .debug_abbrev  0x000000000000033a      0x1d6 c:/intelfpga_lite/18.1/nios2eds/bin/gnu/h-x86_64-mingw32/bin/../lib/gcc/nios2-elf/5.3.0/../../../../../H-x86_64-mingw32/nios2-elf/lib/mno-hw-mul\libsmallc.a(lib_a-puts.o)
 .debug_abbrev  0x0000000000000510       0x7f c:/intelfpga_lite/18.1/nios2eds/bin/gnu/h-x86_64-mingw32/bin/../lib/gcc/nios2-elf/5.3.0/../../../../../H-x86_64-mingw32/nios2-elf/lib/mno-hw-mul\libsmallc.a(lib_a-strlen.o)
 .debug_abbrev  0x000000000000058f      0x1bc c:/intelfpga_lite/18.1/nios2eds/bin/gnu/h-x86_64-mingw32/bin/../lib/gcc/nios2-elf/5.3.0/../../../../../H-x86_64-mingw32/nios2-elf/lib/mno-hw-mul\libsmallc.a(lib_a-fvwrite_small_dev.o)
 .debug_abbrev  0x000000000000074b      0x14a c:/intelfpga_lite/18.1/nios2eds/bin/gnu/h-x86_64-mingw32/bin/../lib/gcc/nios2-elf/5.3.0/../../../../../H-x86_64-mingw32/nios2-elf/lib/mno-hw-mul\libsmallc.a(lib_a-impure.o)
 .debug_abbrev  0x0000000000000895      0x1a6 c:/intelfpga_lite/18.1/nios2eds/bin/gnu/h-x86_64-mingw32/bin/../lib/gcc/nios2-elf/5.3.0/../../../../../H-x86_64-mingw32/nios2-elf/lib/mno-hw-mul\libsmallc.a(lib_a-writer.o)
 .debug_abbrev  0x0000000000000a3b       0x37 c:/intelfpga_lite/18.1/nios2eds/bin/gnu/h-x86_64-mingw32/bin/../lib/gcc/nios2-elf/5.3.0/../../../../../H-x86_64-mingw32/nios2-elf/lib/mno-hw-mul\libsmallc.a(lib_a-int_errno.o)
 .debug_abbrev  0x0000000000000a72      0x1a5 ../lab4_test_bsp/\libhal_bsp.a(alt_irq_register.o)
 .debug_abbrev  0x0000000000000c17       0x40 ../lab4_test_bsp/\libhal_bsp.a(alt_irq_vars.o)
 .debug_abbrev  0x0000000000000c57       0xd8 ../lab4_test_bsp/\libhal_bsp.a(alt_load.o)
 .debug_abbrev  0x0000000000000d2f       0xf5 ../lab4_test_bsp/\libhal_bsp.a(alt_main.o)
 .debug_abbrev  0x0000000000000e24       0xd5 ../lab4_test_bsp/\libhal_bsp.a(alt_printf.o)
 .debug_abbrev  0x0000000000000ef9       0xd2 ../lab4_test_bsp/\libhal_bsp.a(alt_putchar.o)
 .debug_abbrev  0x0000000000000fcb      0x12e ../lab4_test_bsp/\libhal_bsp.a(alt_write.o)
 .debug_abbrev  0x00000000000010f9      0x1a5 ../lab4_test_bsp/\libhal_bsp.a(alt_sys_init.o)
 .debug_abbrev  0x000000000000129e       0xd5 ../lab4_test_bsp/\libhal_bsp.a(altera_avalon_jtag_uart_write.o)
 .debug_abbrev  0x0000000000001373      0x119 ../lab4_test_bsp/\libhal_bsp.a(altera_up_avalon_accelerometer_spi.o)
 .debug_abbrev  0x000000000000148c       0x42 ../lab4_test_bsp/\libhal_bsp.a(alt_dcache_flush_all.o)
 .debug_abbrev  0x00000000000014ce       0xd9 ../lab4_test_bsp/\libhal_bsp.a(alt_dev.o)
 .debug_abbrev  0x00000000000015a7      0x11c ../lab4_test_bsp/\libhal_bsp.a(alt_dev_llist_insert.o)
 .debug_abbrev  0x00000000000016c3       0x5a ../lab4_test_bsp/\libhal_bsp.a(alt_errno.o)
 .debug_abbrev  0x000000000000171d      0x125 ../lab4_test_bsp/\libhal_bsp.a(alt_find_dev.o)
 .debug_abbrev  0x0000000000001842       0x42 ../lab4_test_bsp/\libhal_bsp.a(alt_icache_flush_all.o)
 .debug_abbrev  0x0000000000001884       0x12 ../lab4_test_bsp/\libhal_bsp.a(alt_irq_entry.o)
 .debug_abbrev  0x0000000000001896      0x138 ../lab4_test_bsp/\libhal_bsp.a(alt_irq_handler.o)
 .debug_abbrev  0x00000000000019ce       0x67 ../lab4_test_bsp/\libhal_bsp.a(altera_nios2_gen2_irq.o)
 .debug_abbrev  0x0000000000001a35       0x12 ../lab4_test_bsp/\libhal_bsp.a(alt_exception_entry.o)
 .debug_abbrev  0x0000000000001a47       0xe7 ../lab4_test_bsp/\libhal_bsp.a(alt_instruction_exception_entry.o)
 .debug_abbrev  0x0000000000001b2e       0x7f c:/intelfpga_lite/18.1/nios2eds/bin/gnu/h-x86_64-mingw32/bin/../lib/gcc/nios2-elf/5.3.0/../../../../../H-x86_64-mingw32/nios2-elf/lib/mno-hw-mul\libsmallc.a(lib_a-memcmp.o)

.debug_line     0x0000000000000000     0x1d67
 *(.debug_line)
 .debug_line    0x0000000000000000       0x66 ../lab4_test_bsp//obj/HAL/src/crt0.o
 .debug_line    0x0000000000000066      0x1f1 obj/default/hello_world_small.o
 .debug_line    0x0000000000000257       0x80 c:/intelfpga_lite/18.1/nios2eds/bin/gnu/h-x86_64-mingw32/bin/../lib/gcc/nios2-elf/5.3.0/mno-hw-mul\libgcc.a(lib2-mul.o)
 .debug_line    0x00000000000002d7      0x206 c:/intelfpga_lite/18.1/nios2eds/bin/gnu/h-x86_64-mingw32/bin/../lib/gcc/nios2-elf/5.3.0/../../../../../H-x86_64-mingw32/nios2-elf/lib/mno-hw-mul\libsmallc.a(lib_a-puts.o)
 .debug_line    0x00000000000004dd      0x15c c:/intelfpga_lite/18.1/nios2eds/bin/gnu/h-x86_64-mingw32/bin/../lib/gcc/nios2-elf/5.3.0/../../../../../H-x86_64-mingw32/nios2-elf/lib/mno-hw-mul\libsmallc.a(lib_a-strlen.o)
 .debug_line    0x0000000000000639      0x1f0 c:/intelfpga_lite/18.1/nios2eds/bin/gnu/h-x86_64-mingw32/bin/../lib/gcc/nios2-elf/5.3.0/../../../../../H-x86_64-mingw32/nios2-elf/lib/mno-hw-mul\libsmallc.a(lib_a-fvwrite_small_dev.o)
 .debug_line    0x0000000000000829      0x156 c:/intelfpga_lite/18.1/nios2eds/bin/gnu/h-x86_64-mingw32/bin/../lib/gcc/nios2-elf/5.3.0/../../../../../H-x86_64-mingw32/nios2-elf/lib/mno-hw-mul\libsmallc.a(lib_a-impure.o)
 .debug_line    0x000000000000097f      0x1ed c:/intelfpga_lite/18.1/nios2eds/bin/gnu/h-x86_64-mingw32/bin/../lib/gcc/nios2-elf/5.3.0/../../../../../H-x86_64-mingw32/nios2-elf/lib/mno-hw-mul\libsmallc.a(lib_a-writer.o)
 .debug_line    0x0000000000000b6c       0x5f c:/intelfpga_lite/18.1/nios2eds/bin/gnu/h-x86_64-mingw32/bin/../lib/gcc/nios2-elf/5.3.0/../../../../../H-x86_64-mingw32/nios2-elf/lib/mno-hw-mul\libsmallc.a(lib_a-int_errno.o)
 .debug_line    0x0000000000000bcb       0xed ../lab4_test_bsp/\libhal_bsp.a(alt_irq_register.o)
 .debug_line    0x0000000000000cb8       0x50 ../lab4_test_bsp/\libhal_bsp.a(alt_irq_vars.o)
 .debug_line    0x0000000000000d08       0xa4 ../lab4_test_bsp/\libhal_bsp.a(alt_load.o)
 .debug_line    0x0000000000000dac       0xea ../lab4_test_bsp/\libhal_bsp.a(alt_main.o)
 .debug_line    0x0000000000000e96      0x112 ../lab4_test_bsp/\libhal_bsp.a(alt_printf.o)
 .debug_line    0x0000000000000fa8       0x55 ../lab4_test_bsp/\libhal_bsp.a(alt_putchar.o)
 .debug_line    0x0000000000000ffd      0x16a ../lab4_test_bsp/\libhal_bsp.a(alt_write.o)
 .debug_line    0x0000000000001167      0x178 ../lab4_test_bsp/\libhal_bsp.a(alt_sys_init.o)
 .debug_line    0x00000000000012df      0x104 ../lab4_test_bsp/\libhal_bsp.a(altera_avalon_jtag_uart_write.o)
 .debug_line    0x00000000000013e3      0x131 ../lab4_test_bsp/\libhal_bsp.a(altera_up_avalon_accelerometer_spi.o)
 .debug_line    0x0000000000001514       0x4e ../lab4_test_bsp/\libhal_bsp.a(alt_dcache_flush_all.o)
 .debug_line    0x0000000000001562       0xf6 ../lab4_test_bsp/\libhal_bsp.a(alt_dev.o)
 .debug_line    0x0000000000001658       0xd8 ../lab4_test_bsp/\libhal_bsp.a(alt_dev_llist_insert.o)
 .debug_line    0x0000000000001730       0x51 ../lab4_test_bsp/\libhal_bsp.a(alt_errno.o)
 .debug_line    0x0000000000001781      0x107 ../lab4_test_bsp/\libhal_bsp.a(alt_find_dev.o)
 .debug_line    0x0000000000001888       0x4e ../lab4_test_bsp/\libhal_bsp.a(alt_icache_flush_all.o)
 .debug_line    0x00000000000018d6       0x6b ../lab4_test_bsp/\libhal_bsp.a(alt_irq_entry.o)
 .debug_line    0x0000000000001941       0xc8 ../lab4_test_bsp/\libhal_bsp.a(alt_irq_handler.o)
 .debug_line    0x0000000000001a09       0x8c ../lab4_test_bsp/\libhal_bsp.a(altera_nios2_gen2_irq.o)
 .debug_line    0x0000000000001a95       0xb3 ../lab4_test_bsp/\libhal_bsp.a(alt_exception_entry.o)
 .debug_line    0x0000000000001b48       0xbf ../lab4_test_bsp/\libhal_bsp.a(alt_instruction_exception_entry.o)
 .debug_line    0x0000000000001c07      0x160 c:/intelfpga_lite/18.1/nios2eds/bin/gnu/h-x86_64-mingw32/bin/../lib/gcc/nios2-elf/5.3.0/../../../../../H-x86_64-mingw32/nios2-elf/lib/mno-hw-mul\libsmallc.a(lib_a-memcmp.o)

.debug_frame    0x0000000000000000      0x56c
 *(.debug_frame)
 .debug_frame   0x0000000000000000       0xe0 obj/default/hello_world_small.o
 .debug_frame   0x00000000000000e0       0x20 c:/intelfpga_lite/18.1/nios2eds/bin/gnu/h-x86_64-mingw32/bin/../lib/gcc/nios2-elf/5.3.0/mno-hw-mul\libgcc.a(lib2-mul.o)
 .debug_frame   0x0000000000000100       0x48 c:/intelfpga_lite/18.1/nios2eds/bin/gnu/h-x86_64-mingw32/bin/../lib/gcc/nios2-elf/5.3.0/../../../../../H-x86_64-mingw32/nios2-elf/lib/mno-hw-mul\libsmallc.a(lib_a-puts.o)
 .debug_frame   0x0000000000000148       0x20 c:/intelfpga_lite/18.1/nios2eds/bin/gnu/h-x86_64-mingw32/bin/../lib/gcc/nios2-elf/5.3.0/../../../../../H-x86_64-mingw32/nios2-elf/lib/mno-hw-mul\libsmallc.a(lib_a-strlen.o)
 .debug_frame   0x0000000000000168       0x58 c:/intelfpga_lite/18.1/nios2eds/bin/gnu/h-x86_64-mingw32/bin/../lib/gcc/nios2-elf/5.3.0/../../../../../H-x86_64-mingw32/nios2-elf/lib/mno-hw-mul\libsmallc.a(lib_a-fvwrite_small_dev.o)
 .debug_frame   0x00000000000001c0       0x38 c:/intelfpga_lite/18.1/nios2eds/bin/gnu/h-x86_64-mingw32/bin/../lib/gcc/nios2-elf/5.3.0/../../../../../H-x86_64-mingw32/nios2-elf/lib/mno-hw-mul\libsmallc.a(lib_a-writer.o)
 .debug_frame   0x00000000000001f8       0x20 ../lab4_test_bsp/\libhal_bsp.a(alt_irq_register.o)
 .debug_frame   0x0000000000000218       0x30 ../lab4_test_bsp/\libhal_bsp.a(alt_load.o)
 .debug_frame   0x0000000000000248       0x2c ../lab4_test_bsp/\libhal_bsp.a(alt_main.o)
 .debug_frame   0x0000000000000274       0x54 ../lab4_test_bsp/\libhal_bsp.a(alt_printf.o)
 .debug_frame   0x00000000000002c8       0x30 ../lab4_test_bsp/\libhal_bsp.a(alt_putchar.o)
 .debug_frame   0x00000000000002f8       0x2c ../lab4_test_bsp/\libhal_bsp.a(alt_write.o)
 .debug_frame   0x0000000000000324       0x3c ../lab4_test_bsp/\libhal_bsp.a(alt_sys_init.o)
 .debug_frame   0x0000000000000360       0x20 ../lab4_test_bsp/\libhal_bsp.a(altera_avalon_jtag_uart_write.o)
 .debug_frame   0x0000000000000380       0x80 ../lab4_test_bsp/\libhal_bsp.a(altera_up_avalon_accelerometer_spi.o)
 .debug_frame   0x0000000000000400       0x20 ../lab4_test_bsp/\libhal_bsp.a(alt_dcache_flush_all.o)
 .debug_frame   0x0000000000000420       0x20 ../lab4_test_bsp/\libhal_bsp.a(alt_dev.o)
 .debug_frame   0x0000000000000440       0x2c ../lab4_test_bsp/\libhal_bsp.a(alt_dev_llist_insert.o)
 .debug_frame   0x000000000000046c       0x3c ../lab4_test_bsp/\libhal_bsp.a(alt_find_dev.o)
 .debug_frame   0x00000000000004a8       0x20 ../lab4_test_bsp/\libhal_bsp.a(alt_icache_flush_all.o)
 .debug_frame   0x00000000000004c8       0x34 ../lab4_test_bsp/\libhal_bsp.a(alt_irq_handler.o)
 .debug_frame   0x00000000000004fc       0x20 ../lab4_test_bsp/\libhal_bsp.a(altera_nios2_gen2_irq.o)
 .debug_frame   0x000000000000051c       0x30 ../lab4_test_bsp/\libhal_bsp.a(alt_instruction_exception_entry.o)
 .debug_frame   0x000000000000054c       0x20 c:/intelfpga_lite/18.1/nios2eds/bin/gnu/h-x86_64-mingw32/bin/../lib/gcc/nios2-elf/5.3.0/../../../../../H-x86_64-mingw32/nios2-elf/lib/mno-hw-mul\libsmallc.a(lib_a-memcmp.o)

.debug_str      0x0000000000000000     0x174c
 *(.debug_str)
 .debug_str     0x0000000000000000      0x332 obj/default/hello_world_small.o
                                        0x395 (size before relaxing)
 .debug_str     0x0000000000000332      0x148 c:/intelfpga_lite/18.1/nios2eds/bin/gnu/h-x86_64-mingw32/bin/../lib/gcc/nios2-elf/5.3.0/mno-hw-mul\libgcc.a(lib2-mul.o)
                                        0x193 (size before relaxing)
 .debug_str     0x000000000000047a      0x3ee c:/intelfpga_lite/18.1/nios2eds/bin/gnu/h-x86_64-mingw32/bin/../lib/gcc/nios2-elf/5.3.0/../../../../../H-x86_64-mingw32/nios2-elf/lib/mno-hw-mul\libsmallc.a(lib_a-puts.o)
                                        0x4cd (size before relaxing)
 .debug_str     0x0000000000000868       0xd2 c:/intelfpga_lite/18.1/nios2eds/bin/gnu/h-x86_64-mingw32/bin/../lib/gcc/nios2-elf/5.3.0/../../../../../H-x86_64-mingw32/nios2-elf/lib/mno-hw-mul\libsmallc.a(lib_a-strlen.o)
                                        0x1e5 (size before relaxing)
 .debug_str     0x000000000000093a       0x63 c:/intelfpga_lite/18.1/nios2eds/bin/gnu/h-x86_64-mingw32/bin/../lib/gcc/nios2-elf/5.3.0/../../../../../H-x86_64-mingw32/nios2-elf/lib/mno-hw-mul\libsmallc.a(lib_a-fvwrite_small_dev.o)
                                        0x4d4 (size before relaxing)
 .debug_str     0x000000000000099d       0xef c:/intelfpga_lite/18.1/nios2eds/bin/gnu/h-x86_64-mingw32/bin/../lib/gcc/nios2-elf/5.3.0/../../../../../H-x86_64-mingw32/nios2-elf/lib/mno-hw-mul\libsmallc.a(lib_a-impure.o)
                                        0x4be (size before relaxing)
 .debug_str     0x0000000000000a8c       0x45 c:/intelfpga_lite/18.1/nios2eds/bin/gnu/h-x86_64-mingw32/bin/../lib/gcc/nios2-elf/5.3.0/../../../../../H-x86_64-mingw32/nios2-elf/lib/mno-hw-mul\libsmallc.a(lib_a-writer.o)
                                        0x4b8 (size before relaxing)
 .debug_str     0x0000000000000ad1       0x3f c:/intelfpga_lite/18.1/nios2eds/bin/gnu/h-x86_64-mingw32/bin/../lib/gcc/nios2-elf/5.3.0/../../../../../H-x86_64-mingw32/nios2-elf/lib/mno-hw-mul\libsmallc.a(lib_a-int_errno.o)
                                        0x1d8 (size before relaxing)
 .debug_str     0x0000000000000b10       0xf0 ../lab4_test_bsp/\libhal_bsp.a(alt_irq_register.o)
                                        0x221 (size before relaxing)
 .debug_str     0x0000000000000c00       0x17 ../lab4_test_bsp/\libhal_bsp.a(alt_irq_vars.o)
                                        0x153 (size before relaxing)
 .debug_str     0x0000000000000c17      0x113 ../lab4_test_bsp/\libhal_bsp.a(alt_load.o)
                                        0x255 (size before relaxing)
 .debug_str     0x0000000000000d2a       0x5e ../lab4_test_bsp/\libhal_bsp.a(alt_main.o)
                                        0x1f7 (size before relaxing)
 .debug_str     0x0000000000000d88       0x54 ../lab4_test_bsp/\libhal_bsp.a(alt_printf.o)
                                        0x11f (size before relaxing)
 .debug_str     0x0000000000000ddc       0x5e ../lab4_test_bsp/\libhal_bsp.a(alt_putchar.o)
                                        0x1a4 (size before relaxing)
 .debug_str     0x0000000000000e3a       0x2c ../lab4_test_bsp/\libhal_bsp.a(alt_write.o)
                                        0x1f7 (size before relaxing)
 .debug_str     0x0000000000000e66       0xfa ../lab4_test_bsp/\libhal_bsp.a(alt_sys_init.o)
                                        0x363 (size before relaxing)
 .debug_str     0x0000000000000f60       0x2c ../lab4_test_bsp/\libhal_bsp.a(altera_avalon_jtag_uart_write.o)
                                        0x24f (size before relaxing)
 .debug_str     0x0000000000000f8c       0xd9 ../lab4_test_bsp/\libhal_bsp.a(altera_up_avalon_accelerometer_spi.o)
                                        0x367 (size before relaxing)
 .debug_str     0x0000000000001065       0x1f ../lab4_test_bsp/\libhal_bsp.a(alt_dcache_flush_all.o)
                                        0x16e (size before relaxing)
 .debug_str     0x0000000000001084      0x125 ../lab4_test_bsp/\libhal_bsp.a(alt_dev.o)
                                        0x31e (size before relaxing)
 .debug_str     0x00000000000011a9       0x30 ../lab4_test_bsp/\libhal_bsp.a(alt_dev_llist_insert.o)
                                        0x1e5 (size before relaxing)
 .debug_str     0x00000000000011d9       0x14 ../lab4_test_bsp/\libhal_bsp.a(alt_errno.o)
                                        0x15e (size before relaxing)
 .debug_str     0x00000000000011ed       0x1e ../lab4_test_bsp/\libhal_bsp.a(alt_find_dev.o)
                                        0x213 (size before relaxing)
 .debug_str     0x000000000000120b       0x1f ../lab4_test_bsp/\libhal_bsp.a(alt_icache_flush_all.o)
                                        0x16e (size before relaxing)
 .debug_str     0x000000000000122a       0x3a ../lab4_test_bsp/\libhal_bsp.a(alt_irq_handler.o)
                                        0x1d1 (size before relaxing)
 .debug_str     0x0000000000001264       0x20 ../lab4_test_bsp/\libhal_bsp.a(altera_nios2_gen2_irq.o)
                                        0x19e (size before relaxing)
 .debug_str     0x0000000000001284      0x48b ../lab4_test_bsp/\libhal_bsp.a(alt_instruction_exception_entry.o)
                                        0x5b9 (size before relaxing)
 .debug_str     0x000000000000170f       0x3d c:/intelfpga_lite/18.1/nios2eds/bin/gnu/h-x86_64-mingw32/bin/../lib/gcc/nios2-elf/5.3.0/../../../../../H-x86_64-mingw32/nios2-elf/lib/mno-hw-mul\libsmallc.a(lib_a-memcmp.o)
                                        0x1df (size before relaxing)

.debug_loc      0x0000000000000000      0xd19
 *(.debug_loc)
 .debug_loc     0x0000000000000000      0x2d3 obj/default/hello_world_small.o
 .debug_loc     0x00000000000002d3       0x93 c:/intelfpga_lite/18.1/nios2eds/bin/gnu/h-x86_64-mingw32/bin/../lib/gcc/nios2-elf/5.3.0/mno-hw-mul\libgcc.a(lib2-mul.o)
 .debug_loc     0x0000000000000366       0x97 c:/intelfpga_lite/18.1/nios2eds/bin/gnu/h-x86_64-mingw32/bin/../lib/gcc/nios2-elf/5.3.0/../../../../../H-x86_64-mingw32/nios2-elf/lib/mno-hw-mul\libsmallc.a(lib_a-puts.o)
 .debug_loc     0x00000000000003fd       0x1e c:/intelfpga_lite/18.1/nios2eds/bin/gnu/h-x86_64-mingw32/bin/../lib/gcc/nios2-elf/5.3.0/../../../../../H-x86_64-mingw32/nios2-elf/lib/mno-hw-mul\libsmallc.a(lib_a-strlen.o)
 .debug_loc     0x000000000000041b      0x110 c:/intelfpga_lite/18.1/nios2eds/bin/gnu/h-x86_64-mingw32/bin/../lib/gcc/nios2-elf/5.3.0/../../../../../H-x86_64-mingw32/nios2-elf/lib/mno-hw-mul\libsmallc.a(lib_a-fvwrite_small_dev.o)
 .debug_loc     0x000000000000052b       0xa5 c:/intelfpga_lite/18.1/nios2eds/bin/gnu/h-x86_64-mingw32/bin/../lib/gcc/nios2-elf/5.3.0/../../../../../H-x86_64-mingw32/nios2-elf/lib/mno-hw-mul\libsmallc.a(lib_a-writer.o)
 .debug_loc     0x00000000000005d0       0xfa ../lab4_test_bsp/\libhal_bsp.a(alt_irq_register.o)
 .debug_loc     0x00000000000006ca      0x1de ../lab4_test_bsp/\libhal_bsp.a(alt_printf.o)
 .debug_loc     0x00000000000008a8       0x2c ../lab4_test_bsp/\libhal_bsp.a(alt_putchar.o)
 .debug_loc     0x00000000000008d4       0xcf ../lab4_test_bsp/\libhal_bsp.a(alt_write.o)
 .debug_loc     0x00000000000009a3       0x21 ../lab4_test_bsp/\libhal_bsp.a(alt_sys_init.o)
 .debug_loc     0x00000000000009c4       0x8b ../lab4_test_bsp/\libhal_bsp.a(altera_avalon_jtag_uart_write.o)
 .debug_loc     0x0000000000000a4f       0x63 ../lab4_test_bsp/\libhal_bsp.a(altera_up_avalon_accelerometer_spi.o)
 .debug_loc     0x0000000000000ab2       0x7e ../lab4_test_bsp/\libhal_bsp.a(alt_dev_llist_insert.o)
 .debug_loc     0x0000000000000b30       0x7e ../lab4_test_bsp/\libhal_bsp.a(alt_find_dev.o)
 .debug_loc     0x0000000000000bae       0x72 ../lab4_test_bsp/\libhal_bsp.a(alt_irq_handler.o)
 .debug_loc     0x0000000000000c20       0x65 ../lab4_test_bsp/\libhal_bsp.a(alt_instruction_exception_entry.o)
 .debug_loc     0x0000000000000c85       0x94 c:/intelfpga_lite/18.1/nios2eds/bin/gnu/h-x86_64-mingw32/bin/../lib/gcc/nios2-elf/5.3.0/../../../../../H-x86_64-mingw32/nios2-elf/lib/mno-hw-mul\libsmallc.a(lib_a-memcmp.o)

.debug_macinfo
 *(.debug_macinfo)

.debug_weaknames
 *(.debug_weaknames)

.debug_funcnames
 *(.debug_funcnames)

.debug_typenames
 *(.debug_typenames)

.debug_varnames
 *(.debug_varnames)

.debug_alt_sim_info
                0x0000000000000000       0x10
 *(.debug_alt_sim_info)
 .debug_alt_sim_info
                0x0000000000000000       0x10 ../lab4_test_bsp//obj/HAL/src/crt0.o
                0x0000000000020000                __alt_data_end = 0x20000
                0x0000000000020000                PROVIDE (__alt_stack_pointer, __alt_data_end)
                [!provide]                        PROVIDE (__alt_stack_limit, __alt_stack_base)
                [!provide]                        PROVIDE (__alt_heap_start, end)
                [!provide]                        PROVIDE (__alt_heap_limit, 0x20000)
OUTPUT(lab4_test.elf elf32-littlenios2)

.debug_ranges   0x0000000000000000      0x228
 .debug_ranges  0x0000000000000000       0x20 ../lab4_test_bsp//obj/HAL/src/crt0.o
 .debug_ranges  0x0000000000000020       0x60 obj/default/hello_world_small.o
 .debug_ranges  0x0000000000000080       0x18 c:/intelfpga_lite/18.1/nios2eds/bin/gnu/h-x86_64-mingw32/bin/../lib/gcc/nios2-elf/5.3.0/../../../../../H-x86_64-mingw32/nios2-elf/lib/mno-hw-mul\libsmallc.a(lib_a-puts.o)
 .debug_ranges  0x0000000000000098       0x10 c:/intelfpga_lite/18.1/nios2eds/bin/gnu/h-x86_64-mingw32/bin/../lib/gcc/nios2-elf/5.3.0/../../../../../H-x86_64-mingw32/nios2-elf/lib/mno-hw-mul\libsmallc.a(lib_a-strlen.o)
 .debug_ranges  0x00000000000000a8       0x28 c:/intelfpga_lite/18.1/nios2eds/bin/gnu/h-x86_64-mingw32/bin/../lib/gcc/nios2-elf/5.3.0/../../../../../H-x86_64-mingw32/nios2-elf/lib/mno-hw-mul\libsmallc.a(lib_a-fvwrite_small_dev.o)
 .debug_ranges  0x00000000000000d0       0x10 c:/intelfpga_lite/18.1/nios2eds/bin/gnu/h-x86_64-mingw32/bin/../lib/gcc/nios2-elf/5.3.0/../../../../../H-x86_64-mingw32/nios2-elf/lib/mno-hw-mul\libsmallc.a(lib_a-writer.o)
 .debug_ranges  0x00000000000000e0       0x48 ../lab4_test_bsp/\libhal_bsp.a(alt_load.o)
 .debug_ranges  0x0000000000000128       0x18 ../lab4_test_bsp/\libhal_bsp.a(alt_printf.o)
 .debug_ranges  0x0000000000000140       0x20 ../lab4_test_bsp/\libhal_bsp.a(alt_write.o)
 .debug_ranges  0x0000000000000160       0x18 ../lab4_test_bsp/\libhal_bsp.a(alt_sys_init.o)
 .debug_ranges  0x0000000000000178       0x20 ../lab4_test_bsp/\libhal_bsp.a(alt_dev_llist_insert.o)
 .debug_ranges  0x0000000000000198       0x28 ../lab4_test_bsp/\libhal_bsp.a(alt_irq_entry.o)
 .debug_ranges  0x00000000000001c0       0x10 ../lab4_test_bsp/\libhal_bsp.a(alt_irq_handler.o)
 .debug_ranges  0x00000000000001d0       0x30 ../lab4_test_bsp/\libhal_bsp.a(alt_exception_entry.o)
 .debug_ranges  0x0000000000000200       0x18 ../lab4_test_bsp/\libhal_bsp.a(alt_instruction_exception_entry.o)
 .debug_ranges  0x0000000000000218       0x10 c:/intelfpga_lite/18.1/nios2eds/bin/gnu/h-x86_64-mingw32/bin/../lib/gcc/nios2-elf/5.3.0/../../../../../H-x86_64-mingw32/nios2-elf/lib/mno-hw-mul\libsmallc.a(lib_a-memcmp.o)
