Archive member included to satisfy reference by file (symbol)

c:/intelfpga_lite/18.1/nios2eds/bin/gnu/h-x86_64-mingw32/bin/../lib/gcc/nios2-elf/5.3.0/mno-hw-mul\libgcc.a(lib2-mul.o)
                              obj/default/hello_world_small.o (__mulsi3)
c:/intelfpga_lite/18.1/nios2eds/bin/gnu/h-x86_64-mingw32/bin/../lib/gcc/nios2-elf/5.3.0/../../../../../H-x86_64-mingw32/nios2-elf/lib/mno-hw-mul\libsmallc.a(lib_a-puts.o)
                              obj/default/hello_world_small.o (puts)
c:/intelfpga_lite/18.1/nios2eds/bin/gnu/h-x86_64-mingw32/bin/../lib/gcc/nios2-elf/5.3.0/../../../../../H-x86_64-mingw32/nios2-elf/lib/mno-hw-mul\libsmallc.a(lib_a-strlen.o)
                              c:/intelfpga_lite/18.1/nios2eds/bin/gnu/h-x86_64-mingw32/bin/../lib/gcc/nios2-elf/5.3.0/../../../../../H-x86_64-mingw32/nios2-elf/lib/mno-hw-mul\libsmallc.a(lib_a-puts.o) (strlen)
c:/intelfpga_lite/18.1/nios2eds/bin/gnu/h-x86_64-mingw32/bin/../lib/gcc/nios2-elf/5.3.0/../../../../../H-x86_64-mingw32/nios2-elf/lib/mno-hw-mul\libsmallc.a(lib_a-fvwrite_small_dev.o)
                              c:/intelfpga_lite/18.1/nios2eds/bin/gnu/h-x86_64-mingw32/bin/../lib/gcc/nios2-elf/5.3.0/../../../../../H-x86_64-mingw32/nios2-elf/lib/mno-hw-mul\libsmallc.a(lib_a-puts.o) (__sfvwrite_small_dev)
c:/intelfpga_lite/18.1/nios2eds/bin/gnu/h-x86_64-mingw32/bin/../lib/gcc/nios2-elf/5.3.0/../../../../../H-x86_64-mingw32/nios2-elf/lib/mno-hw-mul\libsmallc.a(lib_a-impure.o)
                              c:/intelfpga_lite/18.1/nios2eds/bin/gnu/h-x86_64-mingw32/bin/../lib/gcc/nios2-elf/5.3.0/../../../../../H-x86_64-mingw32/nios2-elf/lib/mno-hw-mul\libsmallc.a(lib_a-puts.o) (_impure_ptr)
c:/intelfpga_lite/18.1/nios2eds/bin/gnu/h-x86_64-mingw32/bin/../lib/gcc/nios2-elf/5.3.0/../../../../../H-x86_64-mingw32/nios2-elf/lib/mno-hw-mul\libsmallc.a(lib_a-writer.o)
                              c:/intelfpga_lite/18.1/nios2eds/bin/gnu/h-x86_64-mingw32/bin/../lib/gcc/nios2-elf/5.3.0/../../../../../H-x86_64-mingw32/nios2-elf/lib/mno-hw-mul\libsmallc.a(lib_a-fvwrite_small_dev.o) (_write_r)
c:/intelfpga_lite/18.1/nios2eds/bin/gnu/h-x86_64-mingw32/bin/../lib/gcc/nios2-elf/5.3.0/../../../../../H-x86_64-mingw32/nios2-elf/lib/mno-hw-mul\libsmallc.a(lib_a-int_errno.o)
                              c:/intelfpga_lite/18.1/nios2eds/bin/gnu/h-x86_64-mingw32/bin/../lib/gcc/nios2-elf/5.3.0/../../../../../H-x86_64-mingw32/nios2-elf/lib/mno-hw-mul\libsmallc.a(lib_a-writer.o) (errno)
../IP_project_bsp/\libhal_bsp.a(alt_irq_register.o)
                              obj/default/hello_world_small.o (alt_irq_register)
../IP_project_bsp/\libhal_bsp.a(alt_irq_vars.o)
                              ../IP_project_bsp/\libhal_bsp.a(alt_irq_register.o) (alt_irq_active)
../IP_project_bsp/\libhal_bsp.a(alt_load.o)
                              ../IP_project_bsp//obj/HAL/src/crt0.o (alt_load)
../IP_project_bsp/\libhal_bsp.a(alt_main.o)
                              ../IP_project_bsp//obj/HAL/src/crt0.o (alt_main)
../IP_project_bsp/\libhal_bsp.a(alt_printf.o)
                              obj/default/hello_world_small.o (alt_printf)
../IP_project_bsp/\libhal_bsp.a(alt_putchar.o)
                              ../IP_project_bsp/\libhal_bsp.a(alt_printf.o) (alt_putchar)
../IP_project_bsp/\libhal_bsp.a(alt_write.o)
                              c:/intelfpga_lite/18.1/nios2eds/bin/gnu/h-x86_64-mingw32/bin/../lib/gcc/nios2-elf/5.3.0/../../../../../H-x86_64-mingw32/nios2-elf/lib/mno-hw-mul\libsmallc.a(lib_a-writer.o) (write)
../IP_project_bsp/\libhal_bsp.a(alt_sys_init.o)
                              ../IP_project_bsp/\libhal_bsp.a(alt_main.o) (alt_irq_init)
../IP_project_bsp/\libhal_bsp.a(altera_avalon_jtag_uart_write.o)
                              ../IP_project_bsp/\libhal_bsp.a(alt_putchar.o) (altera_avalon_jtag_uart_write)
../IP_project_bsp/\libhal_bsp.a(altera_up_avalon_accelerometer_spi.o)
                              obj/default/hello_world_small.o (alt_up_accelerometer_spi_open_dev)
../IP_project_bsp/\libhal_bsp.a(alt_dcache_flush_all.o)
                              ../IP_project_bsp/\libhal_bsp.a(alt_load.o) (alt_dcache_flush_all)
../IP_project_bsp/\libhal_bsp.a(alt_dev.o)
                              ../IP_project_bsp/\libhal_bsp.a(alt_sys_init.o) (alt_dev_list)
../IP_project_bsp/\libhal_bsp.a(alt_dev_llist_insert.o)
                              ../IP_project_bsp/\libhal_bsp.a(alt_sys_init.o) (alt_dev_llist_insert)
../IP_project_bsp/\libhal_bsp.a(alt_errno.o)
                              ../IP_project_bsp/\libhal_bsp.a(alt_write.o) (alt_errno)
../IP_project_bsp/\libhal_bsp.a(alt_find_dev.o)
                              ../IP_project_bsp/\libhal_bsp.a(altera_up_avalon_accelerometer_spi.o) (alt_find_dev)
../IP_project_bsp/\libhal_bsp.a(alt_icache_flush_all.o)
                              ../IP_project_bsp/\libhal_bsp.a(alt_load.o) (alt_icache_flush_all)
../IP_project_bsp/\libhal_bsp.a(alt_irq_entry.o)
                              ../IP_project_bsp/\libhal_bsp.a(alt_irq_register.o) (alt_irq_entry)
../IP_project_bsp/\libhal_bsp.a(alt_irq_handler.o)
                              ../IP_project_bsp/\libhal_bsp.a(alt_irq_register.o) (alt_irq_handler)
../IP_project_bsp/\libhal_bsp.a(altera_nios2_gen2_irq.o)
                              ../IP_project_bsp/\libhal_bsp.a(alt_sys_init.o) (altera_nios2_gen2_irq_init)
../IP_project_bsp/\libhal_bsp.a(alt_exception_entry.o)
                              ../IP_project_bsp/\libhal_bsp.a(alt_irq_entry.o) (alt_exception)
../IP_project_bsp/\libhal_bsp.a(alt_instruction_exception_entry.o)
                              ../IP_project_bsp/\libhal_bsp.a(alt_exception_entry.o) (alt_instruction_exception_entry)
c:/intelfpga_lite/18.1/nios2eds/bin/gnu/h-x86_64-mingw32/bin/../lib/gcc/nios2-elf/5.3.0/../../../../../H-x86_64-mingw32/nios2-elf/lib/mno-hw-mul\libsmallc.a(lib_a-memcmp.o)
                              ../IP_project_bsp/\libhal_bsp.a(alt_find_dev.o) (memcmp)

Allocating common symbols
Common symbol       size              file

alt_irq             0x100             ../IP_project_bsp/\libhal_bsp.a(alt_irq_handler.o)
errno               0x4               c:/intelfpga_lite/18.1/nios2eds/bin/gnu/h-x86_64-mingw32/bin/../lib/gcc/nios2-elf/5.3.0/../../../../../H-x86_64-mingw32/nios2-elf/lib/mno-hw-mul\libsmallc.a(lib_a-int_errno.o)
led                 0x1               obj/default/hello_world_small.o
level               0x4               obj/default/hello_world_small.o

Memory Configuration

Name             Origin             Length             Attributes
reset            0x0000000000010000 0x0000000000000020
onchip_memory    0x0000000000010020 0x000000000000ffe0
*default*        0x0000000000000000 0xffffffffffffffff

Linker script and memory map

LOAD ../IP_project_bsp//obj/HAL/src/crt0.o
LOAD obj/default/hello_world_small.o
LOAD c:/intelfpga_lite/18.1/nios2eds/bin/gnu/h-x86_64-mingw32/bin/../lib/gcc/nios2-elf/5.3.0/../../../../../H-x86_64-mingw32/nios2-elf/lib/mno-hw-mul\libstdc++.a
LOAD c:/intelfpga_lite/18.1/nios2eds/bin/gnu/h-x86_64-mingw32/bin/../lib/gcc/nios2-elf/5.3.0/../../../../../H-x86_64-mingw32/nios2-elf/lib/mno-hw-mul\libm.a
LOAD c:/intelfpga_lite/18.1/nios2eds/bin/gnu/h-x86_64-mingw32/bin/../lib/gcc/nios2-elf/5.3.0/mno-hw-mul\libgcc.a
START GROUP
LOAD c:/intelfpga_lite/18.1/nios2eds/bin/gnu/h-x86_64-mingw32/bin/../lib/gcc/nios2-elf/5.3.0/../../../../../H-x86_64-mingw32/nios2-elf/lib/mno-hw-mul\libsmallc.a
LOAD c:/intelfpga_lite/18.1/nios2eds/bin/gnu/h-x86_64-mingw32/bin/../lib/gcc/nios2-elf/5.3.0/mno-hw-mul\libgcc.a
LOAD ../IP_project_bsp/\libhal_bsp.a
LOAD c:/intelfpga_lite/18.1/nios2eds/bin/gnu/h-x86_64-mingw32/bin/../lib/gcc/nios2-elf/5.3.0/../../../../../H-x86_64-mingw32/nios2-elf/lib/mno-hw-mul\libm.a
END GROUP
LOAD c:/intelfpga_lite/18.1/nios2eds/bin/gnu/h-x86_64-mingw32/bin/../lib/gcc/nios2-elf/5.3.0/mno-hw-mul\libgcc.a
                0x0000000000010000                __alt_mem_onchip_memory = 0x10000

.entry          0x0000000000010000       0x20
 *(.entry)
 .entry         0x0000000000010000       0x20 ../IP_project_bsp//obj/HAL/src/crt0.o
                0x0000000000010000                __reset
                0x000000000001000c                _exit

.exceptions     0x0000000000010020      0x160
                0x0000000000010020                PROVIDE (__ram_exceptions_start, ABSOLUTE (.))
                0x0000000000010020                . = ALIGN (0x20)
 *(.irq)
 *(.exceptions.entry.label)
 .exceptions.entry.label
                0x0000000000010020        0x0 ../IP_project_bsp/\libhal_bsp.a(alt_irq_entry.o)
                0x0000000000010020                alt_irq_entry
 .exceptions.entry.label
                0x0000000000010020        0x0 ../IP_project_bsp/\libhal_bsp.a(alt_exception_entry.o)
                0x0000000000010020                alt_exception
 *(.exceptions.entry.user)
 *(.exceptions.entry.ecc_fatal)
 *(.exceptions.entry)
 .exceptions.entry
                0x0000000000010020       0x54 ../IP_project_bsp/\libhal_bsp.a(alt_exception_entry.o)
 *(.exceptions.irqtest.user)
 *(.exceptions.irqtest)
 .exceptions.irqtest
                0x0000000000010074       0x10 ../IP_project_bsp/\libhal_bsp.a(alt_irq_entry.o)
 *(.exceptions.irqhandler.user)
 *(.exceptions.irqhandler)
 .exceptions.irqhandler
                0x0000000000010084        0x4 ../IP_project_bsp/\libhal_bsp.a(alt_irq_entry.o)
 *(.exceptions.irqreturn.user)
 *(.exceptions.irqreturn)
 .exceptions.irqreturn
                0x0000000000010088        0x4 ../IP_project_bsp/\libhal_bsp.a(alt_irq_entry.o)
 *(.exceptions.notirq.label)
 .exceptions.notirq.label
                0x000000000001008c        0x0 ../IP_project_bsp/\libhal_bsp.a(alt_irq_entry.o)
 *(.exceptions.notirq.user)
 *(.exceptions.notirq)
 .exceptions.notirq
                0x000000000001008c        0x8 ../IP_project_bsp/\libhal_bsp.a(alt_exception_entry.o)
 *(.exceptions.soft.user)
 *(.exceptions.soft)
 *(.exceptions.unknown.user)
 *(.exceptions.unknown)
 .exceptions.unknown
                0x0000000000010094       0x14 ../IP_project_bsp/\libhal_bsp.a(alt_exception_entry.o)
 *(.exceptions.exit.label)
 .exceptions.exit.label
                0x00000000000100a8        0x0 ../IP_project_bsp/\libhal_bsp.a(alt_irq_entry.o)
 .exceptions.exit.label
                0x00000000000100a8        0x0 ../IP_project_bsp/\libhal_bsp.a(alt_exception_entry.o)
 *(.exceptions.exit.user)
 *(.exceptions.exit)
 .exceptions.exit
                0x00000000000100a8       0x54 ../IP_project_bsp/\libhal_bsp.a(alt_exception_entry.o)
 *(.exceptions)
 .exceptions    0x00000000000100fc       0x60 ../IP_project_bsp/\libhal_bsp.a(alt_irq_handler.o)
                0x00000000000100fc                alt_irq_handler
 .exceptions    0x000000000001015c       0x24 ../IP_project_bsp/\libhal_bsp.a(alt_instruction_exception_entry.o)
                0x000000000001015c                alt_instruction_exception_entry
                0x0000000000010180                PROVIDE (__ram_exceptions_end, ABSOLUTE (.))
                0x0000000000010020                PROVIDE (__flash_exceptions_start, LOADADDR (.exceptions))

.text           0x0000000000010180      0xcc8
                [!provide]                        PROVIDE (stext, ABSOLUTE (.))
 *(.interp)
 *(.hash)
 *(.dynsym)
 *(.dynstr)
 *(.gnu.version)
 *(.gnu.version_d)
 *(.gnu.version_r)
 *(.rel.init)
 *(.rela.init)
 *(.rel.text .rel.text.* .rel.gnu.linkonce.t.*)
 *(.rela.text .rela.text.* .rela.gnu.linkonce.t.*)
 *(.rel.fini)
 *(.rela.fini)
 *(.rel.rodata .rel.rodata.* .rel.gnu.linkonce.r.*)
 *(.rela.rodata .rela.rodata.* .rela.gnu.linkonce.r.*)
 *(.rel.data .rel.data.* .rel.gnu.linkonce.d.*)
 *(.rela.data .rela.data.* .rela.gnu.linkonce.d.*)
 *(.rel.tdata .rel.tdata.* .rel.gnu.linkonce.td.*)
 *(.rela.tdata .rela.tdata.* .rela.gnu.linkonce.td.*)
 *(.rel.tbss .rel.tbss.* .rel.gnu.linkonce.tb.*)
 *(.rela.tbss .rela.tbss.* .rela.gnu.linkonce.tb.*)
 *(.rel.ctors)
 *(.rela.ctors)
 *(.rel.dtors)
 *(.rela.dtors)
 *(.rel.got)
 *(.rela.got)
 *(.rel.sdata .rel.sdata.* .rel.gnu.linkonce.s.*)
 *(.rela.sdata .rela.sdata.* .rela.gnu.linkonce.s.*)
 *(.rel.sbss .rel.sbss.* .rel.gnu.linkonce.sb.*)
 *(.rela.sbss .rela.sbss.* .rela.gnu.linkonce.sb.*)
 *(.rel.sdata2 .rel.sdata2.* .rel.gnu.linkonce.s2.*)
 *(.rela.sdata2 .rela.sdata2.* .rela.gnu.linkonce.s2.*)
 *(.rel.sbss2 .rel.sbss2.* .rel.gnu.linkonce.sb2.*)
 *(.rela.sbss2 .rela.sbss2.* .rela.gnu.linkonce.sb2.*)
 *(.rel.bss .rel.bss.* .rel.gnu.linkonce.b.*)
 *(.rela.bss .rela.bss.* .rela.gnu.linkonce.b.*)
 *(.rel.plt)
 *(.rela.plt)
 *(.rel.dyn)
 *(.init)
 *(.plt)
 *(.text .stub .text.* .gnu.linkonce.t.*)
 .text          0x0000000000010180       0x3c ../IP_project_bsp//obj/HAL/src/crt0.o
                0x0000000000010180                _start
 .text          0x00000000000101bc      0x1d8 obj/default/hello_world_small.o
                0x00000000000101bc                sys_timer_isr
                0x000000000001023c                led_write
                0x0000000000010250                convert_read
                0x0000000000010280                timer_init
                0x00000000000102f0                applyFilter
 .text.startup  0x0000000000010394      0x1b4 obj/default/hello_world_small.o
                0x0000000000010394                main
 .text          0x0000000000010548       0x28 c:/intelfpga_lite/18.1/nios2eds/bin/gnu/h-x86_64-mingw32/bin/../lib/gcc/nios2-elf/5.3.0/mno-hw-mul\libgcc.a(lib2-mul.o)
                0x0000000000010548                __mulsi3
 .text          0x0000000000010570        0x0 c:/intelfpga_lite/18.1/nios2eds/bin/gnu/h-x86_64-mingw32/bin/../lib/gcc/nios2-elf/5.3.0/../../../../../H-x86_64-mingw32/nios2-elf/lib/mno-hw-mul\libsmallc.a(lib_a-puts.o)
 .text._puts_r  0x0000000000010570       0x80 c:/intelfpga_lite/18.1/nios2eds/bin/gnu/h-x86_64-mingw32/bin/../lib/gcc/nios2-elf/5.3.0/../../../../../H-x86_64-mingw32/nios2-elf/lib/mno-hw-mul\libsmallc.a(lib_a-puts.o)
                0x0000000000010570                _puts_r
 .text.puts     0x00000000000105f0       0x14 c:/intelfpga_lite/18.1/nios2eds/bin/gnu/h-x86_64-mingw32/bin/../lib/gcc/nios2-elf/5.3.0/../../../../../H-x86_64-mingw32/nios2-elf/lib/mno-hw-mul\libsmallc.a(lib_a-puts.o)
                0x00000000000105f0                puts
 .text          0x0000000000010604        0x0 c:/intelfpga_lite/18.1/nios2eds/bin/gnu/h-x86_64-mingw32/bin/../lib/gcc/nios2-elf/5.3.0/../../../../../H-x86_64-mingw32/nios2-elf/lib/mno-hw-mul\libsmallc.a(lib_a-strlen.o)
 .text.strlen   0x0000000000010604       0x1c c:/intelfpga_lite/18.1/nios2eds/bin/gnu/h-x86_64-mingw32/bin/../lib/gcc/nios2-elf/5.3.0/../../../../../H-x86_64-mingw32/nios2-elf/lib/mno-hw-mul\libsmallc.a(lib_a-strlen.o)
                0x0000000000010604                strlen
 .text          0x0000000000010620        0x0 c:/intelfpga_lite/18.1/nios2eds/bin/gnu/h-x86_64-mingw32/bin/../lib/gcc/nios2-elf/5.3.0/../../../../../H-x86_64-mingw32/nios2-elf/lib/mno-hw-mul\libsmallc.a(lib_a-fvwrite_small_dev.o)
 .text.__sfvwrite_small_dev
                0x0000000000010620       0xb8 c:/intelfpga_lite/18.1/nios2eds/bin/gnu/h-x86_64-mingw32/bin/../lib/gcc/nios2-elf/5.3.0/../../../../../H-x86_64-mingw32/nios2-elf/lib/mno-hw-mul\libsmallc.a(lib_a-fvwrite_small_dev.o)
                0x0000000000010620                __sfvwrite_small_dev
 .text          0x00000000000106d8        0x0 c:/intelfpga_lite/18.1/nios2eds/bin/gnu/h-x86_64-mingw32/bin/../lib/gcc/nios2-elf/5.3.0/../../../../../H-x86_64-mingw32/nios2-elf/lib/mno-hw-mul\libsmallc.a(lib_a-impure.o)
 .text          0x00000000000106d8        0x0 c:/intelfpga_lite/18.1/nios2eds/bin/gnu/h-x86_64-mingw32/bin/../lib/gcc/nios2-elf/5.3.0/../../../../../H-x86_64-mingw32/nios2-elf/lib/mno-hw-mul\libsmallc.a(lib_a-writer.o)
 .text._write_r
                0x00000000000106d8       0x58 c:/intelfpga_lite/18.1/nios2eds/bin/gnu/h-x86_64-mingw32/bin/../lib/gcc/nios2-elf/5.3.0/../../../../../H-x86_64-mingw32/nios2-elf/lib/mno-hw-mul\libsmallc.a(lib_a-writer.o)
                0x00000000000106d8                _write_r
 .text          0x0000000000010730        0x0 c:/intelfpga_lite/18.1/nios2eds/bin/gnu/h-x86_64-mingw32/bin/../lib/gcc/nios2-elf/5.3.0/../../../../../H-x86_64-mingw32/nios2-elf/lib/mno-hw-mul\libsmallc.a(lib_a-int_errno.o)
 .text          0x0000000000010730       0x94 ../IP_project_bsp/\libhal_bsp.a(alt_irq_register.o)
                0x0000000000010730                alt_irq_register
 .text          0x00000000000107c4        0x0 ../IP_project_bsp/\libhal_bsp.a(alt_irq_vars.o)
 .text          0x00000000000107c4       0xe0 ../IP_project_bsp/\libhal_bsp.a(alt_load.o)
                0x00000000000107c4                alt_load
 .text          0x00000000000108a4       0x2c ../IP_project_bsp/\libhal_bsp.a(alt_main.o)
                0x00000000000108a4                alt_main
 .text          0x00000000000108d0      0x170 ../IP_project_bsp/\libhal_bsp.a(alt_printf.o)
                0x00000000000108d0                alt_printf
 .text          0x0000000000010a40       0x48 ../IP_project_bsp/\libhal_bsp.a(alt_putchar.o)
                0x0000000000010a40                alt_putchar
 .text          0x0000000000010a88       0x60 ../IP_project_bsp/\libhal_bsp.a(alt_write.o)
                0x0000000000010a88                write
 .text          0x0000000000010ae8       0x30 ../IP_project_bsp/\libhal_bsp.a(alt_sys_init.o)
                0x0000000000010ae8                alt_irq_init
                0x0000000000010b08                alt_sys_init
 .text          0x0000000000010b18       0x34 ../IP_project_bsp/\libhal_bsp.a(altera_avalon_jtag_uart_write.o)
                0x0000000000010b18                altera_avalon_jtag_uart_write
 .text          0x0000000000010b4c      0x160 ../IP_project_bsp/\libhal_bsp.a(altera_up_avalon_accelerometer_spi.o)
                0x0000000000010b4c                alt_up_accelerometer_spi_open_dev
                0x0000000000010b54                alt_up_accelerometer_spi_read_address_register
                0x0000000000010b68                alt_up_accelerometer_spi_read
                0x0000000000010b88                alt_up_accelerometer_spi_write
                0x0000000000010ba4                alt_up_accelerometer_spi_read_x_axis
                0x0000000000010bfc                alt_up_accelerometer_spi_read_y_axis
                0x0000000000010c54                alt_up_accelerometer_spi_read_z_axis
 .text          0x0000000000010cac        0x4 ../IP_project_bsp/\libhal_bsp.a(alt_dcache_flush_all.o)
                0x0000000000010cac                alt_dcache_flush_all
 .text          0x0000000000010cb0        0x8 ../IP_project_bsp/\libhal_bsp.a(alt_dev.o)
 .text          0x0000000000010cb8       0x6c ../IP_project_bsp/\libhal_bsp.a(alt_dev_llist_insert.o)
                0x0000000000010cb8                alt_dev_llist_insert
 .text          0x0000000000010d24        0x0 ../IP_project_bsp/\libhal_bsp.a(alt_errno.o)
 .text          0x0000000000010d24       0x74 ../IP_project_bsp/\libhal_bsp.a(alt_find_dev.o)
                0x0000000000010d24                alt_find_dev
 .text          0x0000000000010d98        0x4 ../IP_project_bsp/\libhal_bsp.a(alt_icache_flush_all.o)
                0x0000000000010d98                alt_icache_flush_all
 .text          0x0000000000010d9c        0x0 ../IP_project_bsp/\libhal_bsp.a(alt_irq_entry.o)
 .text          0x0000000000010d9c        0x0 ../IP_project_bsp/\libhal_bsp.a(alt_irq_handler.o)
 .text          0x0000000000010d9c        0x8 ../IP_project_bsp/\libhal_bsp.a(altera_nios2_gen2_irq.o)
                0x0000000000010d9c                altera_nios2_gen2_irq_init
 .text          0x0000000000010da4        0x0 ../IP_project_bsp/\libhal_bsp.a(alt_exception_entry.o)
 .text          0x0000000000010da4       0x74 ../IP_project_bsp/\libhal_bsp.a(alt_instruction_exception_entry.o)
                0x0000000000010da4                alt_exception_cause_generated_bad_addr
 .text          0x0000000000010e18        0x0 c:/intelfpga_lite/18.1/nios2eds/bin/gnu/h-x86_64-mingw32/bin/../lib/gcc/nios2-elf/5.3.0/../../../../../H-x86_64-mingw32/nios2-elf/lib/mno-hw-mul\libsmallc.a(lib_a-memcmp.o)
 .text.memcmp   0x0000000000010e18       0x30 c:/intelfpga_lite/18.1/nios2eds/bin/gnu/h-x86_64-mingw32/bin/../lib/gcc/nios2-elf/5.3.0/../../../../../H-x86_64-mingw32/nios2-elf/lib/mno-hw-mul\libsmallc.a(lib_a-memcmp.o)
                0x0000000000010e18                memcmp
 *(.gnu.warning.*)
 *(.fini)
                [!provide]                        PROVIDE (__etext, ABSOLUTE (.))
                [!provide]                        PROVIDE (_etext, ABSOLUTE (.))
                [!provide]                        PROVIDE (etext, ABSOLUTE (.))
 *(.eh_frame_hdr)
                0x0000000000010e48                . = ALIGN (0x4)
                [!provide]                        PROVIDE (__preinit_array_start, ABSOLUTE (.))
 *(.preinit_array)
                [!provide]                        PROVIDE (__preinit_array_end, ABSOLUTE (.))
                [!provide]                        PROVIDE (__init_array_start, ABSOLUTE (.))
 *(.init_array)
                [!provide]                        PROVIDE (__init_array_end, ABSOLUTE (.))
                [!provide]                        PROVIDE (__fini_array_start, ABSOLUTE (.))
 *(.fini_array)
                [!provide]                        PROVIDE (__fini_array_end, ABSOLUTE (.))
 *(.eh_frame)
 *(.gcc_except_table .gcc_except_table.*)
 *(.dynamic)
                [!provide]                        PROVIDE (__CTOR_LIST__, ABSOLUTE (.))
 *(.ctors)
 *(SORT(.ctors.*))
                [!provide]                        PROVIDE (__CTOR_END__, ABSOLUTE (.))
                [!provide]                        PROVIDE (__DTOR_LIST__, ABSOLUTE (.))
 *(.dtors)
 *(SORT(.dtors.*))
                [!provide]                        PROVIDE (__DTOR_END__, ABSOLUTE (.))
 *(.jcr)
                0x0000000000010e48                . = ALIGN (0x4)

.rodata         0x0000000000010e48       0x7c
                0x0000000000010e48                PROVIDE (__ram_rodata_start, ABSOLUTE (.))
                0x0000000000010e48                . = ALIGN (0x4)
 *(.rodata .rodata.* .gnu.linkonce.r.*)
 .rodata.str1.4
                0x0000000000010e48       0x6c obj/default/hello_world_small.o
 .rodata.str1.4
                0x0000000000010eb4        0x2 c:/intelfpga_lite/18.1/nios2eds/bin/gnu/h-x86_64-mingw32/bin/../lib/gcc/nios2-elf/5.3.0/../../../../../H-x86_64-mingw32/nios2-elf/lib/mno-hw-mul\libsmallc.a(lib_a-puts.o)
 .rodata.str1.4
                0x0000000000010eb6       0x17 ../IP_project_bsp/\libhal_bsp.a(alt_sys_init.o)
 *fill*         0x0000000000010eb6        0x2 
 .rodata.str1.4
                0x0000000000010eb8        0xc ../IP_project_bsp/\libhal_bsp.a(alt_dev.o)
                                          0xa (size before relaxing)
 *(.rodata1)
                0x0000000000010ec4                . = ALIGN (0x4)
                0x0000000000010ec4                PROVIDE (__ram_rodata_end, ABSOLUTE (.))
                0x0000000000010e48                PROVIDE (__flash_rodata_start, LOADADDR (.rodata))

.rwdata         0x0000000000010ec4      0x190 load address 0x0000000000011054
                0x0000000000010ec4                PROVIDE (__ram_rwdata_start, ABSOLUTE (.))
                0x0000000000010ec4                . = ALIGN (0x4)
 *(.got.plt)
 *(.got)
 *(.data1)
 *(.data .data.* .gnu.linkonce.d.*)
 .data          0x0000000000010ec4        0x0 ../IP_project_bsp//obj/HAL/src/crt0.o
 .data          0x0000000000010ec4        0x0 obj/default/hello_world_small.o
 .data          0x0000000000010ec4        0x0 c:/intelfpga_lite/18.1/nios2eds/bin/gnu/h-x86_64-mingw32/bin/../lib/gcc/nios2-elf/5.3.0/mno-hw-mul\libgcc.a(lib2-mul.o)
 .data          0x0000000000010ec4        0x0 c:/intelfpga_lite/18.1/nios2eds/bin/gnu/h-x86_64-mingw32/bin/../lib/gcc/nios2-elf/5.3.0/../../../../../H-x86_64-mingw32/nios2-elf/lib/mno-hw-mul\libsmallc.a(lib_a-puts.o)
 .data          0x0000000000010ec4        0x0 c:/intelfpga_lite/18.1/nios2eds/bin/gnu/h-x86_64-mingw32/bin/../lib/gcc/nios2-elf/5.3.0/../../../../../H-x86_64-mingw32/nios2-elf/lib/mno-hw-mul\libsmallc.a(lib_a-strlen.o)
 .data          0x0000000000010ec4        0x0 c:/intelfpga_lite/18.1/nios2eds/bin/gnu/h-x86_64-mingw32/bin/../lib/gcc/nios2-elf/5.3.0/../../../../../H-x86_64-mingw32/nios2-elf/lib/mno-hw-mul\libsmallc.a(lib_a-fvwrite_small_dev.o)
 .data          0x0000000000010ec4        0x0 c:/intelfpga_lite/18.1/nios2eds/bin/gnu/h-x86_64-mingw32/bin/../lib/gcc/nios2-elf/5.3.0/../../../../../H-x86_64-mingw32/nios2-elf/lib/mno-hw-mul\libsmallc.a(lib_a-impure.o)
 .data.impure_data
                0x0000000000010ec4       0xe0 c:/intelfpga_lite/18.1/nios2eds/bin/gnu/h-x86_64-mingw32/bin/../lib/gcc/nios2-elf/5.3.0/../../../../../H-x86_64-mingw32/nios2-elf/lib/mno-hw-mul\libsmallc.a(lib_a-impure.o)
 .data          0x0000000000010fa4        0x0 c:/intelfpga_lite/18.1/nios2eds/bin/gnu/h-x86_64-mingw32/bin/../lib/gcc/nios2-elf/5.3.0/../../../../../H-x86_64-mingw32/nios2-elf/lib/mno-hw-mul\libsmallc.a(lib_a-writer.o)
 .data          0x0000000000010fa4        0x0 c:/intelfpga_lite/18.1/nios2eds/bin/gnu/h-x86_64-mingw32/bin/../lib/gcc/nios2-elf/5.3.0/../../../../../H-x86_64-mingw32/nios2-elf/lib/mno-hw-mul\libsmallc.a(lib_a-int_errno.o)
 .data          0x0000000000010fa4        0x0 ../IP_project_bsp/\libhal_bsp.a(alt_irq_register.o)
 .data          0x0000000000010fa4        0x0 ../IP_project_bsp/\libhal_bsp.a(alt_irq_vars.o)
 .data          0x0000000000010fa4        0x0 ../IP_project_bsp/\libhal_bsp.a(alt_load.o)
 .data          0x0000000000010fa4        0x0 ../IP_project_bsp/\libhal_bsp.a(alt_main.o)
 .data          0x0000000000010fa4        0x0 ../IP_project_bsp/\libhal_bsp.a(alt_printf.o)
 .data          0x0000000000010fa4        0x0 ../IP_project_bsp/\libhal_bsp.a(alt_putchar.o)
 .data          0x0000000000010fa4        0x0 ../IP_project_bsp/\libhal_bsp.a(alt_write.o)
 .data          0x0000000000010fa4       0x2c ../IP_project_bsp/\libhal_bsp.a(alt_sys_init.o)
 .data          0x0000000000010fd0        0x0 ../IP_project_bsp/\libhal_bsp.a(altera_avalon_jtag_uart_write.o)
 .data          0x0000000000010fd0        0x0 ../IP_project_bsp/\libhal_bsp.a(altera_up_avalon_accelerometer_spi.o)
 .data          0x0000000000010fd0        0x0 ../IP_project_bsp/\libhal_bsp.a(alt_dcache_flush_all.o)
 .data          0x0000000000010fd0       0x58 ../IP_project_bsp/\libhal_bsp.a(alt_dev.o)
                0x0000000000010fd0                alt_fd_list
                0x0000000000011000                alt_dev_null
 .data          0x0000000000011028        0x0 ../IP_project_bsp/\libhal_bsp.a(alt_dev_llist_insert.o)
 .data          0x0000000000011028        0x0 ../IP_project_bsp/\libhal_bsp.a(alt_errno.o)
 .data          0x0000000000011028        0x0 ../IP_project_bsp/\libhal_bsp.a(alt_find_dev.o)
 .data          0x0000000000011028        0x0 ../IP_project_bsp/\libhal_bsp.a(alt_icache_flush_all.o)
 .data          0x0000000000011028        0x0 ../IP_project_bsp/\libhal_bsp.a(alt_irq_entry.o)
 .data          0x0000000000011028        0x0 ../IP_project_bsp/\libhal_bsp.a(alt_irq_handler.o)
 .data          0x0000000000011028        0x0 ../IP_project_bsp/\libhal_bsp.a(altera_nios2_gen2_irq.o)
 .data          0x0000000000011028        0x0 ../IP_project_bsp/\libhal_bsp.a(alt_exception_entry.o)
 .data          0x0000000000011028        0x0 ../IP_project_bsp/\libhal_bsp.a(alt_instruction_exception_entry.o)
 .data          0x0000000000011028        0x0 c:/intelfpga_lite/18.1/nios2eds/bin/gnu/h-x86_64-mingw32/bin/../lib/gcc/nios2-elf/5.3.0/../../../../../H-x86_64-mingw32/nios2-elf/lib/mno-hw-mul\libsmallc.a(lib_a-memcmp.o)
                0x0000000000019028                _gp = ABSOLUTE ((. + 0x8000))
                [!provide]                        PROVIDE (gp, _gp)
 *(.rwdata .rwdata.*)
 *(.sdata .sdata.* .gnu.linkonce.s.*)
 .sdata         0x0000000000011028        0x4 obj/default/hello_world_small.o
                0x0000000000011028                TAPS
 .sdata._global_impure_ptr
                0x000000000001102c        0x4 c:/intelfpga_lite/18.1/nios2eds/bin/gnu/h-x86_64-mingw32/bin/../lib/gcc/nios2-elf/5.3.0/../../../../../H-x86_64-mingw32/nios2-elf/lib/mno-hw-mul\libsmallc.a(lib_a-impure.o)
                0x000000000001102c                _global_impure_ptr
 .sdata._impure_ptr
                0x0000000000011030        0x4 c:/intelfpga_lite/18.1/nios2eds/bin/gnu/h-x86_64-mingw32/bin/../lib/gcc/nios2-elf/5.3.0/../../../../../H-x86_64-mingw32/nios2-elf/lib/mno-hw-mul\libsmallc.a(lib_a-impure.o)
                0x0000000000011030                _impure_ptr
 .sdata         0x0000000000011034        0x4 ../IP_project_bsp/\libhal_bsp.a(alt_irq_vars.o)
                0x0000000000011034                alt_priority_mask
 .sdata         0x0000000000011038        0x4 ../IP_project_bsp/\libhal_bsp.a(alt_sys_init.o)
                0x0000000000011038                jtag_uart
 .sdata         0x000000000001103c       0x14 ../IP_project_bsp/\libhal_bsp.a(alt_dev.o)
                0x000000000001103c                alt_max_fd
                0x0000000000011040                alt_dev_list
                0x0000000000011048                alt_fs_list
 .sdata         0x0000000000011050        0x4 ../IP_project_bsp/\libhal_bsp.a(alt_errno.o)
                0x0000000000011050                alt_errno
 *(.sdata2 .sdata2.* .gnu.linkonce.s2.*)
                0x0000000000011054                . = ALIGN (0x4)
                0x0000000000011054                _edata = ABSOLUTE (.)
                [!provide]                        PROVIDE (edata, ABSOLUTE (.))
                0x0000000000011054                PROVIDE (__ram_rwdata_end, ABSOLUTE (.))
                0x0000000000011054                PROVIDE (__flash_rwdata_start, LOADADDR (.rwdata))

.bss            0x00000000000111e4      0x124
                0x00000000000111e4                __bss_start = ABSOLUTE (.)
                [!provide]                        PROVIDE (__sbss_start, ABSOLUTE (.))
                [!provide]                        PROVIDE (___sbss_start, ABSOLUTE (.))
 *(.dynsbss)
 *(.sbss .sbss.* .gnu.linkonce.sb.*)
 .sbss          0x00000000000111e4        0x1 obj/default/hello_world_small.o
                0x00000000000111e4                pwm
 *fill*         0x00000000000111e5        0x3 
 .sbss          0x00000000000111e8        0x8 obj/default/hello_world_small.o
                0x00000000000111e8                led
                0x00000000000111ec                level
 .sbss          0x00000000000111f0        0x4 c:/intelfpga_lite/18.1/nios2eds/bin/gnu/h-x86_64-mingw32/bin/../lib/gcc/nios2-elf/5.3.0/../../../../../H-x86_64-mingw32/nios2-elf/lib/mno-hw-mul\libsmallc.a(lib_a-int_errno.o)
                0x00000000000111f0                errno
 .sbss          0x00000000000111f4        0x4 ../IP_project_bsp/\libhal_bsp.a(alt_irq_vars.o)
                0x00000000000111f4                alt_irq_active
 .sbss          0x00000000000111f8        0xc ../IP_project_bsp/\libhal_bsp.a(alt_main.o)
                0x00000000000111f8                alt_envp
                0x00000000000111fc                alt_argv
                0x0000000000011200                alt_argc
 .sbss          0x0000000000011204        0x4 ../IP_project_bsp/\libhal_bsp.a(alt_instruction_exception_entry.o)
                0x0000000000011204                alt_instruction_exception_handler
 *(.sbss2 .sbss2.* .gnu.linkonce.sb2.*)
 *(.scommon)
                [!provide]                        PROVIDE (__sbss_end, ABSOLUTE (.))
                [!provide]                        PROVIDE (___sbss_end, ABSOLUTE (.))
 *(.dynbss)
 *(.bss .bss.* .gnu.linkonce.b.*)
 .bss           0x0000000000011208        0x0 ../IP_project_bsp//obj/HAL/src/crt0.o
 .bss           0x0000000000011208        0x0 obj/default/hello_world_small.o
 .bss           0x0000000000011208        0x0 c:/intelfpga_lite/18.1/nios2eds/bin/gnu/h-x86_64-mingw32/bin/../lib/gcc/nios2-elf/5.3.0/mno-hw-mul\libgcc.a(lib2-mul.o)
 .bss           0x0000000000011208        0x0 c:/intelfpga_lite/18.1/nios2eds/bin/gnu/h-x86_64-mingw32/bin/../lib/gcc/nios2-elf/5.3.0/../../../../../H-x86_64-mingw32/nios2-elf/lib/mno-hw-mul\libsmallc.a(lib_a-puts.o)
 .bss           0x0000000000011208        0x0 c:/intelfpga_lite/18.1/nios2eds/bin/gnu/h-x86_64-mingw32/bin/../lib/gcc/nios2-elf/5.3.0/../../../../../H-x86_64-mingw32/nios2-elf/lib/mno-hw-mul\libsmallc.a(lib_a-strlen.o)
 .bss           0x0000000000011208        0x0 c:/intelfpga_lite/18.1/nios2eds/bin/gnu/h-x86_64-mingw32/bin/../lib/gcc/nios2-elf/5.3.0/../../../../../H-x86_64-mingw32/nios2-elf/lib/mno-hw-mul\libsmallc.a(lib_a-fvwrite_small_dev.o)
 .bss           0x0000000000011208        0x0 c:/intelfpga_lite/18.1/nios2eds/bin/gnu/h-x86_64-mingw32/bin/../lib/gcc/nios2-elf/5.3.0/../../../../../H-x86_64-mingw32/nios2-elf/lib/mno-hw-mul\libsmallc.a(lib_a-impure.o)
 .bss           0x0000000000011208        0x0 c:/intelfpga_lite/18.1/nios2eds/bin/gnu/h-x86_64-mingw32/bin/../lib/gcc/nios2-elf/5.3.0/../../../../../H-x86_64-mingw32/nios2-elf/lib/mno-hw-mul\libsmallc.a(lib_a-writer.o)
 .bss           0x0000000000011208        0x0 c:/intelfpga_lite/18.1/nios2eds/bin/gnu/h-x86_64-mingw32/bin/../lib/gcc/nios2-elf/5.3.0/../../../../../H-x86_64-mingw32/nios2-elf/lib/mno-hw-mul\libsmallc.a(lib_a-int_errno.o)
 .bss           0x0000000000011208        0x0 ../IP_project_bsp/\libhal_bsp.a(alt_irq_register.o)
 .bss           0x0000000000011208        0x0 ../IP_project_bsp/\libhal_bsp.a(alt_irq_vars.o)
 .bss           0x0000000000011208        0x0 ../IP_project_bsp/\libhal_bsp.a(alt_load.o)
 .bss           0x0000000000011208        0x0 ../IP_project_bsp/\libhal_bsp.a(alt_main.o)
 .bss           0x0000000000011208        0x0 ../IP_project_bsp/\libhal_bsp.a(alt_printf.o)
 .bss           0x0000000000011208        0x0 ../IP_project_bsp/\libhal_bsp.a(alt_putchar.o)
 .bss           0x0000000000011208        0x0 ../IP_project_bsp/\libhal_bsp.a(alt_write.o)
 .bss           0x0000000000011208        0x0 ../IP_project_bsp/\libhal_bsp.a(alt_sys_init.o)
 .bss           0x0000000000011208        0x0 ../IP_project_bsp/\libhal_bsp.a(altera_avalon_jtag_uart_write.o)
 .bss           0x0000000000011208        0x0 ../IP_project_bsp/\libhal_bsp.a(altera_up_avalon_accelerometer_spi.o)
 .bss           0x0000000000011208        0x0 ../IP_project_bsp/\libhal_bsp.a(alt_dcache_flush_all.o)
 .bss           0x0000000000011208        0x0 ../IP_project_bsp/\libhal_bsp.a(alt_dev.o)
 .bss           0x0000000000011208        0x0 ../IP_project_bsp/\libhal_bsp.a(alt_dev_llist_insert.o)
 .bss           0x0000000000011208        0x0 ../IP_project_bsp/\libhal_bsp.a(alt_errno.o)
 .bss           0x0000000000011208        0x0 ../IP_project_bsp/\libhal_bsp.a(alt_find_dev.o)
 .bss           0x0000000000011208        0x0 ../IP_project_bsp/\libhal_bsp.a(alt_icache_flush_all.o)
 .bss           0x0000000000011208        0x0 ../IP_project_bsp/\libhal_bsp.a(alt_irq_entry.o)
 .bss           0x0000000000011208        0x0 ../IP_project_bsp/\libhal_bsp.a(alt_irq_handler.o)
 .bss           0x0000000000011208        0x0 ../IP_project_bsp/\libhal_bsp.a(altera_nios2_gen2_irq.o)
 .bss           0x0000000000011208        0x0 ../IP_project_bsp/\libhal_bsp.a(alt_exception_entry.o)
 .bss           0x0000000000011208        0x0 ../IP_project_bsp/\libhal_bsp.a(alt_instruction_exception_entry.o)
 .bss           0x0000000000011208        0x0 c:/intelfpga_lite/18.1/nios2eds/bin/gnu/h-x86_64-mingw32/bin/../lib/gcc/nios2-elf/5.3.0/../../../../../H-x86_64-mingw32/nios2-elf/lib/mno-hw-mul\libsmallc.a(lib_a-memcmp.o)
 *(COMMON)
 COMMON         0x0000000000011208      0x100 ../IP_project_bsp/\libhal_bsp.a(alt_irq_handler.o)
                0x0000000000011208                alt_irq
                0x0000000000011308                . = ALIGN (0x4)
                0x0000000000011308                __bss_end = ABSOLUTE (.)

.onchip_memory  0x0000000000011308        0x0
                [!provide]                        PROVIDE (_alt_partition_onchip_memory_start, ABSOLUTE (.))
 *(.onchip_memory .onchip_memory. onchip_memory.*)
                0x0000000000011308                . = ALIGN (0x4)
                [!provide]                        PROVIDE (_alt_partition_onchip_memory_end, ABSOLUTE (.))
                0x0000000000011308                _end = ABSOLUTE (.)
                0x0000000000011308                end = ABSOLUTE (.)
                0x0000000000011308                __alt_stack_base = ABSOLUTE (.)
                [!provide]                        PROVIDE (_alt_partition_onchip_memory_load_addr, LOADADDR (.onchip_memory))

.stab
 *(.stab)

.stabstr
 *(.stabstr)

.stab.excl
 *(.stab.excl)

.stab.exclstr
 *(.stab.exclstr)

.stab.index
 *(.stab.index)

.stab.indexstr
 *(.stab.indexstr)

.comment        0x0000000000000000       0x23
 *(.comment)
 .comment       0x0000000000000000       0x23 obj/default/hello_world_small.o
                                         0x24 (size before relaxing)
 .comment       0x0000000000000023       0x24 c:/intelfpga_lite/18.1/nios2eds/bin/gnu/h-x86_64-mingw32/bin/../lib/gcc/nios2-elf/5.3.0/mno-hw-mul\libgcc.a(lib2-mul.o)
 .comment       0x0000000000000023       0x24 c:/intelfpga_lite/18.1/nios2eds/bin/gnu/h-x86_64-mingw32/bin/../lib/gcc/nios2-elf/5.3.0/../../../../../H-x86_64-mingw32/nios2-elf/lib/mno-hw-mul\libsmallc.a(lib_a-puts.o)
 .comment       0x0000000000000023       0x24 c:/intelfpga_lite/18.1/nios2eds/bin/gnu/h-x86_64-mingw32/bin/../lib/gcc/nios2-elf/5.3.0/../../../../../H-x86_64-mingw32/nios2-elf/lib/mno-hw-mul\libsmallc.a(lib_a-strlen.o)
 .comment       0x0000000000000023       0x24 c:/intelfpga_lite/18.1/nios2eds/bin/gnu/h-x86_64-mingw32/bin/../lib/gcc/nios2-elf/5.3.0/../../../../../H-x86_64-mingw32/nios2-elf/lib/mno-hw-mul\libsmallc.a(lib_a-fvwrite_small_dev.o)
 .comment       0x0000000000000023       0x24 c:/intelfpga_lite/18.1/nios2eds/bin/gnu/h-x86_64-mingw32/bin/../lib/gcc/nios2-elf/5.3.0/../../../../../H-x86_64-mingw32/nios2-elf/lib/mno-hw-mul\libsmallc.a(lib_a-impure.o)
 .comment       0x0000000000000023       0x24 c:/intelfpga_lite/18.1/nios2eds/bin/gnu/h-x86_64-mingw32/bin/../lib/gcc/nios2-elf/5.3.0/../../../../../H-x86_64-mingw32/nios2-elf/lib/mno-hw-mul\libsmallc.a(lib_a-writer.o)
 .comment       0x0000000000000023       0x24 c:/intelfpga_lite/18.1/nios2eds/bin/gnu/h-x86_64-mingw32/bin/../lib/gcc/nios2-elf/5.3.0/../../../../../H-x86_64-mingw32/nios2-elf/lib/mno-hw-mul\libsmallc.a(lib_a-int_errno.o)
 .comment       0x0000000000000023       0x24 ../IP_project_bsp/\libhal_bsp.a(alt_irq_register.o)
 .comment       0x0000000000000023       0x24 ../IP_project_bsp/\libhal_bsp.a(alt_irq_vars.o)
 .comment       0x0000000000000023       0x24 ../IP_project_bsp/\libhal_bsp.a(alt_load.o)
 .comment       0x0000000000000023       0x24 ../IP_project_bsp/\libhal_bsp.a(alt_main.o)
 .comment       0x0000000000000023       0x24 ../IP_project_bsp/\libhal_bsp.a(alt_printf.o)
 .comment       0x0000000000000023       0x24 ../IP_project_bsp/\libhal_bsp.a(alt_putchar.o)
 .comment       0x0000000000000023       0x24 ../IP_project_bsp/\libhal_bsp.a(alt_write.o)
 .comment       0x0000000000000023       0x24 ../IP_project_bsp/\libhal_bsp.a(alt_sys_init.o)
 .comment       0x0000000000000023       0x24 ../IP_project_bsp/\libhal_bsp.a(altera_avalon_jtag_uart_write.o)
 .comment       0x0000000000000023       0x24 ../IP_project_bsp/\libhal_bsp.a(altera_up_avalon_accelerometer_spi.o)
 .comment       0x0000000000000023       0x24 ../IP_project_bsp/\libhal_bsp.a(alt_dcache_flush_all.o)
 .comment       0x0000000000000023       0x24 ../IP_project_bsp/\libhal_bsp.a(alt_dev.o)
 .comment       0x0000000000000023       0x24 ../IP_project_bsp/\libhal_bsp.a(alt_dev_llist_insert.o)
 .comment       0x0000000000000023       0x24 ../IP_project_bsp/\libhal_bsp.a(alt_errno.o)
 .comment       0x0000000000000023       0x24 ../IP_project_bsp/\libhal_bsp.a(alt_find_dev.o)
 .comment       0x0000000000000023       0x24 ../IP_project_bsp/\libhal_bsp.a(alt_icache_flush_all.o)
 .comment       0x0000000000000023       0x24 ../IP_project_bsp/\libhal_bsp.a(alt_irq_handler.o)
 .comment       0x0000000000000023       0x24 ../IP_project_bsp/\libhal_bsp.a(altera_nios2_gen2_irq.o)
 .comment       0x0000000000000023       0x24 ../IP_project_bsp/\libhal_bsp.a(alt_instruction_exception_entry.o)
 .comment       0x0000000000000023       0x24 c:/intelfpga_lite/18.1/nios2eds/bin/gnu/h-x86_64-mingw32/bin/../lib/gcc/nios2-elf/5.3.0/../../../../../H-x86_64-mingw32/nios2-elf/lib/mno-hw-mul\libsmallc.a(lib_a-memcmp.o)

.debug
 *(.debug)

.line
 *(.line)

.debug_srcinfo
 *(.debug_srcinfo)

.debug_sfnames
 *(.debug_sfnames)

.debug_aranges  0x0000000000000000      0x408
 *(.debug_aranges)
 .debug_aranges
                0x0000000000000000       0x28 ../IP_project_bsp//obj/HAL/src/crt0.o
 .debug_aranges
                0x0000000000000028       0x28 obj/default/hello_world_small.o
 .debug_aranges
                0x0000000000000050       0x20 c:/intelfpga_lite/18.1/nios2eds/bin/gnu/h-x86_64-mingw32/bin/../lib/gcc/nios2-elf/5.3.0/mno-hw-mul\libgcc.a(lib2-mul.o)
 .debug_aranges
                0x0000000000000070       0x28 c:/intelfpga_lite/18.1/nios2eds/bin/gnu/h-x86_64-mingw32/bin/../lib/gcc/nios2-elf/5.3.0/../../../../../H-x86_64-mingw32/nios2-elf/lib/mno-hw-mul\libsmallc.a(lib_a-puts.o)
 .debug_aranges
                0x0000000000000098       0x20 c:/intelfpga_lite/18.1/nios2eds/bin/gnu/h-x86_64-mingw32/bin/../lib/gcc/nios2-elf/5.3.0/../../../../../H-x86_64-mingw32/nios2-elf/lib/mno-hw-mul\libsmallc.a(lib_a-strlen.o)
 .debug_aranges
                0x00000000000000b8       0x20 c:/intelfpga_lite/18.1/nios2eds/bin/gnu/h-x86_64-mingw32/bin/../lib/gcc/nios2-elf/5.3.0/../../../../../H-x86_64-mingw32/nios2-elf/lib/mno-hw-mul\libsmallc.a(lib_a-fvwrite_small_dev.o)
 .debug_aranges
                0x00000000000000d8       0x18 c:/intelfpga_lite/18.1/nios2eds/bin/gnu/h-x86_64-mingw32/bin/../lib/gcc/nios2-elf/5.3.0/../../../../../H-x86_64-mingw32/nios2-elf/lib/mno-hw-mul\libsmallc.a(lib_a-impure.o)
 .debug_aranges
                0x00000000000000f0       0x20 c:/intelfpga_lite/18.1/nios2eds/bin/gnu/h-x86_64-mingw32/bin/../lib/gcc/nios2-elf/5.3.0/../../../../../H-x86_64-mingw32/nios2-elf/lib/mno-hw-mul\libsmallc.a(lib_a-writer.o)
 .debug_aranges
                0x0000000000000110       0x18 c:/intelfpga_lite/18.1/nios2eds/bin/gnu/h-x86_64-mingw32/bin/../lib/gcc/nios2-elf/5.3.0/../../../../../H-x86_64-mingw32/nios2-elf/lib/mno-hw-mul\libsmallc.a(lib_a-int_errno.o)
 .debug_aranges
                0x0000000000000128       0x20 ../IP_project_bsp/\libhal_bsp.a(alt_irq_register.o)
 .debug_aranges
                0x0000000000000148       0x18 ../IP_project_bsp/\libhal_bsp.a(alt_irq_vars.o)
 .debug_aranges
                0x0000000000000160       0x20 ../IP_project_bsp/\libhal_bsp.a(alt_load.o)
 .debug_aranges
                0x0000000000000180       0x20 ../IP_project_bsp/\libhal_bsp.a(alt_main.o)
 .debug_aranges
                0x00000000000001a0       0x20 ../IP_project_bsp/\libhal_bsp.a(alt_printf.o)
 .debug_aranges
                0x00000000000001c0       0x20 ../IP_project_bsp/\libhal_bsp.a(alt_putchar.o)
 .debug_aranges
                0x00000000000001e0       0x20 ../IP_project_bsp/\libhal_bsp.a(alt_write.o)
 .debug_aranges
                0x0000000000000200       0x20 ../IP_project_bsp/\libhal_bsp.a(alt_sys_init.o)
 .debug_aranges
                0x0000000000000220       0x20 ../IP_project_bsp/\libhal_bsp.a(altera_avalon_jtag_uart_write.o)
 .debug_aranges
                0x0000000000000240       0x20 ../IP_project_bsp/\libhal_bsp.a(altera_up_avalon_accelerometer_spi.o)
 .debug_aranges
                0x0000000000000260       0x20 ../IP_project_bsp/\libhal_bsp.a(alt_dcache_flush_all.o)
 .debug_aranges
                0x0000000000000280       0x20 ../IP_project_bsp/\libhal_bsp.a(alt_dev.o)
 .debug_aranges
                0x00000000000002a0       0x20 ../IP_project_bsp/\libhal_bsp.a(alt_dev_llist_insert.o)
 .debug_aranges
                0x00000000000002c0       0x18 ../IP_project_bsp/\libhal_bsp.a(alt_errno.o)
 .debug_aranges
                0x00000000000002d8       0x20 ../IP_project_bsp/\libhal_bsp.a(alt_find_dev.o)
 .debug_aranges
                0x00000000000002f8       0x20 ../IP_project_bsp/\libhal_bsp.a(alt_icache_flush_all.o)
 .debug_aranges
                0x0000000000000318       0x30 ../IP_project_bsp/\libhal_bsp.a(alt_irq_entry.o)
 .debug_aranges
                0x0000000000000348       0x20 ../IP_project_bsp/\libhal_bsp.a(alt_irq_handler.o)
 .debug_aranges
                0x0000000000000368       0x20 ../IP_project_bsp/\libhal_bsp.a(altera_nios2_gen2_irq.o)
 .debug_aranges
                0x0000000000000388       0x38 ../IP_project_bsp/\libhal_bsp.a(alt_exception_entry.o)
 .debug_aranges
                0x00000000000003c0       0x28 ../IP_project_bsp/\libhal_bsp.a(alt_instruction_exception_entry.o)
 .debug_aranges
                0x00000000000003e8       0x20 c:/intelfpga_lite/18.1/nios2eds/bin/gnu/h-x86_64-mingw32/bin/../lib/gcc/nios2-elf/5.3.0/../../../../../H-x86_64-mingw32/nios2-elf/lib/mno-hw-mul\libsmallc.a(lib_a-memcmp.o)

.debug_pubnames
 *(.debug_pubnames)

.debug_info     0x0000000000000000     0x4a0e
 *(.debug_info .gnu.linkonce.wi.*)
 .debug_info    0x0000000000000000       0x88 ../IP_project_bsp//obj/HAL/src/crt0.o
 .debug_info    0x0000000000000088      0x7ac obj/default/hello_world_small.o
 .debug_info    0x0000000000000834       0xb4 c:/intelfpga_lite/18.1/nios2eds/bin/gnu/h-x86_64-mingw32/bin/../lib/gcc/nios2-elf/5.3.0/mno-hw-mul\libgcc.a(lib2-mul.o)
 .debug_info    0x00000000000008e8      0x66d c:/intelfpga_lite/18.1/nios2eds/bin/gnu/h-x86_64-mingw32/bin/../lib/gcc/nios2-elf/5.3.0/../../../../../H-x86_64-mingw32/nios2-elf/lib/mno-hw-mul\libsmallc.a(lib_a-puts.o)
 .debug_info    0x0000000000000f55       0xc9 c:/intelfpga_lite/18.1/nios2eds/bin/gnu/h-x86_64-mingw32/bin/../lib/gcc/nios2-elf/5.3.0/../../../../../H-x86_64-mingw32/nios2-elf/lib/mno-hw-mul\libsmallc.a(lib_a-strlen.o)
 .debug_info    0x000000000000101e      0x62b c:/intelfpga_lite/18.1/nios2eds/bin/gnu/h-x86_64-mingw32/bin/../lib/gcc/nios2-elf/5.3.0/../../../../../H-x86_64-mingw32/nios2-elf/lib/mno-hw-mul\libsmallc.a(lib_a-fvwrite_small_dev.o)
 .debug_info    0x0000000000001649      0x5a9 c:/intelfpga_lite/18.1/nios2eds/bin/gnu/h-x86_64-mingw32/bin/../lib/gcc/nios2-elf/5.3.0/../../../../../H-x86_64-mingw32/nios2-elf/lib/mno-hw-mul\libsmallc.a(lib_a-impure.o)
 .debug_info    0x0000000000001bf2      0x630 c:/intelfpga_lite/18.1/nios2eds/bin/gnu/h-x86_64-mingw32/bin/../lib/gcc/nios2-elf/5.3.0/../../../../../H-x86_64-mingw32/nios2-elf/lib/mno-hw-mul\libsmallc.a(lib_a-writer.o)
 .debug_info    0x0000000000002222       0x8a c:/intelfpga_lite/18.1/nios2eds/bin/gnu/h-x86_64-mingw32/bin/../lib/gcc/nios2-elf/5.3.0/../../../../../H-x86_64-mingw32/nios2-elf/lib/mno-hw-mul\libsmallc.a(lib_a-int_errno.o)
 .debug_info    0x00000000000022ac      0x30d ../IP_project_bsp/\libhal_bsp.a(alt_irq_register.o)
 .debug_info    0x00000000000025b9       0x88 ../IP_project_bsp/\libhal_bsp.a(alt_irq_vars.o)
 .debug_info    0x0000000000002641      0x1c9 ../IP_project_bsp/\libhal_bsp.a(alt_load.o)
 .debug_info    0x000000000000280a      0x18f ../IP_project_bsp/\libhal_bsp.a(alt_main.o)
 .debug_info    0x0000000000002999      0x14d ../IP_project_bsp/\libhal_bsp.a(alt_printf.o)
 .debug_info    0x0000000000002ae6      0x12a ../IP_project_bsp/\libhal_bsp.a(alt_putchar.o)
 .debug_info    0x0000000000002c10      0x1c7 ../IP_project_bsp/\libhal_bsp.a(alt_write.o)
 .debug_info    0x0000000000002dd7      0x459 ../IP_project_bsp/\libhal_bsp.a(alt_sys_init.o)
 .debug_info    0x0000000000003230      0x1ad ../IP_project_bsp/\libhal_bsp.a(altera_avalon_jtag_uart_write.o)
 .debug_info    0x00000000000033dd      0x479 ../IP_project_bsp/\libhal_bsp.a(altera_up_avalon_accelerometer_spi.o)
 .debug_info    0x0000000000003856       0x92 ../IP_project_bsp/\libhal_bsp.a(alt_dcache_flush_all.o)
 .debug_info    0x00000000000038e8      0x499 ../IP_project_bsp/\libhal_bsp.a(alt_dev.o)
 .debug_info    0x0000000000003d81      0x1b3 ../IP_project_bsp/\libhal_bsp.a(alt_dev_llist_insert.o)
 .debug_info    0x0000000000003f34       0xa6 ../IP_project_bsp/\libhal_bsp.a(alt_errno.o)
 .debug_info    0x0000000000003fda      0x32d ../IP_project_bsp/\libhal_bsp.a(alt_find_dev.o)
 .debug_info    0x0000000000004307       0x92 ../IP_project_bsp/\libhal_bsp.a(alt_icache_flush_all.o)
 .debug_info    0x0000000000004399       0x91 ../IP_project_bsp/\libhal_bsp.a(alt_irq_entry.o)
 .debug_info    0x000000000000442a      0x1a4 ../IP_project_bsp/\libhal_bsp.a(alt_irq_handler.o)
 .debug_info    0x00000000000045ce       0xb8 ../IP_project_bsp/\libhal_bsp.a(altera_nios2_gen2_irq.o)
 .debug_info    0x0000000000004686       0x97 ../IP_project_bsp/\libhal_bsp.a(alt_exception_entry.o)
 .debug_info    0x000000000000471d      0x1fd ../IP_project_bsp/\libhal_bsp.a(alt_instruction_exception_entry.o)
 .debug_info    0x000000000000491a       0xf4 c:/intelfpga_lite/18.1/nios2eds/bin/gnu/h-x86_64-mingw32/bin/../lib/gcc/nios2-elf/5.3.0/../../../../../H-x86_64-mingw32/nios2-elf/lib/mno-hw-mul\libsmallc.a(lib_a-memcmp.o)

.debug_abbrev   0x0000000000000000     0x1b79
 *(.debug_abbrev)
 .debug_abbrev  0x0000000000000000       0x12 ../IP_project_bsp//obj/HAL/src/crt0.o
 .debug_abbrev  0x0000000000000012      0x285 obj/default/hello_world_small.o
 .debug_abbrev  0x0000000000000297       0x6f c:/intelfpga_lite/18.1/nios2eds/bin/gnu/h-x86_64-mingw32/bin/../lib/gcc/nios2-elf/5.3.0/mno-hw-mul\libgcc.a(lib2-mul.o)
 .debug_abbrev  0x0000000000000306      0x1d6 c:/intelfpga_lite/18.1/nios2eds/bin/gnu/h-x86_64-mingw32/bin/../lib/gcc/nios2-elf/5.3.0/../../../../../H-x86_64-mingw32/nios2-elf/lib/mno-hw-mul\libsmallc.a(lib_a-puts.o)
 .debug_abbrev  0x00000000000004dc       0x7f c:/intelfpga_lite/18.1/nios2eds/bin/gnu/h-x86_64-mingw32/bin/../lib/gcc/nios2-elf/5.3.0/../../../../../H-x86_64-mingw32/nios2-elf/lib/mno-hw-mul\libsmallc.a(lib_a-strlen.o)
 .debug_abbrev  0x000000000000055b      0x1bc c:/intelfpga_lite/18.1/nios2eds/bin/gnu/h-x86_64-mingw32/bin/../lib/gcc/nios2-elf/5.3.0/../../../../../H-x86_64-mingw32/nios2-elf/lib/mno-hw-mul\libsmallc.a(lib_a-fvwrite_small_dev.o)
 .debug_abbrev  0x0000000000000717      0x14a c:/intelfpga_lite/18.1/nios2eds/bin/gnu/h-x86_64-mingw32/bin/../lib/gcc/nios2-elf/5.3.0/../../../../../H-x86_64-mingw32/nios2-elf/lib/mno-hw-mul\libsmallc.a(lib_a-impure.o)
 .debug_abbrev  0x0000000000000861      0x1a6 c:/intelfpga_lite/18.1/nios2eds/bin/gnu/h-x86_64-mingw32/bin/../lib/gcc/nios2-elf/5.3.0/../../../../../H-x86_64-mingw32/nios2-elf/lib/mno-hw-mul\libsmallc.a(lib_a-writer.o)
 .debug_abbrev  0x0000000000000a07       0x37 c:/intelfpga_lite/18.1/nios2eds/bin/gnu/h-x86_64-mingw32/bin/../lib/gcc/nios2-elf/5.3.0/../../../../../H-x86_64-mingw32/nios2-elf/lib/mno-hw-mul\libsmallc.a(lib_a-int_errno.o)
 .debug_abbrev  0x0000000000000a3e      0x1a5 ../IP_project_bsp/\libhal_bsp.a(alt_irq_register.o)
 .debug_abbrev  0x0000000000000be3       0x40 ../IP_project_bsp/\libhal_bsp.a(alt_irq_vars.o)
 .debug_abbrev  0x0000000000000c23       0xd8 ../IP_project_bsp/\libhal_bsp.a(alt_load.o)
 .debug_abbrev  0x0000000000000cfb       0xf5 ../IP_project_bsp/\libhal_bsp.a(alt_main.o)
 .debug_abbrev  0x0000000000000df0       0xd5 ../IP_project_bsp/\libhal_bsp.a(alt_printf.o)
 .debug_abbrev  0x0000000000000ec5       0xd2 ../IP_project_bsp/\libhal_bsp.a(alt_putchar.o)
 .debug_abbrev  0x0000000000000f97      0x12e ../IP_project_bsp/\libhal_bsp.a(alt_write.o)
 .debug_abbrev  0x00000000000010c5      0x1a5 ../IP_project_bsp/\libhal_bsp.a(alt_sys_init.o)
 .debug_abbrev  0x000000000000126a       0xd5 ../IP_project_bsp/\libhal_bsp.a(altera_avalon_jtag_uart_write.o)
 .debug_abbrev  0x000000000000133f      0x119 ../IP_project_bsp/\libhal_bsp.a(altera_up_avalon_accelerometer_spi.o)
 .debug_abbrev  0x0000000000001458       0x42 ../IP_project_bsp/\libhal_bsp.a(alt_dcache_flush_all.o)
 .debug_abbrev  0x000000000000149a       0xd9 ../IP_project_bsp/\libhal_bsp.a(alt_dev.o)
 .debug_abbrev  0x0000000000001573      0x11c ../IP_project_bsp/\libhal_bsp.a(alt_dev_llist_insert.o)
 .debug_abbrev  0x000000000000168f       0x5a ../IP_project_bsp/\libhal_bsp.a(alt_errno.o)
 .debug_abbrev  0x00000000000016e9      0x125 ../IP_project_bsp/\libhal_bsp.a(alt_find_dev.o)
 .debug_abbrev  0x000000000000180e       0x42 ../IP_project_bsp/\libhal_bsp.a(alt_icache_flush_all.o)
 .debug_abbrev  0x0000000000001850       0x12 ../IP_project_bsp/\libhal_bsp.a(alt_irq_entry.o)
 .debug_abbrev  0x0000000000001862      0x138 ../IP_project_bsp/\libhal_bsp.a(alt_irq_handler.o)
 .debug_abbrev  0x000000000000199a       0x67 ../IP_project_bsp/\libhal_bsp.a(altera_nios2_gen2_irq.o)
 .debug_abbrev  0x0000000000001a01       0x12 ../IP_project_bsp/\libhal_bsp.a(alt_exception_entry.o)
 .debug_abbrev  0x0000000000001a13       0xe7 ../IP_project_bsp/\libhal_bsp.a(alt_instruction_exception_entry.o)
 .debug_abbrev  0x0000000000001afa       0x7f c:/intelfpga_lite/18.1/nios2eds/bin/gnu/h-x86_64-mingw32/bin/../lib/gcc/nios2-elf/5.3.0/../../../../../H-x86_64-mingw32/nios2-elf/lib/mno-hw-mul\libsmallc.a(lib_a-memcmp.o)

.debug_line     0x0000000000000000     0x1d6c
 *(.debug_line)
 .debug_line    0x0000000000000000       0x66 ../IP_project_bsp//obj/HAL/src/crt0.o
 .debug_line    0x0000000000000066      0x1f6 obj/default/hello_world_small.o
 .debug_line    0x000000000000025c       0x80 c:/intelfpga_lite/18.1/nios2eds/bin/gnu/h-x86_64-mingw32/bin/../lib/gcc/nios2-elf/5.3.0/mno-hw-mul\libgcc.a(lib2-mul.o)
 .debug_line    0x00000000000002dc      0x206 c:/intelfpga_lite/18.1/nios2eds/bin/gnu/h-x86_64-mingw32/bin/../lib/gcc/nios2-elf/5.3.0/../../../../../H-x86_64-mingw32/nios2-elf/lib/mno-hw-mul\libsmallc.a(lib_a-puts.o)
 .debug_line    0x00000000000004e2      0x15c c:/intelfpga_lite/18.1/nios2eds/bin/gnu/h-x86_64-mingw32/bin/../lib/gcc/nios2-elf/5.3.0/../../../../../H-x86_64-mingw32/nios2-elf/lib/mno-hw-mul\libsmallc.a(lib_a-strlen.o)
 .debug_line    0x000000000000063e      0x1f0 c:/intelfpga_lite/18.1/nios2eds/bin/gnu/h-x86_64-mingw32/bin/../lib/gcc/nios2-elf/5.3.0/../../../../../H-x86_64-mingw32/nios2-elf/lib/mno-hw-mul\libsmallc.a(lib_a-fvwrite_small_dev.o)
 .debug_line    0x000000000000082e      0x156 c:/intelfpga_lite/18.1/nios2eds/bin/gnu/h-x86_64-mingw32/bin/../lib/gcc/nios2-elf/5.3.0/../../../../../H-x86_64-mingw32/nios2-elf/lib/mno-hw-mul\libsmallc.a(lib_a-impure.o)
 .debug_line    0x0000000000000984      0x1ed c:/intelfpga_lite/18.1/nios2eds/bin/gnu/h-x86_64-mingw32/bin/../lib/gcc/nios2-elf/5.3.0/../../../../../H-x86_64-mingw32/nios2-elf/lib/mno-hw-mul\libsmallc.a(lib_a-writer.o)
 .debug_line    0x0000000000000b71       0x5f c:/intelfpga_lite/18.1/nios2eds/bin/gnu/h-x86_64-mingw32/bin/../lib/gcc/nios2-elf/5.3.0/../../../../../H-x86_64-mingw32/nios2-elf/lib/mno-hw-mul\libsmallc.a(lib_a-int_errno.o)
 .debug_line    0x0000000000000bd0       0xed ../IP_project_bsp/\libhal_bsp.a(alt_irq_register.o)
 .debug_line    0x0000000000000cbd       0x50 ../IP_project_bsp/\libhal_bsp.a(alt_irq_vars.o)
 .debug_line    0x0000000000000d0d       0xa4 ../IP_project_bsp/\libhal_bsp.a(alt_load.o)
 .debug_line    0x0000000000000db1       0xea ../IP_project_bsp/\libhal_bsp.a(alt_main.o)
 .debug_line    0x0000000000000e9b      0x112 ../IP_project_bsp/\libhal_bsp.a(alt_printf.o)
 .debug_line    0x0000000000000fad       0x55 ../IP_project_bsp/\libhal_bsp.a(alt_putchar.o)
 .debug_line    0x0000000000001002      0x16a ../IP_project_bsp/\libhal_bsp.a(alt_write.o)
 .debug_line    0x000000000000116c      0x178 ../IP_project_bsp/\libhal_bsp.a(alt_sys_init.o)
 .debug_line    0x00000000000012e4      0x104 ../IP_project_bsp/\libhal_bsp.a(altera_avalon_jtag_uart_write.o)
 .debug_line    0x00000000000013e8      0x131 ../IP_project_bsp/\libhal_bsp.a(altera_up_avalon_accelerometer_spi.o)
 .debug_line    0x0000000000001519       0x4e ../IP_project_bsp/\libhal_bsp.a(alt_dcache_flush_all.o)
 .debug_line    0x0000000000001567       0xf6 ../IP_project_bsp/\libhal_bsp.a(alt_dev.o)
 .debug_line    0x000000000000165d       0xd8 ../IP_project_bsp/\libhal_bsp.a(alt_dev_llist_insert.o)
 .debug_line    0x0000000000001735       0x51 ../IP_project_bsp/\libhal_bsp.a(alt_errno.o)
 .debug_line    0x0000000000001786      0x107 ../IP_project_bsp/\libhal_bsp.a(alt_find_dev.o)
 .debug_line    0x000000000000188d       0x4e ../IP_project_bsp/\libhal_bsp.a(alt_icache_flush_all.o)
 .debug_line    0x00000000000018db       0x6b ../IP_project_bsp/\libhal_bsp.a(alt_irq_entry.o)
 .debug_line    0x0000000000001946       0xc8 ../IP_project_bsp/\libhal_bsp.a(alt_irq_handler.o)
 .debug_line    0x0000000000001a0e       0x8c ../IP_project_bsp/\libhal_bsp.a(altera_nios2_gen2_irq.o)
 .debug_line    0x0000000000001a9a       0xb3 ../IP_project_bsp/\libhal_bsp.a(alt_exception_entry.o)
 .debug_line    0x0000000000001b4d       0xbf ../IP_project_bsp/\libhal_bsp.a(alt_instruction_exception_entry.o)
 .debug_line    0x0000000000001c0c      0x160 c:/intelfpga_lite/18.1/nios2eds/bin/gnu/h-x86_64-mingw32/bin/../lib/gcc/nios2-elf/5.3.0/../../../../../H-x86_64-mingw32/nios2-elf/lib/mno-hw-mul\libsmallc.a(lib_a-memcmp.o)

.debug_frame    0x0000000000000000      0x56c
 *(.debug_frame)
 .debug_frame   0x0000000000000000       0xe0 obj/default/hello_world_small.o
 .debug_frame   0x00000000000000e0       0x20 c:/intelfpga_lite/18.1/nios2eds/bin/gnu/h-x86_64-mingw32/bin/../lib/gcc/nios2-elf/5.3.0/mno-hw-mul\libgcc.a(lib2-mul.o)
 .debug_frame   0x0000000000000100       0x48 c:/intelfpga_lite/18.1/nios2eds/bin/gnu/h-x86_64-mingw32/bin/../lib/gcc/nios2-elf/5.3.0/../../../../../H-x86_64-mingw32/nios2-elf/lib/mno-hw-mul\libsmallc.a(lib_a-puts.o)
 .debug_frame   0x0000000000000148       0x20 c:/intelfpga_lite/18.1/nios2eds/bin/gnu/h-x86_64-mingw32/bin/../lib/gcc/nios2-elf/5.3.0/../../../../../H-x86_64-mingw32/nios2-elf/lib/mno-hw-mul\libsmallc.a(lib_a-strlen.o)
 .debug_frame   0x0000000000000168       0x58 c:/intelfpga_lite/18.1/nios2eds/bin/gnu/h-x86_64-mingw32/bin/../lib/gcc/nios2-elf/5.3.0/../../../../../H-x86_64-mingw32/nios2-elf/lib/mno-hw-mul\libsmallc.a(lib_a-fvwrite_small_dev.o)
 .debug_frame   0x00000000000001c0       0x38 c:/intelfpga_lite/18.1/nios2eds/bin/gnu/h-x86_64-mingw32/bin/../lib/gcc/nios2-elf/5.3.0/../../../../../H-x86_64-mingw32/nios2-elf/lib/mno-hw-mul\libsmallc.a(lib_a-writer.o)
 .debug_frame   0x00000000000001f8       0x20 ../IP_project_bsp/\libhal_bsp.a(alt_irq_register.o)
 .debug_frame   0x0000000000000218       0x30 ../IP_project_bsp/\libhal_bsp.a(alt_load.o)
 .debug_frame   0x0000000000000248       0x2c ../IP_project_bsp/\libhal_bsp.a(alt_main.o)
 .debug_frame   0x0000000000000274       0x54 ../IP_project_bsp/\libhal_bsp.a(alt_printf.o)
 .debug_frame   0x00000000000002c8       0x30 ../IP_project_bsp/\libhal_bsp.a(alt_putchar.o)
 .debug_frame   0x00000000000002f8       0x2c ../IP_project_bsp/\libhal_bsp.a(alt_write.o)
 .debug_frame   0x0000000000000324       0x3c ../IP_project_bsp/\libhal_bsp.a(alt_sys_init.o)
 .debug_frame   0x0000000000000360       0x20 ../IP_project_bsp/\libhal_bsp.a(altera_avalon_jtag_uart_write.o)
 .debug_frame   0x0000000000000380       0x80 ../IP_project_bsp/\libhal_bsp.a(altera_up_avalon_accelerometer_spi.o)
 .debug_frame   0x0000000000000400       0x20 ../IP_project_bsp/\libhal_bsp.a(alt_dcache_flush_all.o)
 .debug_frame   0x0000000000000420       0x20 ../IP_project_bsp/\libhal_bsp.a(alt_dev.o)
 .debug_frame   0x0000000000000440       0x2c ../IP_project_bsp/\libhal_bsp.a(alt_dev_llist_insert.o)
 .debug_frame   0x000000000000046c       0x3c ../IP_project_bsp/\libhal_bsp.a(alt_find_dev.o)
 .debug_frame   0x00000000000004a8       0x20 ../IP_project_bsp/\libhal_bsp.a(alt_icache_flush_all.o)
 .debug_frame   0x00000000000004c8       0x34 ../IP_project_bsp/\libhal_bsp.a(alt_irq_handler.o)
 .debug_frame   0x00000000000004fc       0x20 ../IP_project_bsp/\libhal_bsp.a(altera_nios2_gen2_irq.o)
 .debug_frame   0x000000000000051c       0x30 ../IP_project_bsp/\libhal_bsp.a(alt_instruction_exception_entry.o)
 .debug_frame   0x000000000000054c       0x20 c:/intelfpga_lite/18.1/nios2eds/bin/gnu/h-x86_64-mingw32/bin/../lib/gcc/nios2-elf/5.3.0/../../../../../H-x86_64-mingw32/nios2-elf/lib/mno-hw-mul\libsmallc.a(lib_a-memcmp.o)

.debug_str      0x0000000000000000     0x1754
 *(.debug_str)
 .debug_str     0x0000000000000000      0x339 obj/default/hello_world_small.o
                                        0x39c (size before relaxing)
 .debug_str     0x0000000000000339      0x148 c:/intelfpga_lite/18.1/nios2eds/bin/gnu/h-x86_64-mingw32/bin/../lib/gcc/nios2-elf/5.3.0/mno-hw-mul\libgcc.a(lib2-mul.o)
                                        0x193 (size before relaxing)
 .debug_str     0x0000000000000481      0x3ee c:/intelfpga_lite/18.1/nios2eds/bin/gnu/h-x86_64-mingw32/bin/../lib/gcc/nios2-elf/5.3.0/../../../../../H-x86_64-mingw32/nios2-elf/lib/mno-hw-mul\libsmallc.a(lib_a-puts.o)
                                        0x4cd (size before relaxing)
 .debug_str     0x000000000000086f       0xd2 c:/intelfpga_lite/18.1/nios2eds/bin/gnu/h-x86_64-mingw32/bin/../lib/gcc/nios2-elf/5.3.0/../../../../../H-x86_64-mingw32/nios2-elf/lib/mno-hw-mul\libsmallc.a(lib_a-strlen.o)
                                        0x1e5 (size before relaxing)
 .debug_str     0x0000000000000941       0x63 c:/intelfpga_lite/18.1/nios2eds/bin/gnu/h-x86_64-mingw32/bin/../lib/gcc/nios2-elf/5.3.0/../../../../../H-x86_64-mingw32/nios2-elf/lib/mno-hw-mul\libsmallc.a(lib_a-fvwrite_small_dev.o)
                                        0x4d4 (size before relaxing)
 .debug_str     0x00000000000009a4       0xef c:/intelfpga_lite/18.1/nios2eds/bin/gnu/h-x86_64-mingw32/bin/../lib/gcc/nios2-elf/5.3.0/../../../../../H-x86_64-mingw32/nios2-elf/lib/mno-hw-mul\libsmallc.a(lib_a-impure.o)
                                        0x4be (size before relaxing)
 .debug_str     0x0000000000000a93       0x45 c:/intelfpga_lite/18.1/nios2eds/bin/gnu/h-x86_64-mingw32/bin/../lib/gcc/nios2-elf/5.3.0/../../../../../H-x86_64-mingw32/nios2-elf/lib/mno-hw-mul\libsmallc.a(lib_a-writer.o)
                                        0x4b8 (size before relaxing)
 .debug_str     0x0000000000000ad8       0x3f c:/intelfpga_lite/18.1/nios2eds/bin/gnu/h-x86_64-mingw32/bin/../lib/gcc/nios2-elf/5.3.0/../../../../../H-x86_64-mingw32/nios2-elf/lib/mno-hw-mul\libsmallc.a(lib_a-int_errno.o)
                                        0x1d8 (size before relaxing)
 .debug_str     0x0000000000000b17       0xf1 ../IP_project_bsp/\libhal_bsp.a(alt_irq_register.o)
                                        0x222 (size before relaxing)
 .debug_str     0x0000000000000c08       0x17 ../IP_project_bsp/\libhal_bsp.a(alt_irq_vars.o)
                                        0x154 (size before relaxing)
 .debug_str     0x0000000000000c1f      0x113 ../IP_project_bsp/\libhal_bsp.a(alt_load.o)
                                        0x256 (size before relaxing)
 .debug_str     0x0000000000000d32       0x5e ../IP_project_bsp/\libhal_bsp.a(alt_main.o)
                                        0x1f8 (size before relaxing)
 .debug_str     0x0000000000000d90       0x54 ../IP_project_bsp/\libhal_bsp.a(alt_printf.o)
                                        0x120 (size before relaxing)
 .debug_str     0x0000000000000de4       0x5e ../IP_project_bsp/\libhal_bsp.a(alt_putchar.o)
                                        0x1a5 (size before relaxing)
 .debug_str     0x0000000000000e42       0x2c ../IP_project_bsp/\libhal_bsp.a(alt_write.o)
                                        0x1f8 (size before relaxing)
 .debug_str     0x0000000000000e6e       0xfa ../IP_project_bsp/\libhal_bsp.a(alt_sys_init.o)
                                        0x364 (size before relaxing)
 .debug_str     0x0000000000000f68       0x2c ../IP_project_bsp/\libhal_bsp.a(altera_avalon_jtag_uart_write.o)
                                        0x250 (size before relaxing)
 .debug_str     0x0000000000000f94       0xd9 ../IP_project_bsp/\libhal_bsp.a(altera_up_avalon_accelerometer_spi.o)
                                        0x368 (size before relaxing)
 .debug_str     0x000000000000106d       0x1f ../IP_project_bsp/\libhal_bsp.a(alt_dcache_flush_all.o)
                                        0x16f (size before relaxing)
 .debug_str     0x000000000000108c      0x125 ../IP_project_bsp/\libhal_bsp.a(alt_dev.o)
                                        0x31f (size before relaxing)
 .debug_str     0x00000000000011b1       0x30 ../IP_project_bsp/\libhal_bsp.a(alt_dev_llist_insert.o)
                                        0x1e6 (size before relaxing)
 .debug_str     0x00000000000011e1       0x14 ../IP_project_bsp/\libhal_bsp.a(alt_errno.o)
                                        0x15f (size before relaxing)
 .debug_str     0x00000000000011f5       0x1e ../IP_project_bsp/\libhal_bsp.a(alt_find_dev.o)
                                        0x214 (size before relaxing)
 .debug_str     0x0000000000001213       0x1f ../IP_project_bsp/\libhal_bsp.a(alt_icache_flush_all.o)
                                        0x16f (size before relaxing)
 .debug_str     0x0000000000001232       0x3a ../IP_project_bsp/\libhal_bsp.a(alt_irq_handler.o)
                                        0x1d2 (size before relaxing)
 .debug_str     0x000000000000126c       0x20 ../IP_project_bsp/\libhal_bsp.a(altera_nios2_gen2_irq.o)
                                        0x19f (size before relaxing)
 .debug_str     0x000000000000128c      0x48b ../IP_project_bsp/\libhal_bsp.a(alt_instruction_exception_entry.o)
                                        0x5ba (size before relaxing)
 .debug_str     0x0000000000001717       0x3d c:/intelfpga_lite/18.1/nios2eds/bin/gnu/h-x86_64-mingw32/bin/../lib/gcc/nios2-elf/5.3.0/../../../../../H-x86_64-mingw32/nios2-elf/lib/mno-hw-mul\libsmallc.a(lib_a-memcmp.o)
                                        0x1df (size before relaxing)

.debug_loc      0x0000000000000000      0xd59
 *(.debug_loc)
 .debug_loc     0x0000000000000000      0x313 obj/default/hello_world_small.o
 .debug_loc     0x0000000000000313       0x93 c:/intelfpga_lite/18.1/nios2eds/bin/gnu/h-x86_64-mingw32/bin/../lib/gcc/nios2-elf/5.3.0/mno-hw-mul\libgcc.a(lib2-mul.o)
 .debug_loc     0x00000000000003a6       0x97 c:/intelfpga_lite/18.1/nios2eds/bin/gnu/h-x86_64-mingw32/bin/../lib/gcc/nios2-elf/5.3.0/../../../../../H-x86_64-mingw32/nios2-elf/lib/mno-hw-mul\libsmallc.a(lib_a-puts.o)
 .debug_loc     0x000000000000043d       0x1e c:/intelfpga_lite/18.1/nios2eds/bin/gnu/h-x86_64-mingw32/bin/../lib/gcc/nios2-elf/5.3.0/../../../../../H-x86_64-mingw32/nios2-elf/lib/mno-hw-mul\libsmallc.a(lib_a-strlen.o)
 .debug_loc     0x000000000000045b      0x110 c:/intelfpga_lite/18.1/nios2eds/bin/gnu/h-x86_64-mingw32/bin/../lib/gcc/nios2-elf/5.3.0/../../../../../H-x86_64-mingw32/nios2-elf/lib/mno-hw-mul\libsmallc.a(lib_a-fvwrite_small_dev.o)
 .debug_loc     0x000000000000056b       0xa5 c:/intelfpga_lite/18.1/nios2eds/bin/gnu/h-x86_64-mingw32/bin/../lib/gcc/nios2-elf/5.3.0/../../../../../H-x86_64-mingw32/nios2-elf/lib/mno-hw-mul\libsmallc.a(lib_a-writer.o)
 .debug_loc     0x0000000000000610       0xfa ../IP_project_bsp/\libhal_bsp.a(alt_irq_register.o)
 .debug_loc     0x000000000000070a      0x1de ../IP_project_bsp/\libhal_bsp.a(alt_printf.o)
 .debug_loc     0x00000000000008e8       0x2c ../IP_project_bsp/\libhal_bsp.a(alt_putchar.o)
 .debug_loc     0x0000000000000914       0xcf ../IP_project_bsp/\libhal_bsp.a(alt_write.o)
 .debug_loc     0x00000000000009e3       0x21 ../IP_project_bsp/\libhal_bsp.a(alt_sys_init.o)
 .debug_loc     0x0000000000000a04       0x8b ../IP_project_bsp/\libhal_bsp.a(altera_avalon_jtag_uart_write.o)
 .debug_loc     0x0000000000000a8f       0x63 ../IP_project_bsp/\libhal_bsp.a(altera_up_avalon_accelerometer_spi.o)
 .debug_loc     0x0000000000000af2       0x7e ../IP_project_bsp/\libhal_bsp.a(alt_dev_llist_insert.o)
 .debug_loc     0x0000000000000b70       0x7e ../IP_project_bsp/\libhal_bsp.a(alt_find_dev.o)
 .debug_loc     0x0000000000000bee       0x72 ../IP_project_bsp/\libhal_bsp.a(alt_irq_handler.o)
 .debug_loc     0x0000000000000c60       0x65 ../IP_project_bsp/\libhal_bsp.a(alt_instruction_exception_entry.o)
 .debug_loc     0x0000000000000cc5       0x94 c:/intelfpga_lite/18.1/nios2eds/bin/gnu/h-x86_64-mingw32/bin/../lib/gcc/nios2-elf/5.3.0/../../../../../H-x86_64-mingw32/nios2-elf/lib/mno-hw-mul\libsmallc.a(lib_a-memcmp.o)

.debug_macinfo
 *(.debug_macinfo)

.debug_weaknames
 *(.debug_weaknames)

.debug_funcnames
 *(.debug_funcnames)

.debug_typenames
 *(.debug_typenames)

.debug_varnames
 *(.debug_varnames)

.debug_alt_sim_info
                0x0000000000000000       0x10
 *(.debug_alt_sim_info)
 .debug_alt_sim_info
                0x0000000000000000       0x10 ../IP_project_bsp//obj/HAL/src/crt0.o
                0x0000000000020000                __alt_data_end = 0x20000
                0x0000000000020000                PROVIDE (__alt_stack_pointer, __alt_data_end)
                [!provide]                        PROVIDE (__alt_stack_limit, __alt_stack_base)
                [!provide]                        PROVIDE (__alt_heap_start, end)
                [!provide]                        PROVIDE (__alt_heap_limit, 0x20000)
OUTPUT(IP_project.elf elf32-littlenios2)

.debug_ranges   0x0000000000000000      0x228
 .debug_ranges  0x0000000000000000       0x20 ../IP_project_bsp//obj/HAL/src/crt0.o
 .debug_ranges  0x0000000000000020       0x60 obj/default/hello_world_small.o
 .debug_ranges  0x0000000000000080       0x18 c:/intelfpga_lite/18.1/nios2eds/bin/gnu/h-x86_64-mingw32/bin/../lib/gcc/nios2-elf/5.3.0/../../../../../H-x86_64-mingw32/nios2-elf/lib/mno-hw-mul\libsmallc.a(lib_a-puts.o)
 .debug_ranges  0x0000000000000098       0x10 c:/intelfpga_lite/18.1/nios2eds/bin/gnu/h-x86_64-mingw32/bin/../lib/gcc/nios2-elf/5.3.0/../../../../../H-x86_64-mingw32/nios2-elf/lib/mno-hw-mul\libsmallc.a(lib_a-strlen.o)
 .debug_ranges  0x00000000000000a8       0x28 c:/intelfpga_lite/18.1/nios2eds/bin/gnu/h-x86_64-mingw32/bin/../lib/gcc/nios2-elf/5.3.0/../../../../../H-x86_64-mingw32/nios2-elf/lib/mno-hw-mul\libsmallc.a(lib_a-fvwrite_small_dev.o)
 .debug_ranges  0x00000000000000d0       0x10 c:/intelfpga_lite/18.1/nios2eds/bin/gnu/h-x86_64-mingw32/bin/../lib/gcc/nios2-elf/5.3.0/../../../../../H-x86_64-mingw32/nios2-elf/lib/mno-hw-mul\libsmallc.a(lib_a-writer.o)
 .debug_ranges  0x00000000000000e0       0x48 ../IP_project_bsp/\libhal_bsp.a(alt_load.o)
 .debug_ranges  0x0000000000000128       0x18 ../IP_project_bsp/\libhal_bsp.a(alt_printf.o)
 .debug_ranges  0x0000000000000140       0x20 ../IP_project_bsp/\libhal_bsp.a(alt_write.o)
 .debug_ranges  0x0000000000000160       0x18 ../IP_project_bsp/\libhal_bsp.a(alt_sys_init.o)
 .debug_ranges  0x0000000000000178       0x20 ../IP_project_bsp/\libhal_bsp.a(alt_dev_llist_insert.o)
 .debug_ranges  0x0000000000000198       0x28 ../IP_project_bsp/\libhal_bsp.a(alt_irq_entry.o)
 .debug_ranges  0x00000000000001c0       0x10 ../IP_project_bsp/\libhal_bsp.a(alt_irq_handler.o)
 .debug_ranges  0x00000000000001d0       0x30 ../IP_project_bsp/\libhal_bsp.a(alt_exception_entry.o)
 .debug_ranges  0x0000000000000200       0x18 ../IP_project_bsp/\libhal_bsp.a(alt_instruction_exception_entry.o)
 .debug_ranges  0x0000000000000218       0x10 c:/intelfpga_lite/18.1/nios2eds/bin/gnu/h-x86_64-mingw32/bin/../lib/gcc/nios2-elf/5.3.0/../../../../../H-x86_64-mingw32/nios2-elf/lib/mno-hw-mul\libsmallc.a(lib_a-memcmp.o)
