Archive member included to satisfy reference by file (symbol)

c:/intelfpga_lite/18.1/nios2eds/bin/gnu/h-x86_64-mingw32/bin/../lib/gcc/nios2-elf/5.3.0/mno-hw-mul\libgcc.a(lib2-mul.o)
                              obj/default/hello_world_small.o (__mulsi3)
c:/intelfpga_lite/18.1/nios2eds/bin/gnu/h-x86_64-mingw32/bin/../lib/gcc/nios2-elf/5.3.0/../../../../../H-x86_64-mingw32/nios2-elf/lib/mno-hw-mul\libsmallc.a(lib_a-puts.o)
                              obj/default/hello_world_small.o (puts)
c:/intelfpga_lite/18.1/nios2eds/bin/gnu/h-x86_64-mingw32/bin/../lib/gcc/nios2-elf/5.3.0/../../../../../H-x86_64-mingw32/nios2-elf/lib/mno-hw-mul\libsmallc.a(lib_a-strlen.o)
                              c:/intelfpga_lite/18.1/nios2eds/bin/gnu/h-x86_64-mingw32/bin/../lib/gcc/nios2-elf/5.3.0/../../../../../H-x86_64-mingw32/nios2-elf/lib/mno-hw-mul\libsmallc.a(lib_a-puts.o) (strlen)
c:/intelfpga_lite/18.1/nios2eds/bin/gnu/h-x86_64-mingw32/bin/../lib/gcc/nios2-elf/5.3.0/../../../../../H-x86_64-mingw32/nios2-elf/lib/mno-hw-mul\libsmallc.a(lib_a-fvwrite_small_dev.o)
                              c:/intelfpga_lite/18.1/nios2eds/bin/gnu/h-x86_64-mingw32/bin/../lib/gcc/nios2-elf/5.3.0/../../../../../H-x86_64-mingw32/nios2-elf/lib/mno-hw-mul\libsmallc.a(lib_a-puts.o) (__sfvwrite_small_dev)
c:/intelfpga_lite/18.1/nios2eds/bin/gnu/h-x86_64-mingw32/bin/../lib/gcc/nios2-elf/5.3.0/../../../../../H-x86_64-mingw32/nios2-elf/lib/mno-hw-mul\libsmallc.a(lib_a-impure.o)
                              c:/intelfpga_lite/18.1/nios2eds/bin/gnu/h-x86_64-mingw32/bin/../lib/gcc/nios2-elf/5.3.0/../../../../../H-x86_64-mingw32/nios2-elf/lib/mno-hw-mul\libsmallc.a(lib_a-puts.o) (_impure_ptr)
c:/intelfpga_lite/18.1/nios2eds/bin/gnu/h-x86_64-mingw32/bin/../lib/gcc/nios2-elf/5.3.0/../../../../../H-x86_64-mingw32/nios2-elf/lib/mno-hw-mul\libsmallc.a(lib_a-writer.o)
                              c:/intelfpga_lite/18.1/nios2eds/bin/gnu/h-x86_64-mingw32/bin/../lib/gcc/nios2-elf/5.3.0/../../../../../H-x86_64-mingw32/nios2-elf/lib/mno-hw-mul\libsmallc.a(lib_a-fvwrite_small_dev.o) (_write_r)
c:/intelfpga_lite/18.1/nios2eds/bin/gnu/h-x86_64-mingw32/bin/../lib/gcc/nios2-elf/5.3.0/../../../../../H-x86_64-mingw32/nios2-elf/lib/mno-hw-mul\libsmallc.a(lib_a-int_errno.o)
                              c:/intelfpga_lite/18.1/nios2eds/bin/gnu/h-x86_64-mingw32/bin/../lib/gcc/nios2-elf/5.3.0/../../../../../H-x86_64-mingw32/nios2-elf/lib/mno-hw-mul\libsmallc.a(lib_a-writer.o) (errno)
../FPGA_Racing_bsp/\libhal_bsp.a(alt_irq_register.o)
                              obj/default/hello_world_small.o (alt_irq_register)
../FPGA_Racing_bsp/\libhal_bsp.a(alt_irq_vars.o)
                              ../FPGA_Racing_bsp/\libhal_bsp.a(alt_irq_register.o) (alt_irq_active)
../FPGA_Racing_bsp/\libhal_bsp.a(alt_load.o)
                              ../FPGA_Racing_bsp//obj/HAL/src/crt0.o (alt_load)
../FPGA_Racing_bsp/\libhal_bsp.a(alt_main.o)
                              ../FPGA_Racing_bsp//obj/HAL/src/crt0.o (alt_main)
../FPGA_Racing_bsp/\libhal_bsp.a(alt_printf.o)
                              obj/default/hello_world_small.o (alt_printf)
../FPGA_Racing_bsp/\libhal_bsp.a(alt_putchar.o)
                              ../FPGA_Racing_bsp/\libhal_bsp.a(alt_printf.o) (alt_putchar)
../FPGA_Racing_bsp/\libhal_bsp.a(alt_write.o)
                              c:/intelfpga_lite/18.1/nios2eds/bin/gnu/h-x86_64-mingw32/bin/../lib/gcc/nios2-elf/5.3.0/../../../../../H-x86_64-mingw32/nios2-elf/lib/mno-hw-mul\libsmallc.a(lib_a-writer.o) (write)
../FPGA_Racing_bsp/\libhal_bsp.a(alt_sys_init.o)
                              ../FPGA_Racing_bsp/\libhal_bsp.a(alt_main.o) (alt_irq_init)
../FPGA_Racing_bsp/\libhal_bsp.a(altera_avalon_jtag_uart_write.o)
                              ../FPGA_Racing_bsp/\libhal_bsp.a(alt_putchar.o) (altera_avalon_jtag_uart_write)
../FPGA_Racing_bsp/\libhal_bsp.a(altera_up_avalon_accelerometer_spi.o)
                              obj/default/hello_world_small.o (alt_up_accelerometer_spi_open_dev)
../FPGA_Racing_bsp/\libhal_bsp.a(alt_dcache_flush_all.o)
                              ../FPGA_Racing_bsp/\libhal_bsp.a(alt_load.o) (alt_dcache_flush_all)
../FPGA_Racing_bsp/\libhal_bsp.a(alt_dev.o)
                              ../FPGA_Racing_bsp/\libhal_bsp.a(alt_sys_init.o) (alt_dev_list)
../FPGA_Racing_bsp/\libhal_bsp.a(alt_dev_llist_insert.o)
                              ../FPGA_Racing_bsp/\libhal_bsp.a(alt_sys_init.o) (alt_dev_llist_insert)
../FPGA_Racing_bsp/\libhal_bsp.a(alt_errno.o)
                              ../FPGA_Racing_bsp/\libhal_bsp.a(alt_write.o) (alt_errno)
../FPGA_Racing_bsp/\libhal_bsp.a(alt_find_dev.o)
                              ../FPGA_Racing_bsp/\libhal_bsp.a(altera_up_avalon_accelerometer_spi.o) (alt_find_dev)
../FPGA_Racing_bsp/\libhal_bsp.a(alt_icache_flush_all.o)
                              ../FPGA_Racing_bsp/\libhal_bsp.a(alt_load.o) (alt_icache_flush_all)
../FPGA_Racing_bsp/\libhal_bsp.a(alt_irq_entry.o)
                              ../FPGA_Racing_bsp/\libhal_bsp.a(alt_irq_register.o) (alt_irq_entry)
../FPGA_Racing_bsp/\libhal_bsp.a(alt_irq_handler.o)
                              ../FPGA_Racing_bsp/\libhal_bsp.a(alt_irq_register.o) (alt_irq_handler)
../FPGA_Racing_bsp/\libhal_bsp.a(altera_nios2_gen2_irq.o)
                              ../FPGA_Racing_bsp/\libhal_bsp.a(alt_sys_init.o) (altera_nios2_gen2_irq_init)
../FPGA_Racing_bsp/\libhal_bsp.a(alt_exception_entry.o)
                              ../FPGA_Racing_bsp/\libhal_bsp.a(alt_irq_entry.o) (alt_exception)
../FPGA_Racing_bsp/\libhal_bsp.a(alt_instruction_exception_entry.o)
                              ../FPGA_Racing_bsp/\libhal_bsp.a(alt_exception_entry.o) (alt_instruction_exception_entry)
c:/intelfpga_lite/18.1/nios2eds/bin/gnu/h-x86_64-mingw32/bin/../lib/gcc/nios2-elf/5.3.0/../../../../../H-x86_64-mingw32/nios2-elf/lib/mno-hw-mul\libsmallc.a(lib_a-memcmp.o)
                              ../FPGA_Racing_bsp/\libhal_bsp.a(alt_find_dev.o) (memcmp)

Allocating common symbols
Common symbol       size              file

alt_irq             0x100             ../FPGA_Racing_bsp/\libhal_bsp.a(alt_irq_handler.o)
errno               0x4               c:/intelfpga_lite/18.1/nios2eds/bin/gnu/h-x86_64-mingw32/bin/../lib/gcc/nios2-elf/5.3.0/../../../../../H-x86_64-mingw32/nios2-elf/lib/mno-hw-mul\libsmallc.a(lib_a-int_errno.o)
led                 0x1               obj/default/hello_world_small.o
level               0x4               obj/default/hello_world_small.o

Memory Configuration

Name             Origin             Length             Attributes
reset            0x0000000000010000 0x0000000000000020
onchip_memory    0x0000000000010020 0x000000000000ffe0
*default*        0x0000000000000000 0xffffffffffffffff

Linker script and memory map

LOAD ../FPGA_Racing_bsp//obj/HAL/src/crt0.o
LOAD obj/default/hello_world_small.o
LOAD c:/intelfpga_lite/18.1/nios2eds/bin/gnu/h-x86_64-mingw32/bin/../lib/gcc/nios2-elf/5.3.0/../../../../../H-x86_64-mingw32/nios2-elf/lib/mno-hw-mul\libstdc++.a
LOAD c:/intelfpga_lite/18.1/nios2eds/bin/gnu/h-x86_64-mingw32/bin/../lib/gcc/nios2-elf/5.3.0/../../../../../H-x86_64-mingw32/nios2-elf/lib/mno-hw-mul\libm.a
LOAD c:/intelfpga_lite/18.1/nios2eds/bin/gnu/h-x86_64-mingw32/bin/../lib/gcc/nios2-elf/5.3.0/mno-hw-mul\libgcc.a
START GROUP
LOAD c:/intelfpga_lite/18.1/nios2eds/bin/gnu/h-x86_64-mingw32/bin/../lib/gcc/nios2-elf/5.3.0/../../../../../H-x86_64-mingw32/nios2-elf/lib/mno-hw-mul\libsmallc.a
LOAD c:/intelfpga_lite/18.1/nios2eds/bin/gnu/h-x86_64-mingw32/bin/../lib/gcc/nios2-elf/5.3.0/mno-hw-mul\libgcc.a
LOAD ../FPGA_Racing_bsp/\libhal_bsp.a
LOAD c:/intelfpga_lite/18.1/nios2eds/bin/gnu/h-x86_64-mingw32/bin/../lib/gcc/nios2-elf/5.3.0/../../../../../H-x86_64-mingw32/nios2-elf/lib/mno-hw-mul\libm.a
END GROUP
LOAD c:/intelfpga_lite/18.1/nios2eds/bin/gnu/h-x86_64-mingw32/bin/../lib/gcc/nios2-elf/5.3.0/mno-hw-mul\libgcc.a
                0x0000000000010000                __alt_mem_onchip_memory = 0x10000

.entry          0x0000000000010000       0x20
 *(.entry)
 .entry         0x0000000000010000       0x20 ../FPGA_Racing_bsp//obj/HAL/src/crt0.o
                0x0000000000010000                __reset
                0x000000000001000c                _exit

.exceptions     0x0000000000010020      0x160
                0x0000000000010020                PROVIDE (__ram_exceptions_start, ABSOLUTE (.))
                0x0000000000010020                . = ALIGN (0x20)
 *(.irq)
 *(.exceptions.entry.label)
 .exceptions.entry.label
                0x0000000000010020        0x0 ../FPGA_Racing_bsp/\libhal_bsp.a(alt_irq_entry.o)
                0x0000000000010020                alt_irq_entry
 .exceptions.entry.label
                0x0000000000010020        0x0 ../FPGA_Racing_bsp/\libhal_bsp.a(alt_exception_entry.o)
                0x0000000000010020                alt_exception
 *(.exceptions.entry.user)
 *(.exceptions.entry.ecc_fatal)
 *(.exceptions.entry)
 .exceptions.entry
                0x0000000000010020       0x54 ../FPGA_Racing_bsp/\libhal_bsp.a(alt_exception_entry.o)
 *(.exceptions.irqtest.user)
 *(.exceptions.irqtest)
 .exceptions.irqtest
                0x0000000000010074       0x10 ../FPGA_Racing_bsp/\libhal_bsp.a(alt_irq_entry.o)
 *(.exceptions.irqhandler.user)
 *(.exceptions.irqhandler)
 .exceptions.irqhandler
                0x0000000000010084        0x4 ../FPGA_Racing_bsp/\libhal_bsp.a(alt_irq_entry.o)
 *(.exceptions.irqreturn.user)
 *(.exceptions.irqreturn)
 .exceptions.irqreturn
                0x0000000000010088        0x4 ../FPGA_Racing_bsp/\libhal_bsp.a(alt_irq_entry.o)
 *(.exceptions.notirq.label)
 .exceptions.notirq.label
                0x000000000001008c        0x0 ../FPGA_Racing_bsp/\libhal_bsp.a(alt_irq_entry.o)
 *(.exceptions.notirq.user)
 *(.exceptions.notirq)
 .exceptions.notirq
                0x000000000001008c        0x8 ../FPGA_Racing_bsp/\libhal_bsp.a(alt_exception_entry.o)
 *(.exceptions.soft.user)
 *(.exceptions.soft)
 *(.exceptions.unknown.user)
 *(.exceptions.unknown)
 .exceptions.unknown
                0x0000000000010094       0x14 ../FPGA_Racing_bsp/\libhal_bsp.a(alt_exception_entry.o)
 *(.exceptions.exit.label)
 .exceptions.exit.label
                0x00000000000100a8        0x0 ../FPGA_Racing_bsp/\libhal_bsp.a(alt_irq_entry.o)
 .exceptions.exit.label
                0x00000000000100a8        0x0 ../FPGA_Racing_bsp/\libhal_bsp.a(alt_exception_entry.o)
 *(.exceptions.exit.user)
 *(.exceptions.exit)
 .exceptions.exit
                0x00000000000100a8       0x54 ../FPGA_Racing_bsp/\libhal_bsp.a(alt_exception_entry.o)
 *(.exceptions)
 .exceptions    0x00000000000100fc       0x60 ../FPGA_Racing_bsp/\libhal_bsp.a(alt_irq_handler.o)
                0x00000000000100fc                alt_irq_handler
 .exceptions    0x000000000001015c       0x24 ../FPGA_Racing_bsp/\libhal_bsp.a(alt_instruction_exception_entry.o)
                0x000000000001015c                alt_instruction_exception_entry
                0x0000000000010180                PROVIDE (__ram_exceptions_end, ABSOLUTE (.))
                0x0000000000010020                PROVIDE (__flash_exceptions_start, LOADADDR (.exceptions))

.text           0x0000000000010180      0xd08
                [!provide]                        PROVIDE (stext, ABSOLUTE (.))
 *(.interp)
 *(.hash)
 *(.dynsym)
 *(.dynstr)
 *(.gnu.version)
 *(.gnu.version_d)
 *(.gnu.version_r)
 *(.rel.init)
 *(.rela.init)
 *(.rel.text .rel.text.* .rel.gnu.linkonce.t.*)
 *(.rela.text .rela.text.* .rela.gnu.linkonce.t.*)
 *(.rel.fini)
 *(.rela.fini)
 *(.rel.rodata .rel.rodata.* .rel.gnu.linkonce.r.*)
 *(.rela.rodata .rela.rodata.* .rela.gnu.linkonce.r.*)
 *(.rel.data .rel.data.* .rel.gnu.linkonce.d.*)
 *(.rela.data .rela.data.* .rela.gnu.linkonce.d.*)
 *(.rel.tdata .rel.tdata.* .rel.gnu.linkonce.td.*)
 *(.rela.tdata .rela.tdata.* .rela.gnu.linkonce.td.*)
 *(.rel.tbss .rel.tbss.* .rel.gnu.linkonce.tb.*)
 *(.rela.tbss .rela.tbss.* .rela.gnu.linkonce.tb.*)
 *(.rel.ctors)
 *(.rela.ctors)
 *(.rel.dtors)
 *(.rela.dtors)
 *(.rel.got)
 *(.rela.got)
 *(.rel.sdata .rel.sdata.* .rel.gnu.linkonce.s.*)
 *(.rela.sdata .rela.sdata.* .rela.gnu.linkonce.s.*)
 *(.rel.sbss .rel.sbss.* .rel.gnu.linkonce.sb.*)
 *(.rela.sbss .rela.sbss.* .rela.gnu.linkonce.sb.*)
 *(.rel.sdata2 .rel.sdata2.* .rel.gnu.linkonce.s2.*)
 *(.rela.sdata2 .rela.sdata2.* .rela.gnu.linkonce.s2.*)
 *(.rel.sbss2 .rel.sbss2.* .rel.gnu.linkonce.sb2.*)
 *(.rela.sbss2 .rela.sbss2.* .rela.gnu.linkonce.sb2.*)
 *(.rel.bss .rel.bss.* .rel.gnu.linkonce.b.*)
 *(.rela.bss .rela.bss.* .rela.gnu.linkonce.b.*)
 *(.rel.plt)
 *(.rela.plt)
 *(.rel.dyn)
 *(.init)
 *(.plt)
 *(.text .stub .text.* .gnu.linkonce.t.*)
 .text          0x0000000000010180       0x3c ../FPGA_Racing_bsp//obj/HAL/src/crt0.o
                0x0000000000010180                _start
 .text          0x00000000000101bc      0x1d8 obj/default/hello_world_small.o
                0x00000000000101bc                sys_timer_isr
                0x000000000001023c                led_write
                0x0000000000010250                convert_read
                0x0000000000010280                timer_init
                0x00000000000102f0                applyFilter
 .text.startup  0x0000000000010394      0x1f4 obj/default/hello_world_small.o
                0x0000000000010394                main
 .text          0x0000000000010588       0x28 c:/intelfpga_lite/18.1/nios2eds/bin/gnu/h-x86_64-mingw32/bin/../lib/gcc/nios2-elf/5.3.0/mno-hw-mul\libgcc.a(lib2-mul.o)
                0x0000000000010588                __mulsi3
 .text          0x00000000000105b0        0x0 c:/intelfpga_lite/18.1/nios2eds/bin/gnu/h-x86_64-mingw32/bin/../lib/gcc/nios2-elf/5.3.0/../../../../../H-x86_64-mingw32/nios2-elf/lib/mno-hw-mul\libsmallc.a(lib_a-puts.o)
 .text._puts_r  0x00000000000105b0       0x80 c:/intelfpga_lite/18.1/nios2eds/bin/gnu/h-x86_64-mingw32/bin/../lib/gcc/nios2-elf/5.3.0/../../../../../H-x86_64-mingw32/nios2-elf/lib/mno-hw-mul\libsmallc.a(lib_a-puts.o)
                0x00000000000105b0                _puts_r
 .text.puts     0x0000000000010630       0x14 c:/intelfpga_lite/18.1/nios2eds/bin/gnu/h-x86_64-mingw32/bin/../lib/gcc/nios2-elf/5.3.0/../../../../../H-x86_64-mingw32/nios2-elf/lib/mno-hw-mul\libsmallc.a(lib_a-puts.o)
                0x0000000000010630                puts
 .text          0x0000000000010644        0x0 c:/intelfpga_lite/18.1/nios2eds/bin/gnu/h-x86_64-mingw32/bin/../lib/gcc/nios2-elf/5.3.0/../../../../../H-x86_64-mingw32/nios2-elf/lib/mno-hw-mul\libsmallc.a(lib_a-strlen.o)
 .text.strlen   0x0000000000010644       0x1c c:/intelfpga_lite/18.1/nios2eds/bin/gnu/h-x86_64-mingw32/bin/../lib/gcc/nios2-elf/5.3.0/../../../../../H-x86_64-mingw32/nios2-elf/lib/mno-hw-mul\libsmallc.a(lib_a-strlen.o)
                0x0000000000010644                strlen
 .text          0x0000000000010660        0x0 c:/intelfpga_lite/18.1/nios2eds/bin/gnu/h-x86_64-mingw32/bin/../lib/gcc/nios2-elf/5.3.0/../../../../../H-x86_64-mingw32/nios2-elf/lib/mno-hw-mul\libsmallc.a(lib_a-fvwrite_small_dev.o)
 .text.__sfvwrite_small_dev
                0x0000000000010660       0xb8 c:/intelfpga_lite/18.1/nios2eds/bin/gnu/h-x86_64-mingw32/bin/../lib/gcc/nios2-elf/5.3.0/../../../../../H-x86_64-mingw32/nios2-elf/lib/mno-hw-mul\libsmallc.a(lib_a-fvwrite_small_dev.o)
                0x0000000000010660                __sfvwrite_small_dev
 .text          0x0000000000010718        0x0 c:/intelfpga_lite/18.1/nios2eds/bin/gnu/h-x86_64-mingw32/bin/../lib/gcc/nios2-elf/5.3.0/../../../../../H-x86_64-mingw32/nios2-elf/lib/mno-hw-mul\libsmallc.a(lib_a-impure.o)
 .text          0x0000000000010718        0x0 c:/intelfpga_lite/18.1/nios2eds/bin/gnu/h-x86_64-mingw32/bin/../lib/gcc/nios2-elf/5.3.0/../../../../../H-x86_64-mingw32/nios2-elf/lib/mno-hw-mul\libsmallc.a(lib_a-writer.o)
 .text._write_r
                0x0000000000010718       0x58 c:/intelfpga_lite/18.1/nios2eds/bin/gnu/h-x86_64-mingw32/bin/../lib/gcc/nios2-elf/5.3.0/../../../../../H-x86_64-mingw32/nios2-elf/lib/mno-hw-mul\libsmallc.a(lib_a-writer.o)
                0x0000000000010718                _write_r
 .text          0x0000000000010770        0x0 c:/intelfpga_lite/18.1/nios2eds/bin/gnu/h-x86_64-mingw32/bin/../lib/gcc/nios2-elf/5.3.0/../../../../../H-x86_64-mingw32/nios2-elf/lib/mno-hw-mul\libsmallc.a(lib_a-int_errno.o)
 .text          0x0000000000010770       0x94 ../FPGA_Racing_bsp/\libhal_bsp.a(alt_irq_register.o)
                0x0000000000010770                alt_irq_register
 .text          0x0000000000010804        0x0 ../FPGA_Racing_bsp/\libhal_bsp.a(alt_irq_vars.o)
 .text          0x0000000000010804       0xe0 ../FPGA_Racing_bsp/\libhal_bsp.a(alt_load.o)
                0x0000000000010804                alt_load
 .text          0x00000000000108e4       0x2c ../FPGA_Racing_bsp/\libhal_bsp.a(alt_main.o)
                0x00000000000108e4                alt_main
 .text          0x0000000000010910      0x170 ../FPGA_Racing_bsp/\libhal_bsp.a(alt_printf.o)
                0x0000000000010910                alt_printf
 .text          0x0000000000010a80       0x48 ../FPGA_Racing_bsp/\libhal_bsp.a(alt_putchar.o)
                0x0000000000010a80                alt_putchar
 .text          0x0000000000010ac8       0x60 ../FPGA_Racing_bsp/\libhal_bsp.a(alt_write.o)
                0x0000000000010ac8                write
 .text          0x0000000000010b28       0x30 ../FPGA_Racing_bsp/\libhal_bsp.a(alt_sys_init.o)
                0x0000000000010b28                alt_irq_init
                0x0000000000010b48                alt_sys_init
 .text          0x0000000000010b58       0x34 ../FPGA_Racing_bsp/\libhal_bsp.a(altera_avalon_jtag_uart_write.o)
                0x0000000000010b58                altera_avalon_jtag_uart_write
 .text          0x0000000000010b8c      0x160 ../FPGA_Racing_bsp/\libhal_bsp.a(altera_up_avalon_accelerometer_spi.o)
                0x0000000000010b8c                alt_up_accelerometer_spi_open_dev
                0x0000000000010b94                alt_up_accelerometer_spi_read_address_register
                0x0000000000010ba8                alt_up_accelerometer_spi_read
                0x0000000000010bc8                alt_up_accelerometer_spi_write
                0x0000000000010be4                alt_up_accelerometer_spi_read_x_axis
                0x0000000000010c3c                alt_up_accelerometer_spi_read_y_axis
                0x0000000000010c94                alt_up_accelerometer_spi_read_z_axis
 .text          0x0000000000010cec        0x4 ../FPGA_Racing_bsp/\libhal_bsp.a(alt_dcache_flush_all.o)
                0x0000000000010cec                alt_dcache_flush_all
 .text          0x0000000000010cf0        0x8 ../FPGA_Racing_bsp/\libhal_bsp.a(alt_dev.o)
 .text          0x0000000000010cf8       0x6c ../FPGA_Racing_bsp/\libhal_bsp.a(alt_dev_llist_insert.o)
                0x0000000000010cf8                alt_dev_llist_insert
 .text          0x0000000000010d64        0x0 ../FPGA_Racing_bsp/\libhal_bsp.a(alt_errno.o)
 .text          0x0000000000010d64       0x74 ../FPGA_Racing_bsp/\libhal_bsp.a(alt_find_dev.o)
                0x0000000000010d64                alt_find_dev
 .text          0x0000000000010dd8        0x4 ../FPGA_Racing_bsp/\libhal_bsp.a(alt_icache_flush_all.o)
                0x0000000000010dd8                alt_icache_flush_all
 .text          0x0000000000010ddc        0x0 ../FPGA_Racing_bsp/\libhal_bsp.a(alt_irq_entry.o)
 .text          0x0000000000010ddc        0x0 ../FPGA_Racing_bsp/\libhal_bsp.a(alt_irq_handler.o)
 .text          0x0000000000010ddc        0x8 ../FPGA_Racing_bsp/\libhal_bsp.a(altera_nios2_gen2_irq.o)
                0x0000000000010ddc                altera_nios2_gen2_irq_init
 .text          0x0000000000010de4        0x0 ../FPGA_Racing_bsp/\libhal_bsp.a(alt_exception_entry.o)
 .text          0x0000000000010de4       0x74 ../FPGA_Racing_bsp/\libhal_bsp.a(alt_instruction_exception_entry.o)
                0x0000000000010de4                alt_exception_cause_generated_bad_addr
 .text          0x0000000000010e58        0x0 c:/intelfpga_lite/18.1/nios2eds/bin/gnu/h-x86_64-mingw32/bin/../lib/gcc/nios2-elf/5.3.0/../../../../../H-x86_64-mingw32/nios2-elf/lib/mno-hw-mul\libsmallc.a(lib_a-memcmp.o)
 .text.memcmp   0x0000000000010e58       0x30 c:/intelfpga_lite/18.1/nios2eds/bin/gnu/h-x86_64-mingw32/bin/../lib/gcc/nios2-elf/5.3.0/../../../../../H-x86_64-mingw32/nios2-elf/lib/mno-hw-mul\libsmallc.a(lib_a-memcmp.o)
                0x0000000000010e58                memcmp
 *(.gnu.warning.*)
 *(.fini)
                [!provide]                        PROVIDE (__etext, ABSOLUTE (.))
                [!provide]                        PROVIDE (_etext, ABSOLUTE (.))
                [!provide]                        PROVIDE (etext, ABSOLUTE (.))
 *(.eh_frame_hdr)
                0x0000000000010e88                . = ALIGN (0x4)
                [!provide]                        PROVIDE (__preinit_array_start, ABSOLUTE (.))
 *(.preinit_array)
                [!provide]                        PROVIDE (__preinit_array_end, ABSOLUTE (.))
                [!provide]                        PROVIDE (__init_array_start, ABSOLUTE (.))
 *(.init_array)
                [!provide]                        PROVIDE (__init_array_end, ABSOLUTE (.))
                [!provide]                        PROVIDE (__fini_array_start, ABSOLUTE (.))
 *(.fini_array)
                [!provide]                        PROVIDE (__fini_array_end, ABSOLUTE (.))
 *(.eh_frame)
 *(.gcc_except_table .gcc_except_table.*)
 *(.dynamic)
                [!provide]                        PROVIDE (__CTOR_LIST__, ABSOLUTE (.))
 *(.ctors)
 *(SORT(.ctors.*))
                [!provide]                        PROVIDE (__CTOR_END__, ABSOLUTE (.))
                [!provide]                        PROVIDE (__DTOR_LIST__, ABSOLUTE (.))
 *(.dtors)
 *(SORT(.dtors.*))
                [!provide]                        PROVIDE (__DTOR_END__, ABSOLUTE (.))
 *(.jcr)
                0x0000000000010e88                . = ALIGN (0x4)

.rodata         0x0000000000010e88       0x6c
                0x0000000000010e88                PROVIDE (__ram_rodata_start, ABSOLUTE (.))
                0x0000000000010e88                . = ALIGN (0x4)
 *(.rodata .rodata.* .gnu.linkonce.r.*)
 .rodata.str1.4
                0x0000000000010e88       0x5b obj/default/hello_world_small.o
 *fill*         0x0000000000010ee3        0x1 
 .rodata.str1.4
                0x0000000000010ee4        0x2 c:/intelfpga_lite/18.1/nios2eds/bin/gnu/h-x86_64-mingw32/bin/../lib/gcc/nios2-elf/5.3.0/../../../../../H-x86_64-mingw32/nios2-elf/lib/mno-hw-mul\libsmallc.a(lib_a-puts.o)
 .rodata.str1.4
                0x0000000000010ee6       0x17 ../FPGA_Racing_bsp/\libhal_bsp.a(alt_sys_init.o)
 *fill*         0x0000000000010ee6        0x2 
 .rodata.str1.4
                0x0000000000010ee8        0xc ../FPGA_Racing_bsp/\libhal_bsp.a(alt_dev.o)
                                          0xa (size before relaxing)
 *(.rodata1)
                0x0000000000010ef4                . = ALIGN (0x4)
                0x0000000000010ef4                PROVIDE (__ram_rodata_end, ABSOLUTE (.))
                0x0000000000010e88                PROVIDE (__flash_rodata_start, LOADADDR (.rodata))

.rwdata         0x0000000000010ef4      0x190 load address 0x0000000000011084
                0x0000000000010ef4                PROVIDE (__ram_rwdata_start, ABSOLUTE (.))
                0x0000000000010ef4                . = ALIGN (0x4)
 *(.got.plt)
 *(.got)
 *(.data1)
 *(.data .data.* .gnu.linkonce.d.*)
 .data          0x0000000000010ef4        0x0 ../FPGA_Racing_bsp//obj/HAL/src/crt0.o
 .data          0x0000000000010ef4        0x0 obj/default/hello_world_small.o
 .data          0x0000000000010ef4        0x0 c:/intelfpga_lite/18.1/nios2eds/bin/gnu/h-x86_64-mingw32/bin/../lib/gcc/nios2-elf/5.3.0/mno-hw-mul\libgcc.a(lib2-mul.o)
 .data          0x0000000000010ef4        0x0 c:/intelfpga_lite/18.1/nios2eds/bin/gnu/h-x86_64-mingw32/bin/../lib/gcc/nios2-elf/5.3.0/../../../../../H-x86_64-mingw32/nios2-elf/lib/mno-hw-mul\libsmallc.a(lib_a-puts.o)
 .data          0x0000000000010ef4        0x0 c:/intelfpga_lite/18.1/nios2eds/bin/gnu/h-x86_64-mingw32/bin/../lib/gcc/nios2-elf/5.3.0/../../../../../H-x86_64-mingw32/nios2-elf/lib/mno-hw-mul\libsmallc.a(lib_a-strlen.o)
 .data          0x0000000000010ef4        0x0 c:/intelfpga_lite/18.1/nios2eds/bin/gnu/h-x86_64-mingw32/bin/../lib/gcc/nios2-elf/5.3.0/../../../../../H-x86_64-mingw32/nios2-elf/lib/mno-hw-mul\libsmallc.a(lib_a-fvwrite_small_dev.o)
 .data          0x0000000000010ef4        0x0 c:/intelfpga_lite/18.1/nios2eds/bin/gnu/h-x86_64-mingw32/bin/../lib/gcc/nios2-elf/5.3.0/../../../../../H-x86_64-mingw32/nios2-elf/lib/mno-hw-mul\libsmallc.a(lib_a-impure.o)
 .data.impure_data
                0x0000000000010ef4       0xe0 c:/intelfpga_lite/18.1/nios2eds/bin/gnu/h-x86_64-mingw32/bin/../lib/gcc/nios2-elf/5.3.0/../../../../../H-x86_64-mingw32/nios2-elf/lib/mno-hw-mul\libsmallc.a(lib_a-impure.o)
 .data          0x0000000000010fd4        0x0 c:/intelfpga_lite/18.1/nios2eds/bin/gnu/h-x86_64-mingw32/bin/../lib/gcc/nios2-elf/5.3.0/../../../../../H-x86_64-mingw32/nios2-elf/lib/mno-hw-mul\libsmallc.a(lib_a-writer.o)
 .data          0x0000000000010fd4        0x0 c:/intelfpga_lite/18.1/nios2eds/bin/gnu/h-x86_64-mingw32/bin/../lib/gcc/nios2-elf/5.3.0/../../../../../H-x86_64-mingw32/nios2-elf/lib/mno-hw-mul\libsmallc.a(lib_a-int_errno.o)
 .data          0x0000000000010fd4        0x0 ../FPGA_Racing_bsp/\libhal_bsp.a(alt_irq_register.o)
 .data          0x0000000000010fd4        0x0 ../FPGA_Racing_bsp/\libhal_bsp.a(alt_irq_vars.o)
 .data          0x0000000000010fd4        0x0 ../FPGA_Racing_bsp/\libhal_bsp.a(alt_load.o)
 .data          0x0000000000010fd4        0x0 ../FPGA_Racing_bsp/\libhal_bsp.a(alt_main.o)
 .data          0x0000000000010fd4        0x0 ../FPGA_Racing_bsp/\libhal_bsp.a(alt_printf.o)
 .data          0x0000000000010fd4        0x0 ../FPGA_Racing_bsp/\libhal_bsp.a(alt_putchar.o)
 .data          0x0000000000010fd4        0x0 ../FPGA_Racing_bsp/\libhal_bsp.a(alt_write.o)
 .data          0x0000000000010fd4       0x2c ../FPGA_Racing_bsp/\libhal_bsp.a(alt_sys_init.o)
 .data          0x0000000000011000        0x0 ../FPGA_Racing_bsp/\libhal_bsp.a(altera_avalon_jtag_uart_write.o)
 .data          0x0000000000011000        0x0 ../FPGA_Racing_bsp/\libhal_bsp.a(altera_up_avalon_accelerometer_spi.o)
 .data          0x0000000000011000        0x0 ../FPGA_Racing_bsp/\libhal_bsp.a(alt_dcache_flush_all.o)
 .data          0x0000000000011000       0x58 ../FPGA_Racing_bsp/\libhal_bsp.a(alt_dev.o)
                0x0000000000011000                alt_fd_list
                0x0000000000011030                alt_dev_null
 .data          0x0000000000011058        0x0 ../FPGA_Racing_bsp/\libhal_bsp.a(alt_dev_llist_insert.o)
 .data          0x0000000000011058        0x0 ../FPGA_Racing_bsp/\libhal_bsp.a(alt_errno.o)
 .data          0x0000000000011058        0x0 ../FPGA_Racing_bsp/\libhal_bsp.a(alt_find_dev.o)
 .data          0x0000000000011058        0x0 ../FPGA_Racing_bsp/\libhal_bsp.a(alt_icache_flush_all.o)
 .data          0x0000000000011058        0x0 ../FPGA_Racing_bsp/\libhal_bsp.a(alt_irq_entry.o)
 .data          0x0000000000011058        0x0 ../FPGA_Racing_bsp/\libhal_bsp.a(alt_irq_handler.o)
 .data          0x0000000000011058        0x0 ../FPGA_Racing_bsp/\libhal_bsp.a(altera_nios2_gen2_irq.o)
 .data          0x0000000000011058        0x0 ../FPGA_Racing_bsp/\libhal_bsp.a(alt_exception_entry.o)
 .data          0x0000000000011058        0x0 ../FPGA_Racing_bsp/\libhal_bsp.a(alt_instruction_exception_entry.o)
 .data          0x0000000000011058        0x0 c:/intelfpga_lite/18.1/nios2eds/bin/gnu/h-x86_64-mingw32/bin/../lib/gcc/nios2-elf/5.3.0/../../../../../H-x86_64-mingw32/nios2-elf/lib/mno-hw-mul\libsmallc.a(lib_a-memcmp.o)
                0x0000000000019058                _gp = ABSOLUTE ((. + 0x8000))
                [!provide]                        PROVIDE (gp, _gp)
 *(.rwdata .rwdata.*)
 *(.sdata .sdata.* .gnu.linkonce.s.*)
 .sdata         0x0000000000011058        0x4 obj/default/hello_world_small.o
                0x0000000000011058                TAPS
 .sdata._global_impure_ptr
                0x000000000001105c        0x4 c:/intelfpga_lite/18.1/nios2eds/bin/gnu/h-x86_64-mingw32/bin/../lib/gcc/nios2-elf/5.3.0/../../../../../H-x86_64-mingw32/nios2-elf/lib/mno-hw-mul\libsmallc.a(lib_a-impure.o)
                0x000000000001105c                _global_impure_ptr
 .sdata._impure_ptr
                0x0000000000011060        0x4 c:/intelfpga_lite/18.1/nios2eds/bin/gnu/h-x86_64-mingw32/bin/../lib/gcc/nios2-elf/5.3.0/../../../../../H-x86_64-mingw32/nios2-elf/lib/mno-hw-mul\libsmallc.a(lib_a-impure.o)
                0x0000000000011060                _impure_ptr
 .sdata         0x0000000000011064        0x4 ../FPGA_Racing_bsp/\libhal_bsp.a(alt_irq_vars.o)
                0x0000000000011064                alt_priority_mask
 .sdata         0x0000000000011068        0x4 ../FPGA_Racing_bsp/\libhal_bsp.a(alt_sys_init.o)
                0x0000000000011068                jtag_uart
 .sdata         0x000000000001106c       0x14 ../FPGA_Racing_bsp/\libhal_bsp.a(alt_dev.o)
                0x000000000001106c                alt_max_fd
                0x0000000000011070                alt_dev_list
                0x0000000000011078                alt_fs_list
 .sdata         0x0000000000011080        0x4 ../FPGA_Racing_bsp/\libhal_bsp.a(alt_errno.o)
                0x0000000000011080                alt_errno
 *(.sdata2 .sdata2.* .gnu.linkonce.s2.*)
                0x0000000000011084                . = ALIGN (0x4)
                0x0000000000011084                _edata = ABSOLUTE (.)
                [!provide]                        PROVIDE (edata, ABSOLUTE (.))
                0x0000000000011084                PROVIDE (__ram_rwdata_end, ABSOLUTE (.))
                0x0000000000011084                PROVIDE (__flash_rwdata_start, LOADADDR (.rwdata))

.bss            0x0000000000011214      0x124
                0x0000000000011214                __bss_start = ABSOLUTE (.)
                [!provide]                        PROVIDE (__sbss_start, ABSOLUTE (.))
                [!provide]                        PROVIDE (___sbss_start, ABSOLUTE (.))
 *(.dynsbss)
 *(.sbss .sbss.* .gnu.linkonce.sb.*)
 .sbss          0x0000000000011214        0x1 obj/default/hello_world_small.o
                0x0000000000011214                pwm
 *fill*         0x0000000000011215        0x3 
 .sbss          0x0000000000011218        0x8 obj/default/hello_world_small.o
                0x0000000000011218                led
                0x000000000001121c                level
 .sbss          0x0000000000011220        0x4 c:/intelfpga_lite/18.1/nios2eds/bin/gnu/h-x86_64-mingw32/bin/../lib/gcc/nios2-elf/5.3.0/../../../../../H-x86_64-mingw32/nios2-elf/lib/mno-hw-mul\libsmallc.a(lib_a-int_errno.o)
                0x0000000000011220                errno
 .sbss          0x0000000000011224        0x4 ../FPGA_Racing_bsp/\libhal_bsp.a(alt_irq_vars.o)
                0x0000000000011224                alt_irq_active
 .sbss          0x0000000000011228        0xc ../FPGA_Racing_bsp/\libhal_bsp.a(alt_main.o)
                0x0000000000011228                alt_envp
                0x000000000001122c                alt_argv
                0x0000000000011230                alt_argc
 .sbss          0x0000000000011234        0x4 ../FPGA_Racing_bsp/\libhal_bsp.a(alt_instruction_exception_entry.o)
                0x0000000000011234                alt_instruction_exception_handler
 *(.sbss2 .sbss2.* .gnu.linkonce.sb2.*)
 *(.scommon)
                [!provide]                        PROVIDE (__sbss_end, ABSOLUTE (.))
                [!provide]                        PROVIDE (___sbss_end, ABSOLUTE (.))
 *(.dynbss)
 *(.bss .bss.* .gnu.linkonce.b.*)
 .bss           0x0000000000011238        0x0 ../FPGA_Racing_bsp//obj/HAL/src/crt0.o
 .bss           0x0000000000011238        0x0 obj/default/hello_world_small.o
 .bss           0x0000000000011238        0x0 c:/intelfpga_lite/18.1/nios2eds/bin/gnu/h-x86_64-mingw32/bin/../lib/gcc/nios2-elf/5.3.0/mno-hw-mul\libgcc.a(lib2-mul.o)
 .bss           0x0000000000011238        0x0 c:/intelfpga_lite/18.1/nios2eds/bin/gnu/h-x86_64-mingw32/bin/../lib/gcc/nios2-elf/5.3.0/../../../../../H-x86_64-mingw32/nios2-elf/lib/mno-hw-mul\libsmallc.a(lib_a-puts.o)
 .bss           0x0000000000011238        0x0 c:/intelfpga_lite/18.1/nios2eds/bin/gnu/h-x86_64-mingw32/bin/../lib/gcc/nios2-elf/5.3.0/../../../../../H-x86_64-mingw32/nios2-elf/lib/mno-hw-mul\libsmallc.a(lib_a-strlen.o)
 .bss           0x0000000000011238        0x0 c:/intelfpga_lite/18.1/nios2eds/bin/gnu/h-x86_64-mingw32/bin/../lib/gcc/nios2-elf/5.3.0/../../../../../H-x86_64-mingw32/nios2-elf/lib/mno-hw-mul\libsmallc.a(lib_a-fvwrite_small_dev.o)
 .bss           0x0000000000011238        0x0 c:/intelfpga_lite/18.1/nios2eds/bin/gnu/h-x86_64-mingw32/bin/../lib/gcc/nios2-elf/5.3.0/../../../../../H-x86_64-mingw32/nios2-elf/lib/mno-hw-mul\libsmallc.a(lib_a-impure.o)
 .bss           0x0000000000011238        0x0 c:/intelfpga_lite/18.1/nios2eds/bin/gnu/h-x86_64-mingw32/bin/../lib/gcc/nios2-elf/5.3.0/../../../../../H-x86_64-mingw32/nios2-elf/lib/mno-hw-mul\libsmallc.a(lib_a-writer.o)
 .bss           0x0000000000011238        0x0 c:/intelfpga_lite/18.1/nios2eds/bin/gnu/h-x86_64-mingw32/bin/../lib/gcc/nios2-elf/5.3.0/../../../../../H-x86_64-mingw32/nios2-elf/lib/mno-hw-mul\libsmallc.a(lib_a-int_errno.o)
 .bss           0x0000000000011238        0x0 ../FPGA_Racing_bsp/\libhal_bsp.a(alt_irq_register.o)
 .bss           0x0000000000011238        0x0 ../FPGA_Racing_bsp/\libhal_bsp.a(alt_irq_vars.o)
 .bss           0x0000000000011238        0x0 ../FPGA_Racing_bsp/\libhal_bsp.a(alt_load.o)
 .bss           0x0000000000011238        0x0 ../FPGA_Racing_bsp/\libhal_bsp.a(alt_main.o)
 .bss           0x0000000000011238        0x0 ../FPGA_Racing_bsp/\libhal_bsp.a(alt_printf.o)
 .bss           0x0000000000011238        0x0 ../FPGA_Racing_bsp/\libhal_bsp.a(alt_putchar.o)
 .bss           0x0000000000011238        0x0 ../FPGA_Racing_bsp/\libhal_bsp.a(alt_write.o)
 .bss           0x0000000000011238        0x0 ../FPGA_Racing_bsp/\libhal_bsp.a(alt_sys_init.o)
 .bss           0x0000000000011238        0x0 ../FPGA_Racing_bsp/\libhal_bsp.a(altera_avalon_jtag_uart_write.o)
 .bss           0x0000000000011238        0x0 ../FPGA_Racing_bsp/\libhal_bsp.a(altera_up_avalon_accelerometer_spi.o)
 .bss           0x0000000000011238        0x0 ../FPGA_Racing_bsp/\libhal_bsp.a(alt_dcache_flush_all.o)
 .bss           0x0000000000011238        0x0 ../FPGA_Racing_bsp/\libhal_bsp.a(alt_dev.o)
 .bss           0x0000000000011238        0x0 ../FPGA_Racing_bsp/\libhal_bsp.a(alt_dev_llist_insert.o)
 .bss           0x0000000000011238        0x0 ../FPGA_Racing_bsp/\libhal_bsp.a(alt_errno.o)
 .bss           0x0000000000011238        0x0 ../FPGA_Racing_bsp/\libhal_bsp.a(alt_find_dev.o)
 .bss           0x0000000000011238        0x0 ../FPGA_Racing_bsp/\libhal_bsp.a(alt_icache_flush_all.o)
 .bss           0x0000000000011238        0x0 ../FPGA_Racing_bsp/\libhal_bsp.a(alt_irq_entry.o)
 .bss           0x0000000000011238        0x0 ../FPGA_Racing_bsp/\libhal_bsp.a(alt_irq_handler.o)
 .bss           0x0000000000011238        0x0 ../FPGA_Racing_bsp/\libhal_bsp.a(altera_nios2_gen2_irq.o)
 .bss           0x0000000000011238        0x0 ../FPGA_Racing_bsp/\libhal_bsp.a(alt_exception_entry.o)
 .bss           0x0000000000011238        0x0 ../FPGA_Racing_bsp/\libhal_bsp.a(alt_instruction_exception_entry.o)
 .bss           0x0000000000011238        0x0 c:/intelfpga_lite/18.1/nios2eds/bin/gnu/h-x86_64-mingw32/bin/../lib/gcc/nios2-elf/5.3.0/../../../../../H-x86_64-mingw32/nios2-elf/lib/mno-hw-mul\libsmallc.a(lib_a-memcmp.o)
 *(COMMON)
 COMMON         0x0000000000011238      0x100 ../FPGA_Racing_bsp/\libhal_bsp.a(alt_irq_handler.o)
                0x0000000000011238                alt_irq
                0x0000000000011338                . = ALIGN (0x4)
                0x0000000000011338                __bss_end = ABSOLUTE (.)

.onchip_memory  0x0000000000011338        0x0
                [!provide]                        PROVIDE (_alt_partition_onchip_memory_start, ABSOLUTE (.))
 *(.onchip_memory .onchip_memory. onchip_memory.*)
                0x0000000000011338                . = ALIGN (0x4)
                [!provide]                        PROVIDE (_alt_partition_onchip_memory_end, ABSOLUTE (.))
                0x0000000000011338                _end = ABSOLUTE (.)
                0x0000000000011338                end = ABSOLUTE (.)
                0x0000000000011338                __alt_stack_base = ABSOLUTE (.)
                [!provide]                        PROVIDE (_alt_partition_onchip_memory_load_addr, LOADADDR (.onchip_memory))

.stab
 *(.stab)

.stabstr
 *(.stabstr)

.stab.excl
 *(.stab.excl)

.stab.exclstr
 *(.stab.exclstr)

.stab.index
 *(.stab.index)

.stab.indexstr
 *(.stab.indexstr)

.comment        0x0000000000000000       0x23
 *(.comment)
 .comment       0x0000000000000000       0x23 obj/default/hello_world_small.o
                                         0x24 (size before relaxing)
 .comment       0x0000000000000023       0x24 c:/intelfpga_lite/18.1/nios2eds/bin/gnu/h-x86_64-mingw32/bin/../lib/gcc/nios2-elf/5.3.0/mno-hw-mul\libgcc.a(lib2-mul.o)
 .comment       0x0000000000000023       0x24 c:/intelfpga_lite/18.1/nios2eds/bin/gnu/h-x86_64-mingw32/bin/../lib/gcc/nios2-elf/5.3.0/../../../../../H-x86_64-mingw32/nios2-elf/lib/mno-hw-mul\libsmallc.a(lib_a-puts.o)
 .comment       0x0000000000000023       0x24 c:/intelfpga_lite/18.1/nios2eds/bin/gnu/h-x86_64-mingw32/bin/../lib/gcc/nios2-elf/5.3.0/../../../../../H-x86_64-mingw32/nios2-elf/lib/mno-hw-mul\libsmallc.a(lib_a-strlen.o)
 .comment       0x0000000000000023       0x24 c:/intelfpga_lite/18.1/nios2eds/bin/gnu/h-x86_64-mingw32/bin/../lib/gcc/nios2-elf/5.3.0/../../../../../H-x86_64-mingw32/nios2-elf/lib/mno-hw-mul\libsmallc.a(lib_a-fvwrite_small_dev.o)
 .comment       0x0000000000000023       0x24 c:/intelfpga_lite/18.1/nios2eds/bin/gnu/h-x86_64-mingw32/bin/../lib/gcc/nios2-elf/5.3.0/../../../../../H-x86_64-mingw32/nios2-elf/lib/mno-hw-mul\libsmallc.a(lib_a-impure.o)
 .comment       0x0000000000000023       0x24 c:/intelfpga_lite/18.1/nios2eds/bin/gnu/h-x86_64-mingw32/bin/../lib/gcc/nios2-elf/5.3.0/../../../../../H-x86_64-mingw32/nios2-elf/lib/mno-hw-mul\libsmallc.a(lib_a-writer.o)
 .comment       0x0000000000000023       0x24 c:/intelfpga_lite/18.1/nios2eds/bin/gnu/h-x86_64-mingw32/bin/../lib/gcc/nios2-elf/5.3.0/../../../../../H-x86_64-mingw32/nios2-elf/lib/mno-hw-mul\libsmallc.a(lib_a-int_errno.o)
 .comment       0x0000000000000023       0x24 ../FPGA_Racing_bsp/\libhal_bsp.a(alt_irq_register.o)
 .comment       0x0000000000000023       0x24 ../FPGA_Racing_bsp/\libhal_bsp.a(alt_irq_vars.o)
 .comment       0x0000000000000023       0x24 ../FPGA_Racing_bsp/\libhal_bsp.a(alt_load.o)
 .comment       0x0000000000000023       0x24 ../FPGA_Racing_bsp/\libhal_bsp.a(alt_main.o)
 .comment       0x0000000000000023       0x24 ../FPGA_Racing_bsp/\libhal_bsp.a(alt_printf.o)
 .comment       0x0000000000000023       0x24 ../FPGA_Racing_bsp/\libhal_bsp.a(alt_putchar.o)
 .comment       0x0000000000000023       0x24 ../FPGA_Racing_bsp/\libhal_bsp.a(alt_write.o)
 .comment       0x0000000000000023       0x24 ../FPGA_Racing_bsp/\libhal_bsp.a(alt_sys_init.o)
 .comment       0x0000000000000023       0x24 ../FPGA_Racing_bsp/\libhal_bsp.a(altera_avalon_jtag_uart_write.o)
 .comment       0x0000000000000023       0x24 ../FPGA_Racing_bsp/\libhal_bsp.a(altera_up_avalon_accelerometer_spi.o)
 .comment       0x0000000000000023       0x24 ../FPGA_Racing_bsp/\libhal_bsp.a(alt_dcache_flush_all.o)
 .comment       0x0000000000000023       0x24 ../FPGA_Racing_bsp/\libhal_bsp.a(alt_dev.o)
 .comment       0x0000000000000023       0x24 ../FPGA_Racing_bsp/\libhal_bsp.a(alt_dev_llist_insert.o)
 .comment       0x0000000000000023       0x24 ../FPGA_Racing_bsp/\libhal_bsp.a(alt_errno.o)
 .comment       0x0000000000000023       0x24 ../FPGA_Racing_bsp/\libhal_bsp.a(alt_find_dev.o)
 .comment       0x0000000000000023       0x24 ../FPGA_Racing_bsp/\libhal_bsp.a(alt_icache_flush_all.o)
 .comment       0x0000000000000023       0x24 ../FPGA_Racing_bsp/\libhal_bsp.a(alt_irq_handler.o)
 .comment       0x0000000000000023       0x24 ../FPGA_Racing_bsp/\libhal_bsp.a(altera_nios2_gen2_irq.o)
 .comment       0x0000000000000023       0x24 ../FPGA_Racing_bsp/\libhal_bsp.a(alt_instruction_exception_entry.o)
 .comment       0x0000000000000023       0x24 c:/intelfpga_lite/18.1/nios2eds/bin/gnu/h-x86_64-mingw32/bin/../lib/gcc/nios2-elf/5.3.0/../../../../../H-x86_64-mingw32/nios2-elf/lib/mno-hw-mul\libsmallc.a(lib_a-memcmp.o)

.debug
 *(.debug)

.line
 *(.line)

.debug_srcinfo
 *(.debug_srcinfo)

.debug_sfnames
 *(.debug_sfnames)

.debug_aranges  0x0000000000000000      0x408
 *(.debug_aranges)
 .debug_aranges
                0x0000000000000000       0x28 ../FPGA_Racing_bsp//obj/HAL/src/crt0.o
 .debug_aranges
                0x0000000000000028       0x28 obj/default/hello_world_small.o
 .debug_aranges
                0x0000000000000050       0x20 c:/intelfpga_lite/18.1/nios2eds/bin/gnu/h-x86_64-mingw32/bin/../lib/gcc/nios2-elf/5.3.0/mno-hw-mul\libgcc.a(lib2-mul.o)
 .debug_aranges
                0x0000000000000070       0x28 c:/intelfpga_lite/18.1/nios2eds/bin/gnu/h-x86_64-mingw32/bin/../lib/gcc/nios2-elf/5.3.0/../../../../../H-x86_64-mingw32/nios2-elf/lib/mno-hw-mul\libsmallc.a(lib_a-puts.o)
 .debug_aranges
                0x0000000000000098       0x20 c:/intelfpga_lite/18.1/nios2eds/bin/gnu/h-x86_64-mingw32/bin/../lib/gcc/nios2-elf/5.3.0/../../../../../H-x86_64-mingw32/nios2-elf/lib/mno-hw-mul\libsmallc.a(lib_a-strlen.o)
 .debug_aranges
                0x00000000000000b8       0x20 c:/intelfpga_lite/18.1/nios2eds/bin/gnu/h-x86_64-mingw32/bin/../lib/gcc/nios2-elf/5.3.0/../../../../../H-x86_64-mingw32/nios2-elf/lib/mno-hw-mul\libsmallc.a(lib_a-fvwrite_small_dev.o)
 .debug_aranges
                0x00000000000000d8       0x18 c:/intelfpga_lite/18.1/nios2eds/bin/gnu/h-x86_64-mingw32/bin/../lib/gcc/nios2-elf/5.3.0/../../../../../H-x86_64-mingw32/nios2-elf/lib/mno-hw-mul\libsmallc.a(lib_a-impure.o)
 .debug_aranges
                0x00000000000000f0       0x20 c:/intelfpga_lite/18.1/nios2eds/bin/gnu/h-x86_64-mingw32/bin/../lib/gcc/nios2-elf/5.3.0/../../../../../H-x86_64-mingw32/nios2-elf/lib/mno-hw-mul\libsmallc.a(lib_a-writer.o)
 .debug_aranges
                0x0000000000000110       0x18 c:/intelfpga_lite/18.1/nios2eds/bin/gnu/h-x86_64-mingw32/bin/../lib/gcc/nios2-elf/5.3.0/../../../../../H-x86_64-mingw32/nios2-elf/lib/mno-hw-mul\libsmallc.a(lib_a-int_errno.o)
 .debug_aranges
                0x0000000000000128       0x20 ../FPGA_Racing_bsp/\libhal_bsp.a(alt_irq_register.o)
 .debug_aranges
                0x0000000000000148       0x18 ../FPGA_Racing_bsp/\libhal_bsp.a(alt_irq_vars.o)
 .debug_aranges
                0x0000000000000160       0x20 ../FPGA_Racing_bsp/\libhal_bsp.a(alt_load.o)
 .debug_aranges
                0x0000000000000180       0x20 ../FPGA_Racing_bsp/\libhal_bsp.a(alt_main.o)
 .debug_aranges
                0x00000000000001a0       0x20 ../FPGA_Racing_bsp/\libhal_bsp.a(alt_printf.o)
 .debug_aranges
                0x00000000000001c0       0x20 ../FPGA_Racing_bsp/\libhal_bsp.a(alt_putchar.o)
 .debug_aranges
                0x00000000000001e0       0x20 ../FPGA_Racing_bsp/\libhal_bsp.a(alt_write.o)
 .debug_aranges
                0x0000000000000200       0x20 ../FPGA_Racing_bsp/\libhal_bsp.a(alt_sys_init.o)
 .debug_aranges
                0x0000000000000220       0x20 ../FPGA_Racing_bsp/\libhal_bsp.a(altera_avalon_jtag_uart_write.o)
 .debug_aranges
                0x0000000000000240       0x20 ../FPGA_Racing_bsp/\libhal_bsp.a(altera_up_avalon_accelerometer_spi.o)
 .debug_aranges
                0x0000000000000260       0x20 ../FPGA_Racing_bsp/\libhal_bsp.a(alt_dcache_flush_all.o)
 .debug_aranges
                0x0000000000000280       0x20 ../FPGA_Racing_bsp/\libhal_bsp.a(alt_dev.o)
 .debug_aranges
                0x00000000000002a0       0x20 ../FPGA_Racing_bsp/\libhal_bsp.a(alt_dev_llist_insert.o)
 .debug_aranges
                0x00000000000002c0       0x18 ../FPGA_Racing_bsp/\libhal_bsp.a(alt_errno.o)
 .debug_aranges
                0x00000000000002d8       0x20 ../FPGA_Racing_bsp/\libhal_bsp.a(alt_find_dev.o)
 .debug_aranges
                0x00000000000002f8       0x20 ../FPGA_Racing_bsp/\libhal_bsp.a(alt_icache_flush_all.o)
 .debug_aranges
                0x0000000000000318       0x30 ../FPGA_Racing_bsp/\libhal_bsp.a(alt_irq_entry.o)
 .debug_aranges
                0x0000000000000348       0x20 ../FPGA_Racing_bsp/\libhal_bsp.a(alt_irq_handler.o)
 .debug_aranges
                0x0000000000000368       0x20 ../FPGA_Racing_bsp/\libhal_bsp.a(altera_nios2_gen2_irq.o)
 .debug_aranges
                0x0000000000000388       0x38 ../FPGA_Racing_bsp/\libhal_bsp.a(alt_exception_entry.o)
 .debug_aranges
                0x00000000000003c0       0x28 ../FPGA_Racing_bsp/\libhal_bsp.a(alt_instruction_exception_entry.o)
 .debug_aranges
                0x00000000000003e8       0x20 c:/intelfpga_lite/18.1/nios2eds/bin/gnu/h-x86_64-mingw32/bin/../lib/gcc/nios2-elf/5.3.0/../../../../../H-x86_64-mingw32/nios2-elf/lib/mno-hw-mul\libsmallc.a(lib_a-memcmp.o)

.debug_pubnames
 *(.debug_pubnames)

.debug_info     0x0000000000000000     0x499a
 *(.debug_info .gnu.linkonce.wi.*)
 .debug_info    0x0000000000000000       0x8e ../FPGA_Racing_bsp//obj/HAL/src/crt0.o
 .debug_info    0x000000000000008e      0x726 obj/default/hello_world_small.o
 .debug_info    0x00000000000007b4       0xb4 c:/intelfpga_lite/18.1/nios2eds/bin/gnu/h-x86_64-mingw32/bin/../lib/gcc/nios2-elf/5.3.0/mno-hw-mul\libgcc.a(lib2-mul.o)
 .debug_info    0x0000000000000868      0x66d c:/intelfpga_lite/18.1/nios2eds/bin/gnu/h-x86_64-mingw32/bin/../lib/gcc/nios2-elf/5.3.0/../../../../../H-x86_64-mingw32/nios2-elf/lib/mno-hw-mul\libsmallc.a(lib_a-puts.o)
 .debug_info    0x0000000000000ed5       0xc9 c:/intelfpga_lite/18.1/nios2eds/bin/gnu/h-x86_64-mingw32/bin/../lib/gcc/nios2-elf/5.3.0/../../../../../H-x86_64-mingw32/nios2-elf/lib/mno-hw-mul\libsmallc.a(lib_a-strlen.o)
 .debug_info    0x0000000000000f9e      0x62b c:/intelfpga_lite/18.1/nios2eds/bin/gnu/h-x86_64-mingw32/bin/../lib/gcc/nios2-elf/5.3.0/../../../../../H-x86_64-mingw32/nios2-elf/lib/mno-hw-mul\libsmallc.a(lib_a-fvwrite_small_dev.o)
 .debug_info    0x00000000000015c9      0x5a9 c:/intelfpga_lite/18.1/nios2eds/bin/gnu/h-x86_64-mingw32/bin/../lib/gcc/nios2-elf/5.3.0/../../../../../H-x86_64-mingw32/nios2-elf/lib/mno-hw-mul\libsmallc.a(lib_a-impure.o)
 .debug_info    0x0000000000001b72      0x630 c:/intelfpga_lite/18.1/nios2eds/bin/gnu/h-x86_64-mingw32/bin/../lib/gcc/nios2-elf/5.3.0/../../../../../H-x86_64-mingw32/nios2-elf/lib/mno-hw-mul\libsmallc.a(lib_a-writer.o)
 .debug_info    0x00000000000021a2       0x8a c:/intelfpga_lite/18.1/nios2eds/bin/gnu/h-x86_64-mingw32/bin/../lib/gcc/nios2-elf/5.3.0/../../../../../H-x86_64-mingw32/nios2-elf/lib/mno-hw-mul\libsmallc.a(lib_a-int_errno.o)
 .debug_info    0x000000000000222c      0x30d ../FPGA_Racing_bsp/\libhal_bsp.a(alt_irq_register.o)
 .debug_info    0x0000000000002539       0x88 ../FPGA_Racing_bsp/\libhal_bsp.a(alt_irq_vars.o)
 .debug_info    0x00000000000025c1      0x1c9 ../FPGA_Racing_bsp/\libhal_bsp.a(alt_load.o)
 .debug_info    0x000000000000278a      0x18f ../FPGA_Racing_bsp/\libhal_bsp.a(alt_main.o)
 .debug_info    0x0000000000002919      0x14d ../FPGA_Racing_bsp/\libhal_bsp.a(alt_printf.o)
 .debug_info    0x0000000000002a66      0x12a ../FPGA_Racing_bsp/\libhal_bsp.a(alt_putchar.o)
 .debug_info    0x0000000000002b90      0x1c7 ../FPGA_Racing_bsp/\libhal_bsp.a(alt_write.o)
 .debug_info    0x0000000000002d57      0x459 ../FPGA_Racing_bsp/\libhal_bsp.a(alt_sys_init.o)
 .debug_info    0x00000000000031b0      0x1ad ../FPGA_Racing_bsp/\libhal_bsp.a(altera_avalon_jtag_uart_write.o)
 .debug_info    0x000000000000335d      0x479 ../FPGA_Racing_bsp/\libhal_bsp.a(altera_up_avalon_accelerometer_spi.o)
 .debug_info    0x00000000000037d6       0x92 ../FPGA_Racing_bsp/\libhal_bsp.a(alt_dcache_flush_all.o)
 .debug_info    0x0000000000003868      0x499 ../FPGA_Racing_bsp/\libhal_bsp.a(alt_dev.o)
 .debug_info    0x0000000000003d01      0x1b3 ../FPGA_Racing_bsp/\libhal_bsp.a(alt_dev_llist_insert.o)
 .debug_info    0x0000000000003eb4       0xa6 ../FPGA_Racing_bsp/\libhal_bsp.a(alt_errno.o)
 .debug_info    0x0000000000003f5a      0x32d ../FPGA_Racing_bsp/\libhal_bsp.a(alt_find_dev.o)
 .debug_info    0x0000000000004287       0x92 ../FPGA_Racing_bsp/\libhal_bsp.a(alt_icache_flush_all.o)
 .debug_info    0x0000000000004319       0x97 ../FPGA_Racing_bsp/\libhal_bsp.a(alt_irq_entry.o)
 .debug_info    0x00000000000043b0      0x1a4 ../FPGA_Racing_bsp/\libhal_bsp.a(alt_irq_handler.o)
 .debug_info    0x0000000000004554       0xb8 ../FPGA_Racing_bsp/\libhal_bsp.a(altera_nios2_gen2_irq.o)
 .debug_info    0x000000000000460c       0x9d ../FPGA_Racing_bsp/\libhal_bsp.a(alt_exception_entry.o)
 .debug_info    0x00000000000046a9      0x1fd ../FPGA_Racing_bsp/\libhal_bsp.a(alt_instruction_exception_entry.o)
 .debug_info    0x00000000000048a6       0xf4 c:/intelfpga_lite/18.1/nios2eds/bin/gnu/h-x86_64-mingw32/bin/../lib/gcc/nios2-elf/5.3.0/../../../../../H-x86_64-mingw32/nios2-elf/lib/mno-hw-mul\libsmallc.a(lib_a-memcmp.o)

.debug_abbrev   0x0000000000000000     0x1b93
 *(.debug_abbrev)
 .debug_abbrev  0x0000000000000000       0x12 ../FPGA_Racing_bsp//obj/HAL/src/crt0.o
 .debug_abbrev  0x0000000000000012      0x29f obj/default/hello_world_small.o
 .debug_abbrev  0x00000000000002b1       0x6f c:/intelfpga_lite/18.1/nios2eds/bin/gnu/h-x86_64-mingw32/bin/../lib/gcc/nios2-elf/5.3.0/mno-hw-mul\libgcc.a(lib2-mul.o)
 .debug_abbrev  0x0000000000000320      0x1d6 c:/intelfpga_lite/18.1/nios2eds/bin/gnu/h-x86_64-mingw32/bin/../lib/gcc/nios2-elf/5.3.0/../../../../../H-x86_64-mingw32/nios2-elf/lib/mno-hw-mul\libsmallc.a(lib_a-puts.o)
 .debug_abbrev  0x00000000000004f6       0x7f c:/intelfpga_lite/18.1/nios2eds/bin/gnu/h-x86_64-mingw32/bin/../lib/gcc/nios2-elf/5.3.0/../../../../../H-x86_64-mingw32/nios2-elf/lib/mno-hw-mul\libsmallc.a(lib_a-strlen.o)
 .debug_abbrev  0x0000000000000575      0x1bc c:/intelfpga_lite/18.1/nios2eds/bin/gnu/h-x86_64-mingw32/bin/../lib/gcc/nios2-elf/5.3.0/../../../../../H-x86_64-mingw32/nios2-elf/lib/mno-hw-mul\libsmallc.a(lib_a-fvwrite_small_dev.o)
 .debug_abbrev  0x0000000000000731      0x14a c:/intelfpga_lite/18.1/nios2eds/bin/gnu/h-x86_64-mingw32/bin/../lib/gcc/nios2-elf/5.3.0/../../../../../H-x86_64-mingw32/nios2-elf/lib/mno-hw-mul\libsmallc.a(lib_a-impure.o)
 .debug_abbrev  0x000000000000087b      0x1a6 c:/intelfpga_lite/18.1/nios2eds/bin/gnu/h-x86_64-mingw32/bin/../lib/gcc/nios2-elf/5.3.0/../../../../../H-x86_64-mingw32/nios2-elf/lib/mno-hw-mul\libsmallc.a(lib_a-writer.o)
 .debug_abbrev  0x0000000000000a21       0x37 c:/intelfpga_lite/18.1/nios2eds/bin/gnu/h-x86_64-mingw32/bin/../lib/gcc/nios2-elf/5.3.0/../../../../../H-x86_64-mingw32/nios2-elf/lib/mno-hw-mul\libsmallc.a(lib_a-int_errno.o)
 .debug_abbrev  0x0000000000000a58      0x1a5 ../FPGA_Racing_bsp/\libhal_bsp.a(alt_irq_register.o)
 .debug_abbrev  0x0000000000000bfd       0x40 ../FPGA_Racing_bsp/\libhal_bsp.a(alt_irq_vars.o)
 .debug_abbrev  0x0000000000000c3d       0xd8 ../FPGA_Racing_bsp/\libhal_bsp.a(alt_load.o)
 .debug_abbrev  0x0000000000000d15       0xf5 ../FPGA_Racing_bsp/\libhal_bsp.a(alt_main.o)
 .debug_abbrev  0x0000000000000e0a       0xd5 ../FPGA_Racing_bsp/\libhal_bsp.a(alt_printf.o)
 .debug_abbrev  0x0000000000000edf       0xd2 ../FPGA_Racing_bsp/\libhal_bsp.a(alt_putchar.o)
 .debug_abbrev  0x0000000000000fb1      0x12e ../FPGA_Racing_bsp/\libhal_bsp.a(alt_write.o)
 .debug_abbrev  0x00000000000010df      0x1a5 ../FPGA_Racing_bsp/\libhal_bsp.a(alt_sys_init.o)
 .debug_abbrev  0x0000000000001284       0xd5 ../FPGA_Racing_bsp/\libhal_bsp.a(altera_avalon_jtag_uart_write.o)
 .debug_abbrev  0x0000000000001359      0x119 ../FPGA_Racing_bsp/\libhal_bsp.a(altera_up_avalon_accelerometer_spi.o)
 .debug_abbrev  0x0000000000001472       0x42 ../FPGA_Racing_bsp/\libhal_bsp.a(alt_dcache_flush_all.o)
 .debug_abbrev  0x00000000000014b4       0xd9 ../FPGA_Racing_bsp/\libhal_bsp.a(alt_dev.o)
 .debug_abbrev  0x000000000000158d      0x11c ../FPGA_Racing_bsp/\libhal_bsp.a(alt_dev_llist_insert.o)
 .debug_abbrev  0x00000000000016a9       0x5a ../FPGA_Racing_bsp/\libhal_bsp.a(alt_errno.o)
 .debug_abbrev  0x0000000000001703      0x125 ../FPGA_Racing_bsp/\libhal_bsp.a(alt_find_dev.o)
 .debug_abbrev  0x0000000000001828       0x42 ../FPGA_Racing_bsp/\libhal_bsp.a(alt_icache_flush_all.o)
 .debug_abbrev  0x000000000000186a       0x12 ../FPGA_Racing_bsp/\libhal_bsp.a(alt_irq_entry.o)
 .debug_abbrev  0x000000000000187c      0x138 ../FPGA_Racing_bsp/\libhal_bsp.a(alt_irq_handler.o)
 .debug_abbrev  0x00000000000019b4       0x67 ../FPGA_Racing_bsp/\libhal_bsp.a(altera_nios2_gen2_irq.o)
 .debug_abbrev  0x0000000000001a1b       0x12 ../FPGA_Racing_bsp/\libhal_bsp.a(alt_exception_entry.o)
 .debug_abbrev  0x0000000000001a2d       0xe7 ../FPGA_Racing_bsp/\libhal_bsp.a(alt_instruction_exception_entry.o)
 .debug_abbrev  0x0000000000001b14       0x7f c:/intelfpga_lite/18.1/nios2eds/bin/gnu/h-x86_64-mingw32/bin/../lib/gcc/nios2-elf/5.3.0/../../../../../H-x86_64-mingw32/nios2-elf/lib/mno-hw-mul\libsmallc.a(lib_a-memcmp.o)

.debug_line     0x0000000000000000     0x1d7a
 *(.debug_line)
 .debug_line    0x0000000000000000       0x66 ../FPGA_Racing_bsp//obj/HAL/src/crt0.o
 .debug_line    0x0000000000000066      0x204 obj/default/hello_world_small.o
 .debug_line    0x000000000000026a       0x80 c:/intelfpga_lite/18.1/nios2eds/bin/gnu/h-x86_64-mingw32/bin/../lib/gcc/nios2-elf/5.3.0/mno-hw-mul\libgcc.a(lib2-mul.o)
 .debug_line    0x00000000000002ea      0x206 c:/intelfpga_lite/18.1/nios2eds/bin/gnu/h-x86_64-mingw32/bin/../lib/gcc/nios2-elf/5.3.0/../../../../../H-x86_64-mingw32/nios2-elf/lib/mno-hw-mul\libsmallc.a(lib_a-puts.o)
 .debug_line    0x00000000000004f0      0x15c c:/intelfpga_lite/18.1/nios2eds/bin/gnu/h-x86_64-mingw32/bin/../lib/gcc/nios2-elf/5.3.0/../../../../../H-x86_64-mingw32/nios2-elf/lib/mno-hw-mul\libsmallc.a(lib_a-strlen.o)
 .debug_line    0x000000000000064c      0x1f0 c:/intelfpga_lite/18.1/nios2eds/bin/gnu/h-x86_64-mingw32/bin/../lib/gcc/nios2-elf/5.3.0/../../../../../H-x86_64-mingw32/nios2-elf/lib/mno-hw-mul\libsmallc.a(lib_a-fvwrite_small_dev.o)
 .debug_line    0x000000000000083c      0x156 c:/intelfpga_lite/18.1/nios2eds/bin/gnu/h-x86_64-mingw32/bin/../lib/gcc/nios2-elf/5.3.0/../../../../../H-x86_64-mingw32/nios2-elf/lib/mno-hw-mul\libsmallc.a(lib_a-impure.o)
 .debug_line    0x0000000000000992      0x1ed c:/intelfpga_lite/18.1/nios2eds/bin/gnu/h-x86_64-mingw32/bin/../lib/gcc/nios2-elf/5.3.0/../../../../../H-x86_64-mingw32/nios2-elf/lib/mno-hw-mul\libsmallc.a(lib_a-writer.o)
 .debug_line    0x0000000000000b7f       0x5f c:/intelfpga_lite/18.1/nios2eds/bin/gnu/h-x86_64-mingw32/bin/../lib/gcc/nios2-elf/5.3.0/../../../../../H-x86_64-mingw32/nios2-elf/lib/mno-hw-mul\libsmallc.a(lib_a-int_errno.o)
 .debug_line    0x0000000000000bde       0xed ../FPGA_Racing_bsp/\libhal_bsp.a(alt_irq_register.o)
 .debug_line    0x0000000000000ccb       0x50 ../FPGA_Racing_bsp/\libhal_bsp.a(alt_irq_vars.o)
 .debug_line    0x0000000000000d1b       0xa4 ../FPGA_Racing_bsp/\libhal_bsp.a(alt_load.o)
 .debug_line    0x0000000000000dbf       0xea ../FPGA_Racing_bsp/\libhal_bsp.a(alt_main.o)
 .debug_line    0x0000000000000ea9      0x112 ../FPGA_Racing_bsp/\libhal_bsp.a(alt_printf.o)
 .debug_line    0x0000000000000fbb       0x55 ../FPGA_Racing_bsp/\libhal_bsp.a(alt_putchar.o)
 .debug_line    0x0000000000001010      0x16a ../FPGA_Racing_bsp/\libhal_bsp.a(alt_write.o)
 .debug_line    0x000000000000117a      0x178 ../FPGA_Racing_bsp/\libhal_bsp.a(alt_sys_init.o)
 .debug_line    0x00000000000012f2      0x104 ../FPGA_Racing_bsp/\libhal_bsp.a(altera_avalon_jtag_uart_write.o)
 .debug_line    0x00000000000013f6      0x131 ../FPGA_Racing_bsp/\libhal_bsp.a(altera_up_avalon_accelerometer_spi.o)
 .debug_line    0x0000000000001527       0x4e ../FPGA_Racing_bsp/\libhal_bsp.a(alt_dcache_flush_all.o)
 .debug_line    0x0000000000001575       0xf6 ../FPGA_Racing_bsp/\libhal_bsp.a(alt_dev.o)
 .debug_line    0x000000000000166b       0xd8 ../FPGA_Racing_bsp/\libhal_bsp.a(alt_dev_llist_insert.o)
 .debug_line    0x0000000000001743       0x51 ../FPGA_Racing_bsp/\libhal_bsp.a(alt_errno.o)
 .debug_line    0x0000000000001794      0x107 ../FPGA_Racing_bsp/\libhal_bsp.a(alt_find_dev.o)
 .debug_line    0x000000000000189b       0x4e ../FPGA_Racing_bsp/\libhal_bsp.a(alt_icache_flush_all.o)
 .debug_line    0x00000000000018e9       0x6b ../FPGA_Racing_bsp/\libhal_bsp.a(alt_irq_entry.o)
 .debug_line    0x0000000000001954       0xc8 ../FPGA_Racing_bsp/\libhal_bsp.a(alt_irq_handler.o)
 .debug_line    0x0000000000001a1c       0x8c ../FPGA_Racing_bsp/\libhal_bsp.a(altera_nios2_gen2_irq.o)
 .debug_line    0x0000000000001aa8       0xb3 ../FPGA_Racing_bsp/\libhal_bsp.a(alt_exception_entry.o)
 .debug_line    0x0000000000001b5b       0xbf ../FPGA_Racing_bsp/\libhal_bsp.a(alt_instruction_exception_entry.o)
 .debug_line    0x0000000000001c1a      0x160 c:/intelfpga_lite/18.1/nios2eds/bin/gnu/h-x86_64-mingw32/bin/../lib/gcc/nios2-elf/5.3.0/../../../../../H-x86_64-mingw32/nios2-elf/lib/mno-hw-mul\libsmallc.a(lib_a-memcmp.o)

.debug_frame    0x0000000000000000      0x56c
 *(.debug_frame)
 .debug_frame   0x0000000000000000       0xe0 obj/default/hello_world_small.o
 .debug_frame   0x00000000000000e0       0x20 c:/intelfpga_lite/18.1/nios2eds/bin/gnu/h-x86_64-mingw32/bin/../lib/gcc/nios2-elf/5.3.0/mno-hw-mul\libgcc.a(lib2-mul.o)
 .debug_frame   0x0000000000000100       0x48 c:/intelfpga_lite/18.1/nios2eds/bin/gnu/h-x86_64-mingw32/bin/../lib/gcc/nios2-elf/5.3.0/../../../../../H-x86_64-mingw32/nios2-elf/lib/mno-hw-mul\libsmallc.a(lib_a-puts.o)
 .debug_frame   0x0000000000000148       0x20 c:/intelfpga_lite/18.1/nios2eds/bin/gnu/h-x86_64-mingw32/bin/../lib/gcc/nios2-elf/5.3.0/../../../../../H-x86_64-mingw32/nios2-elf/lib/mno-hw-mul\libsmallc.a(lib_a-strlen.o)
 .debug_frame   0x0000000000000168       0x58 c:/intelfpga_lite/18.1/nios2eds/bin/gnu/h-x86_64-mingw32/bin/../lib/gcc/nios2-elf/5.3.0/../../../../../H-x86_64-mingw32/nios2-elf/lib/mno-hw-mul\libsmallc.a(lib_a-fvwrite_small_dev.o)
 .debug_frame   0x00000000000001c0       0x38 c:/intelfpga_lite/18.1/nios2eds/bin/gnu/h-x86_64-mingw32/bin/../lib/gcc/nios2-elf/5.3.0/../../../../../H-x86_64-mingw32/nios2-elf/lib/mno-hw-mul\libsmallc.a(lib_a-writer.o)
 .debug_frame   0x00000000000001f8       0x20 ../FPGA_Racing_bsp/\libhal_bsp.a(alt_irq_register.o)
 .debug_frame   0x0000000000000218       0x30 ../FPGA_Racing_bsp/\libhal_bsp.a(alt_load.o)
 .debug_frame   0x0000000000000248       0x2c ../FPGA_Racing_bsp/\libhal_bsp.a(alt_main.o)
 .debug_frame   0x0000000000000274       0x54 ../FPGA_Racing_bsp/\libhal_bsp.a(alt_printf.o)
 .debug_frame   0x00000000000002c8       0x30 ../FPGA_Racing_bsp/\libhal_bsp.a(alt_putchar.o)
 .debug_frame   0x00000000000002f8       0x2c ../FPGA_Racing_bsp/\libhal_bsp.a(alt_write.o)
 .debug_frame   0x0000000000000324       0x3c ../FPGA_Racing_bsp/\libhal_bsp.a(alt_sys_init.o)
 .debug_frame   0x0000000000000360       0x20 ../FPGA_Racing_bsp/\libhal_bsp.a(altera_avalon_jtag_uart_write.o)
 .debug_frame   0x0000000000000380       0x80 ../FPGA_Racing_bsp/\libhal_bsp.a(altera_up_avalon_accelerometer_spi.o)
 .debug_frame   0x0000000000000400       0x20 ../FPGA_Racing_bsp/\libhal_bsp.a(alt_dcache_flush_all.o)
 .debug_frame   0x0000000000000420       0x20 ../FPGA_Racing_bsp/\libhal_bsp.a(alt_dev.o)
 .debug_frame   0x0000000000000440       0x2c ../FPGA_Racing_bsp/\libhal_bsp.a(alt_dev_llist_insert.o)
 .debug_frame   0x000000000000046c       0x3c ../FPGA_Racing_bsp/\libhal_bsp.a(alt_find_dev.o)
 .debug_frame   0x00000000000004a8       0x20 ../FPGA_Racing_bsp/\libhal_bsp.a(alt_icache_flush_all.o)
 .debug_frame   0x00000000000004c8       0x34 ../FPGA_Racing_bsp/\libhal_bsp.a(alt_irq_handler.o)
 .debug_frame   0x00000000000004fc       0x20 ../FPGA_Racing_bsp/\libhal_bsp.a(altera_nios2_gen2_irq.o)
 .debug_frame   0x000000000000051c       0x30 ../FPGA_Racing_bsp/\libhal_bsp.a(alt_instruction_exception_entry.o)
 .debug_frame   0x000000000000054c       0x20 c:/intelfpga_lite/18.1/nios2eds/bin/gnu/h-x86_64-mingw32/bin/../lib/gcc/nios2-elf/5.3.0/../../../../../H-x86_64-mingw32/nios2-elf/lib/mno-hw-mul\libsmallc.a(lib_a-memcmp.o)

.debug_str      0x0000000000000000     0x176e
 *(.debug_str)
 .debug_str     0x0000000000000000      0x34d obj/default/hello_world_small.o
                                        0x3b0 (size before relaxing)
 .debug_str     0x000000000000034d      0x148 c:/intelfpga_lite/18.1/nios2eds/bin/gnu/h-x86_64-mingw32/bin/../lib/gcc/nios2-elf/5.3.0/mno-hw-mul\libgcc.a(lib2-mul.o)
                                        0x193 (size before relaxing)
 .debug_str     0x0000000000000495      0x3ee c:/intelfpga_lite/18.1/nios2eds/bin/gnu/h-x86_64-mingw32/bin/../lib/gcc/nios2-elf/5.3.0/../../../../../H-x86_64-mingw32/nios2-elf/lib/mno-hw-mul\libsmallc.a(lib_a-puts.o)
                                        0x4cd (size before relaxing)
 .debug_str     0x0000000000000883       0xd2 c:/intelfpga_lite/18.1/nios2eds/bin/gnu/h-x86_64-mingw32/bin/../lib/gcc/nios2-elf/5.3.0/../../../../../H-x86_64-mingw32/nios2-elf/lib/mno-hw-mul\libsmallc.a(lib_a-strlen.o)
                                        0x1e5 (size before relaxing)
 .debug_str     0x0000000000000955       0x63 c:/intelfpga_lite/18.1/nios2eds/bin/gnu/h-x86_64-mingw32/bin/../lib/gcc/nios2-elf/5.3.0/../../../../../H-x86_64-mingw32/nios2-elf/lib/mno-hw-mul\libsmallc.a(lib_a-fvwrite_small_dev.o)
                                        0x4d4 (size before relaxing)
 .debug_str     0x00000000000009b8       0xef c:/intelfpga_lite/18.1/nios2eds/bin/gnu/h-x86_64-mingw32/bin/../lib/gcc/nios2-elf/5.3.0/../../../../../H-x86_64-mingw32/nios2-elf/lib/mno-hw-mul\libsmallc.a(lib_a-impure.o)
                                        0x4be (size before relaxing)
 .debug_str     0x0000000000000aa7       0x45 c:/intelfpga_lite/18.1/nios2eds/bin/gnu/h-x86_64-mingw32/bin/../lib/gcc/nios2-elf/5.3.0/../../../../../H-x86_64-mingw32/nios2-elf/lib/mno-hw-mul\libsmallc.a(lib_a-writer.o)
                                        0x4b8 (size before relaxing)
 .debug_str     0x0000000000000aec       0x3f c:/intelfpga_lite/18.1/nios2eds/bin/gnu/h-x86_64-mingw32/bin/../lib/gcc/nios2-elf/5.3.0/../../../../../H-x86_64-mingw32/nios2-elf/lib/mno-hw-mul\libsmallc.a(lib_a-int_errno.o)
                                        0x1d8 (size before relaxing)
 .debug_str     0x0000000000000b2b       0xf7 ../FPGA_Racing_bsp/\libhal_bsp.a(alt_irq_register.o)
                                        0x228 (size before relaxing)
 .debug_str     0x0000000000000c22       0x17 ../FPGA_Racing_bsp/\libhal_bsp.a(alt_irq_vars.o)
                                        0x15a (size before relaxing)
 .debug_str     0x0000000000000c39      0x113 ../FPGA_Racing_bsp/\libhal_bsp.a(alt_load.o)
                                        0x25c (size before relaxing)
 .debug_str     0x0000000000000d4c       0x5e ../FPGA_Racing_bsp/\libhal_bsp.a(alt_main.o)
                                        0x1fe (size before relaxing)
 .debug_str     0x0000000000000daa       0x54 ../FPGA_Racing_bsp/\libhal_bsp.a(alt_printf.o)
                                        0x126 (size before relaxing)
 .debug_str     0x0000000000000dfe       0x5e ../FPGA_Racing_bsp/\libhal_bsp.a(alt_putchar.o)
                                        0x1ab (size before relaxing)
 .debug_str     0x0000000000000e5c       0x2c ../FPGA_Racing_bsp/\libhal_bsp.a(alt_write.o)
                                        0x1fe (size before relaxing)
 .debug_str     0x0000000000000e88       0xfa ../FPGA_Racing_bsp/\libhal_bsp.a(alt_sys_init.o)
                                        0x36a (size before relaxing)
 .debug_str     0x0000000000000f82       0x2c ../FPGA_Racing_bsp/\libhal_bsp.a(altera_avalon_jtag_uart_write.o)
                                        0x256 (size before relaxing)
 .debug_str     0x0000000000000fae       0xd9 ../FPGA_Racing_bsp/\libhal_bsp.a(altera_up_avalon_accelerometer_spi.o)
                                        0x36e (size before relaxing)
 .debug_str     0x0000000000001087       0x1f ../FPGA_Racing_bsp/\libhal_bsp.a(alt_dcache_flush_all.o)
                                        0x175 (size before relaxing)
 .debug_str     0x00000000000010a6      0x125 ../FPGA_Racing_bsp/\libhal_bsp.a(alt_dev.o)
                                        0x325 (size before relaxing)
 .debug_str     0x00000000000011cb       0x30 ../FPGA_Racing_bsp/\libhal_bsp.a(alt_dev_llist_insert.o)
                                        0x1ec (size before relaxing)
 .debug_str     0x00000000000011fb       0x14 ../FPGA_Racing_bsp/\libhal_bsp.a(alt_errno.o)
                                        0x165 (size before relaxing)
 .debug_str     0x000000000000120f       0x1e ../FPGA_Racing_bsp/\libhal_bsp.a(alt_find_dev.o)
                                        0x21a (size before relaxing)
 .debug_str     0x000000000000122d       0x1f ../FPGA_Racing_bsp/\libhal_bsp.a(alt_icache_flush_all.o)
                                        0x175 (size before relaxing)
 .debug_str     0x000000000000124c       0x3a ../FPGA_Racing_bsp/\libhal_bsp.a(alt_irq_handler.o)
                                        0x1d8 (size before relaxing)
 .debug_str     0x0000000000001286       0x20 ../FPGA_Racing_bsp/\libhal_bsp.a(altera_nios2_gen2_irq.o)
                                        0x1a5 (size before relaxing)
 .debug_str     0x00000000000012a6      0x48b ../FPGA_Racing_bsp/\libhal_bsp.a(alt_instruction_exception_entry.o)
                                        0x5c0 (size before relaxing)
 .debug_str     0x0000000000001731       0x3d c:/intelfpga_lite/18.1/nios2eds/bin/gnu/h-x86_64-mingw32/bin/../lib/gcc/nios2-elf/5.3.0/../../../../../H-x86_64-mingw32/nios2-elf/lib/mno-hw-mul\libsmallc.a(lib_a-memcmp.o)
                                        0x1df (size before relaxing)

.debug_loc      0x0000000000000000      0xd83
 *(.debug_loc)
 .debug_loc     0x0000000000000000      0x33d obj/default/hello_world_small.o
 .debug_loc     0x000000000000033d       0x93 c:/intelfpga_lite/18.1/nios2eds/bin/gnu/h-x86_64-mingw32/bin/../lib/gcc/nios2-elf/5.3.0/mno-hw-mul\libgcc.a(lib2-mul.o)
 .debug_loc     0x00000000000003d0       0x97 c:/intelfpga_lite/18.1/nios2eds/bin/gnu/h-x86_64-mingw32/bin/../lib/gcc/nios2-elf/5.3.0/../../../../../H-x86_64-mingw32/nios2-elf/lib/mno-hw-mul\libsmallc.a(lib_a-puts.o)
 .debug_loc     0x0000000000000467       0x1e c:/intelfpga_lite/18.1/nios2eds/bin/gnu/h-x86_64-mingw32/bin/../lib/gcc/nios2-elf/5.3.0/../../../../../H-x86_64-mingw32/nios2-elf/lib/mno-hw-mul\libsmallc.a(lib_a-strlen.o)
 .debug_loc     0x0000000000000485      0x110 c:/intelfpga_lite/18.1/nios2eds/bin/gnu/h-x86_64-mingw32/bin/../lib/gcc/nios2-elf/5.3.0/../../../../../H-x86_64-mingw32/nios2-elf/lib/mno-hw-mul\libsmallc.a(lib_a-fvwrite_small_dev.o)
 .debug_loc     0x0000000000000595       0xa5 c:/intelfpga_lite/18.1/nios2eds/bin/gnu/h-x86_64-mingw32/bin/../lib/gcc/nios2-elf/5.3.0/../../../../../H-x86_64-mingw32/nios2-elf/lib/mno-hw-mul\libsmallc.a(lib_a-writer.o)
 .debug_loc     0x000000000000063a       0xfa ../FPGA_Racing_bsp/\libhal_bsp.a(alt_irq_register.o)
 .debug_loc     0x0000000000000734      0x1de ../FPGA_Racing_bsp/\libhal_bsp.a(alt_printf.o)
 .debug_loc     0x0000000000000912       0x2c ../FPGA_Racing_bsp/\libhal_bsp.a(alt_putchar.o)
 .debug_loc     0x000000000000093e       0xcf ../FPGA_Racing_bsp/\libhal_bsp.a(alt_write.o)
 .debug_loc     0x0000000000000a0d       0x21 ../FPGA_Racing_bsp/\libhal_bsp.a(alt_sys_init.o)
 .debug_loc     0x0000000000000a2e       0x8b ../FPGA_Racing_bsp/\libhal_bsp.a(altera_avalon_jtag_uart_write.o)
 .debug_loc     0x0000000000000ab9       0x63 ../FPGA_Racing_bsp/\libhal_bsp.a(altera_up_avalon_accelerometer_spi.o)
 .debug_loc     0x0000000000000b1c       0x7e ../FPGA_Racing_bsp/\libhal_bsp.a(alt_dev_llist_insert.o)
 .debug_loc     0x0000000000000b9a       0x7e ../FPGA_Racing_bsp/\libhal_bsp.a(alt_find_dev.o)
 .debug_loc     0x0000000000000c18       0x72 ../FPGA_Racing_bsp/\libhal_bsp.a(alt_irq_handler.o)
 .debug_loc     0x0000000000000c8a       0x65 ../FPGA_Racing_bsp/\libhal_bsp.a(alt_instruction_exception_entry.o)
 .debug_loc     0x0000000000000cef       0x94 c:/intelfpga_lite/18.1/nios2eds/bin/gnu/h-x86_64-mingw32/bin/../lib/gcc/nios2-elf/5.3.0/../../../../../H-x86_64-mingw32/nios2-elf/lib/mno-hw-mul\libsmallc.a(lib_a-memcmp.o)

.debug_macinfo
 *(.debug_macinfo)

.debug_weaknames
 *(.debug_weaknames)

.debug_funcnames
 *(.debug_funcnames)

.debug_typenames
 *(.debug_typenames)

.debug_varnames
 *(.debug_varnames)

.debug_alt_sim_info
                0x0000000000000000       0x10
 *(.debug_alt_sim_info)
 .debug_alt_sim_info
                0x0000000000000000       0x10 ../FPGA_Racing_bsp//obj/HAL/src/crt0.o
                0x0000000000020000                __alt_data_end = 0x20000
                0x0000000000020000                PROVIDE (__alt_stack_pointer, __alt_data_end)
                [!provide]                        PROVIDE (__alt_stack_limit, __alt_stack_base)
                [!provide]                        PROVIDE (__alt_heap_start, end)
                [!provide]                        PROVIDE (__alt_heap_limit, 0x20000)
OUTPUT(FPGA_Racing.elf elf32-littlenios2)

.debug_ranges   0x0000000000000000      0x228
 .debug_ranges  0x0000000000000000       0x20 ../FPGA_Racing_bsp//obj/HAL/src/crt0.o
 .debug_ranges  0x0000000000000020       0x60 obj/default/hello_world_small.o
 .debug_ranges  0x0000000000000080       0x18 c:/intelfpga_lite/18.1/nios2eds/bin/gnu/h-x86_64-mingw32/bin/../lib/gcc/nios2-elf/5.3.0/../../../../../H-x86_64-mingw32/nios2-elf/lib/mno-hw-mul\libsmallc.a(lib_a-puts.o)
 .debug_ranges  0x0000000000000098       0x10 c:/intelfpga_lite/18.1/nios2eds/bin/gnu/h-x86_64-mingw32/bin/../lib/gcc/nios2-elf/5.3.0/../../../../../H-x86_64-mingw32/nios2-elf/lib/mno-hw-mul\libsmallc.a(lib_a-strlen.o)
 .debug_ranges  0x00000000000000a8       0x28 c:/intelfpga_lite/18.1/nios2eds/bin/gnu/h-x86_64-mingw32/bin/../lib/gcc/nios2-elf/5.3.0/../../../../../H-x86_64-mingw32/nios2-elf/lib/mno-hw-mul\libsmallc.a(lib_a-fvwrite_small_dev.o)
 .debug_ranges  0x00000000000000d0       0x10 c:/intelfpga_lite/18.1/nios2eds/bin/gnu/h-x86_64-mingw32/bin/../lib/gcc/nios2-elf/5.3.0/../../../../../H-x86_64-mingw32/nios2-elf/lib/mno-hw-mul\libsmallc.a(lib_a-writer.o)
 .debug_ranges  0x00000000000000e0       0x48 ../FPGA_Racing_bsp/\libhal_bsp.a(alt_load.o)
 .debug_ranges  0x0000000000000128       0x18 ../FPGA_Racing_bsp/\libhal_bsp.a(alt_printf.o)
 .debug_ranges  0x0000000000000140       0x20 ../FPGA_Racing_bsp/\libhal_bsp.a(alt_write.o)
 .debug_ranges  0x0000000000000160       0x18 ../FPGA_Racing_bsp/\libhal_bsp.a(alt_sys_init.o)
 .debug_ranges  0x0000000000000178       0x20 ../FPGA_Racing_bsp/\libhal_bsp.a(alt_dev_llist_insert.o)
 .debug_ranges  0x0000000000000198       0x28 ../FPGA_Racing_bsp/\libhal_bsp.a(alt_irq_entry.o)
 .debug_ranges  0x00000000000001c0       0x10 ../FPGA_Racing_bsp/\libhal_bsp.a(alt_irq_handler.o)
 .debug_ranges  0x00000000000001d0       0x30 ../FPGA_Racing_bsp/\libhal_bsp.a(alt_exception_entry.o)
 .debug_ranges  0x0000000000000200       0x18 ../FPGA_Racing_bsp/\libhal_bsp.a(alt_instruction_exception_entry.o)
 .debug_ranges  0x0000000000000218       0x10 c:/intelfpga_lite/18.1/nios2eds/bin/gnu/h-x86_64-mingw32/bin/../lib/gcc/nios2-elf/5.3.0/../../../../../H-x86_64-mingw32/nios2-elf/lib/mno-hw-mul\libsmallc.a(lib_a-memcmp.o)
